
Discarded input sections

 .text          0x00000000        0x0 C:\Users\uersu\AppData\Local\Temp\ccEZbuTm.ltrans0.ltrans.o
 .data          0x00000000        0x0 C:\Users\uersu\AppData\Local\Temp\ccEZbuTm.ltrans0.ltrans.o
 .bss           0x00000000        0x0 C:\Users\uersu\AppData\Local\Temp\ccEZbuTm.ltrans0.ltrans.o
 .text.abs      0x00000000        0x4 C:\Users\uersu\AppData\Local\Temp\ccEZbuTm.ltrans0.ltrans.o
 .bss.test      0x00000000        0x4 C:\Users\uersu\AppData\Local\Temp\ccEZbuTm.ltrans0.ltrans.o
 .data.NPOT_textures
                0x00000000        0x2 C:\Users\uersu\AppData\Local\Temp\ccEZbuTm.ltrans0.ltrans.o
 .data.realWinWidth
                0x00000000        0x4 C:\Users\uersu\AppData\Local\Temp\ccEZbuTm.ltrans0.ltrans.o
 .data.realWinHeight
                0x00000000        0x4 C:\Users\uersu\AppData\Local\Temp\ccEZbuTm.ltrans0.ltrans.o
 .text.amiga_quit
                0x00000000       0x2c C:\Users\uersu\AppData\Local\Temp\ccEZbuTm.ltrans0.ltrans.o
 .text.tgaHeaderRead
                0x00000000      0x1bc C:\Users\uersu\AppData\Local\Temp\ccEZbuTm.ltrans0.ltrans.o
 .text.tgaLoad  0x00000000      0x1f2 C:\Users\uersu\AppData\Local\Temp\ccEZbuTm.ltrans0.ltrans.o
 .text.tgaLoad8
                0x00000000       0x60 C:\Users\uersu\AppData\Local\Temp\ccEZbuTm.ltrans0.ltrans.o
 .text.tgaLoadPal32
                0x00000000      0x110 C:\Users\uersu\AppData\Local\Temp\ccEZbuTm.ltrans0.ltrans.o
 .text.tgaLoadPalette
                0x00000000       0x34 C:\Users\uersu\AppData\Local\Temp\ccEZbuTm.ltrans0.ltrans.o
 .text.tgaLoadScanline8
                0x00000000       0x6a C:\Users\uersu\AppData\Local\Temp\ccEZbuTm.ltrans0.ltrans.o
 .text.tgaReadWord
                0x00000000       0x5c C:\Users\uersu\AppData\Local\Temp\ccEZbuTm.ltrans0.ltrans.o
 .text.convertString
                0x00000000        0x4 C:\Users\uersu\AppData\Local\Temp\ccEZbuTm.ltrans0.ltrans.o
 .text.WaitLine
                0x00000000       0x3a C:\Users\uersu\AppData\Local\Temp\ccEZbuTm.ltrans0.ltrans.o
 .text.Wait10   0x00000000       0x10 C:\Users\uersu\AppData\Local\Temp\ccEZbuTm.ltrans0.ltrans.o
 .text.Wait11   0x00000000       0x10 C:\Users\uersu\AppData\Local\Temp\ccEZbuTm.ltrans0.ltrans.o
 .text.Wait12   0x00000000       0x10 C:\Users\uersu\AppData\Local\Temp\ccEZbuTm.ltrans0.ltrans.o
 .text.Wait13   0x00000000       0x10 C:\Users\uersu\AppData\Local\Temp\ccEZbuTm.ltrans0.ltrans.o
 .text.loadStatusBars
                0x00000000      0x1fe C:\Users\uersu\AppData\Local\Temp\ccEZbuTm.ltrans0.ltrans.o
 .text.loadSpeech
                0x00000000      0x154 C:\Users\uersu\AppData\Local\Temp\ccEZbuTm.ltrans0.ltrans.o
 .text.loadAnim
                0x00000000      0x15e C:\Users\uersu\AppData\Local\Temp\ccEZbuTm.ltrans0.ltrans.o
 .text.loadCostume
                0x00000000      0x12a C:\Users\uersu\AppData\Local\Temp\ccEZbuTm.ltrans0.ltrans.o
 .text.loadPeople
                0x00000000      0x542 C:\Users\uersu\AppData\Local\Temp\ccEZbuTm.ltrans0.ltrans.o
 .text.getStackFromLibrary
                0x00000000       0x36 C:\Users\uersu\AppData\Local\Temp\ccEZbuTm.ltrans0.ltrans.o
 .text.loadFunction
                0x00000000      0x1c2 C:\Users\uersu\AppData\Local\Temp\ccEZbuTm.ltrans0.ltrans.o
 .text.loadStack
                0x00000000       0xce C:\Users\uersu\AppData\Local\Temp\ccEZbuTm.ltrans0.ltrans.o
 .text.loadStackRef
                0x00000000      0x138 C:\Users\uersu\AppData\Local\Temp\ccEZbuTm.ltrans0.ltrans.o
 .bss.soundOK   0x00000000        0x2 C:\Users\uersu\AppData\Local\Temp\ccEZbuTm.ltrans0.ltrans.o
 .bss.soundCache
                0x00000000       0x70 C:\Users\uersu\AppData\Local\Temp\ccEZbuTm.ltrans0.ltrans.o
 .text.loadSounds
                0x00000000       0x6a C:\Users\uersu\AppData\Local\Temp\ccEZbuTm.ltrans0.ltrans.o
 .text.redValue
                0x00000000       0x1a C:\Users\uersu\AppData\Local\Temp\ccEZbuTm.ltrans0.ltrans.o
 .text.greenValue
                0x00000000       0x1e C:\Users\uersu\AppData\Local\Temp\ccEZbuTm.ltrans0.ltrans.o
 .text.blueValue
                0x00000000       0x1a C:\Users\uersu\AppData\Local\Temp\ccEZbuTm.ltrans0.ltrans.o
 .text.makeGrey
                0x00000000       0x32 C:\Users\uersu\AppData\Local\Temp\ccEZbuTm.ltrans0.ltrans.o
 .text.makeColour
                0x00000000       0x46 C:\Users\uersu\AppData\Local\Temp\ccEZbuTm.ltrans0.ltrans.o
 .bss.backdropTexture
                0x00000000        0x4 C:\Users\uersu\AppData\Local\Temp\ccEZbuTm.ltrans0.ltrans.o
 .bss.lightMapNumber
                0x00000000        0x4 C:\Users\uersu\AppData\Local\Temp\ccEZbuTm.ltrans0.ltrans.o
 .data.viewportHeight
                0x00000000        0x4 C:\Users\uersu\AppData\Local\Temp\ccEZbuTm.ltrans0.ltrans.o
 .data.viewportWidth
                0x00000000        0x4 C:\Users\uersu\AppData\Local\Temp\ccEZbuTm.ltrans0.ltrans.o
 .bss.viewportOffsetX
                0x00000000        0x4 C:\Users\uersu\AppData\Local\Temp\ccEZbuTm.ltrans0.ltrans.o
[...]
Memory Configuration

Name             Origin             Length             Attributes
*default*        0x00000000         0xffffffff

Linker script and memory map

Address of section .text set to 0x0
LOAD C:\Users\uersu\AppData\Local\Temp\ccEZbuTm.ltrans0.ltrans.o
LOAD C:\Users\uersu\AppData\Local\Temp\ccY3IreY.debug.temp.o
LOAD C:\Users\uersu\AppData\Local\Temp\ccIhnX3m.debug.temp.o
LOAD C:\Users\uersu\AppData\Local\Temp\ccKIF6ZL.debug.temp.o
LOAD C:\Users\uersu\AppData\Local\Temp\cc2Vg77a.debug.temp.o
LOAD C:\Users\uersu\AppData\Local\Temp\ccGYsIgz.debug.temp.o
LOAD C:\Users\uersu\AppData\Local\Temp\ccOiSjyX.debug.temp.o
LOAD C:\Users\uersu\AppData\Local\Temp\ccA72SLl.debug.temp.o
LOAD C:\Users\uersu\AppData\Local\Temp\ccM9bZcK.debug.temp.o
LOAD C:\Users\uersu\AppData\Local\Temp\ccgpZIK8.debug.temp.o
LOAD C:\Users\uersu\AppData\Local\Temp\ccmWFDjw.debug.temp.o
LOAD C:\Users\uersu\AppData\Local\Temp\ccYV0BLT.debug.temp.o
LOAD C:\Users\uersu\AppData\Local\Temp\cciwrlmh.debug.temp.o
LOAD C:\Users\uersu\AppData\Local\Temp\cciObtbF.debug.temp.o
LOAD C:\Users\uersu\AppData\Local\Temp\ccCmRe72.debug.temp.o
LOAD C:\Users\uersu\AppData\Local\Temp\cc0ige1q.debug.temp.o
LOAD C:\Users\uersu\AppData\Local\Temp\cckDi1PS.debug.temp.o
LOAD C:\Users\uersu\AppData\Local\Temp\cc04eOJk.debug.temp.o
LOAD C:\Users\uersu\AppData\Local\Temp\ccsPukNM.debug.temp.o
LOAD C:\Users\uersu\AppData\Local\Temp\ccktQaRd.debug.temp.o
LOAD C:\Users\uersu\AppData\Local\Temp\ccmGzj6E.debug.temp.o
LOAD C:\Users\uersu\AppData\Local\Temp\ccCq0Be6.debug.temp.o
LOAD C:\Users\uersu\AppData\Local\Temp\ccKwqPvx.debug.temp.o
LOAD C:\Users\uersu\AppData\Local\Temp\ccUv2M0X.debug.temp.o
LOAD C:\Users\uersu\AppData\Local\Temp\cccjWfFo.debug.temp.o
LOAD C:\Users\uersu\AppData\Local\Temp\ccm6vPcP.debug.temp.o
LOAD C:\Users\uersu\AppData\Local\Temp\ccU5zWTf.debug.temp.o
LOAD C:\Users\uersu\AppData\Local\Temp\cco12aMF.debug.temp.o
LOAD C:\Users\uersu\AppData\Local\Temp\ccSgwGP5.debug.temp.o
LOAD C:\Users\uersu\AppData\Local\Temp\ccgZlF2v.debug.temp.o
LOAD C:\Users\uersu\AppData\Local\Temp\ccaWK2aW.debug.temp.o
LOAD C:\Users\uersu\AppData\Local\Temp\cccDlnsm.debug.temp.o
LOAD C:\Users\uersu\AppData\Local\Temp\ccy2XPtQ.debug.temp.o
LOAD C:\Users\uersu\AppData\Local\Temp\cciI8kok.debug.temp.o
LOAD C:\Users\uersu\AppData\Local\Temp\ccETVowO.debug.temp.o
LOAD C:\Users\uersu\AppData\Local\Temp\ccETuHLi.debug.temp.o
LOAD obj/gcc8_a_support.o
LOAD obj/depacker_doynax.o
LOAD obj/depacker_doynax_vasm.o
                [!provide]                        PROVIDE (__executable_start = SEGMENT_START ("text-segment", 0x80000000))
                0x80000074                        . = (SEGMENT_START ("text-segment", 0x80000000) + SIZEOF_HEADERS)

.interp
 *(.interp)

.note.gnu.build-id
 *(.note.gnu.build-id)

.hash
 *(.hash)

.gnu.hash
 *(.gnu.hash)

.dynsym
 *(.dynsym)

.dynstr
 *(.dynstr)

.gnu.version
 *(.gnu.version)

.gnu.version_d
 *(.gnu.version_d)

.gnu.version_r
 *(.gnu.version_r)

.rela.dyn       0x80000074        0x0
 *(.rela.init)
 *(.rela.text .rela.text.* .rela.gnu.linkonce.t.*)
 *(.rela.fini)
 *(.rela.rodata .rela.rodata.* .rela.gnu.linkonce.r.*)
 *(.rela.data .rela.data.* .rela.gnu.linkonce.d.*)
 *(.rela.tdata .rela.tdata.* .rela.gnu.linkonce.td.*)
 *(.rela.tbss .rela.tbss.* .rela.gnu.linkonce.tb.*)
 *(.rela.ctors)
 *(.rela.dtors)
 *(.rela.got)
 *(.rela.bss .rela.bss.* .rela.gnu.linkonce.b.*)
                [!provide]                        PROVIDE (__rela_iplt_start = .)
 *(.rela.iplt)
                [!provide]                        PROVIDE (__rela_iplt_end = .)

.rela.plt
 *(.rela.plt)

.init
 *(SORT_NONE(.init))

.plt
 *(.plt)

.iplt
 *(.iplt)

.text           0x00000000    0x155fa
 *(.text.unlikely .text.*_unlikely .text.unlikely.*)
 .text.unlikely
                0x00000000       0xb8 C:\Users\uersu\AppData\Local\Temp\ccEZbuTm.ltrans0.ltrans.o
                0x00000000                _start
 *(.text.exit .text.exit.*)
 *(.text.startup .text.startup.*)
 *(.text.hot .text.hot.*)
 *(SORT_BY_NAME(.text.sorted.*))
 *(.text .stub .text.* .gnu.linkonce.t.*)
 .text.copyString
                0x000000b8       0x60 C:\Users\uersu\AppData\Local\Temp\ccEZbuTm.ltrans0.ltrans.o
 .text.decodeFilename
                0x00000118      0x1e6 C:\Users\uersu\AppData\Local\Temp\ccEZbuTm.ltrans0.ltrans.o
 .text.encodeFilename
                0x000002fe      0x392 C:\Users\uersu\AppData\Local\Temp\ccEZbuTm.ltrans0.ltrans.o
 .text.FLOATSwap
                0x00000690       0x2c C:\Users\uersu\AppData\Local\Temp\ccEZbuTm.ltrans0.ltrans.o
 .text.get2bytes
                0x000006bc       0x5c C:\Users\uersu\AppData\Local\Temp\ccEZbuTm.ltrans0.ltrans.o
 .text.get4bytes
                0x00000718       0xc0 C:\Users\uersu\AppData\Local\Temp\ccEZbuTm.ltrans0.ltrans.o
 .text.getFloat
                0x000007d8       0x7c C:\Users\uersu\AppData\Local\Temp\ccEZbuTm.ltrans0.ltrans.o
 .text.getSigned
                0x00000854       0x7c C:\Users\uersu\AppData\Local\Temp\ccEZbuTm.ltrans0.ltrans.o
 .text.put2bytes
                0x000008d0       0x88 C:\Users\uersu\AppData\Local\Temp\ccEZbuTm.ltrans0.ltrans.o
 .text.put4bytes
                0x00000958       0xee C:\Users\uersu\AppData\Local\Temp\ccEZbuTm.ltrans0.ltrans.o
 .text.putFloat
                0x00000a46       0x56 C:\Users\uersu\AppData\Local\Temp\ccEZbuTm.ltrans0.ltrans.o
 .text.putSigned
                0x00000a9c       0x66 C:\Users\uersu\AppData\Local\Temp\ccEZbuTm.ltrans0.ltrans.o
 .text.readString
                0x00000b02       0xa8 C:\Users\uersu\AppData\Local\Temp\ccEZbuTm.ltrans0.ltrans.o
 .text.shortSwap
                0x00000baa       0x2e C:\Users\uersu\AppData\Local\Temp\ccEZbuTm.ltrans0.ltrans.o
 .text.writeString
                0x00000bd8       0x80 C:\Users\uersu\AppData\Local\Temp\ccEZbuTm.ltrans0.ltrans.o
 .text.rand     0x00000c58      0x162 C:\Users\uersu\AppData\Local\Temp\ccEZbuTm.ltrans0.ltrans.o
 .text.pickAnimCursor
                0x00000dba       0x28 C:\Users\uersu\AppData\Local\Temp\ccEZbuTm.ltrans0.ltrans.o
 .text.pasteCursor
                0x00000de2       0x5e C:\Users\uersu\AppData\Local\Temp\ccEZbuTm.ltrans0.ltrans.o
 .text.CstBlankScreen
                0x00000e40      0x14c C:\Users\uersu\AppData\Local\Temp\ccEZbuTm.ltrans0.ltrans.o
 .text.CstCreateCopperlist
                0x00000f8c      0x1da C:\Users\uersu\AppData\Local\Temp\ccEZbuTm.ltrans0.ltrans.o
 .text.CstDisplayBackDrop
                0x00001166      0x1ce C:\Users\uersu\AppData\Local\Temp\ccEZbuTm.ltrans0.ltrans.o
 .text.CstDrawBackdrop
                0x00001334       0x20 C:\Users\uersu\AppData\Local\Temp\ccEZbuTm.ltrans0.ltrans.o
 .text.CstLoadBackdrop
                0x00001354      0x458 C:\Users\uersu\AppData\Local\Temp\ccEZbuTm.ltrans0.ltrans.o
 .text.CstRestoreScreen
                0x000017ac      0x1de C:\Users\uersu\AppData\Local\Temp\ccEZbuTm.ltrans0.ltrans.o
 .text.CstScaleSprite
                0x0000198a      0x928 C:\Users\uersu\AppData\Local\Temp\ccEZbuTm.ltrans0.ltrans.o
 .text.CstSetCl
                0x000022b2       0x18 C:\Users\uersu\AppData\Local\Temp\ccEZbuTm.ltrans0.ltrans.o
 .text.CstSwapBuffer
                0x000022ca      0x14c C:\Users\uersu\AppData\Local\Temp\ccEZbuTm.ltrans0.ltrans.o
 .text.CstReserveBackdrop
                0x00002416      0x36e C:\Users\uersu\AppData\Local\Temp\ccEZbuTm.ltrans0.ltrans.o
 .text.CstFreeBuffer
                0x00002784       0x70 C:\Users\uersu\AppData\Local\Temp\ccEZbuTm.ltrans0.ltrans.o
 .text.drawLine
                0x000027f4      0x182 C:\Users\uersu\AppData\Local\Temp\ccEZbuTm.ltrans0.ltrans.o
 .text.deleteTextures
                0x00002976       0xf4 C:\Users\uersu\AppData\Local\Temp\ccEZbuTm.ltrans0.ltrans.o
 .text.setGraphicsWindow
                0x00002a6a       0x20 C:\Users\uersu\AppData\Local\Temp\ccEZbuTm.ltrans0.ltrans.o
 .text.resourceNameFromNum
                0x00002a8a       0x46 C:\Users\uersu\AppData\Local\Temp\ccEZbuTm.ltrans0.ltrans.o
 .text.main_sludge
                0x00002ad0      0x382 C:\Users\uersu\AppData\Local\Temp\ccEZbuTm.ltrans0.ltrans.o
 .text.setGameFilePath
                0x00002e52      0x23e C:\Users\uersu\AppData\Local\Temp\ccEZbuTm.ltrans0.ltrans.o
 .text.abortFunction
                0x00003090       0xe2 C:\Users\uersu\AppData\Local\Temp\ccEZbuTm.ltrans0.ltrans.o
 .text.cancelAFunction
                0x00003172       0x4c C:\Users\uersu\AppData\Local\Temp\ccEZbuTm.ltrans0.ltrans.o
 .text.completeTimers
                0x000031be       0x2a C:\Users\uersu\AppData\Local\Temp\ccEZbuTm.ltrans0.ltrans.o
 .text.continueFunction
                0x000031e8      0xec2 C:\Users\uersu\AppData\Local\Temp\ccEZbuTm.ltrans0.ltrans.o
 .text.finishFunction
                0x000040aa       0xd4 C:\Users\uersu\AppData\Local\Temp\ccEZbuTm.ltrans0.ltrans.o
 .text.handleInput
                0x0000417e        0x8 C:\Users\uersu\AppData\Local\Temp\ccEZbuTm.ltrans0.ltrans.o
 .text.initSludge
                0x00004186      0x776 C:\Users\uersu\AppData\Local\Temp\ccEZbuTm.ltrans0.ltrans.o
 .text.killSpeechTimers
                0x000048fc       0x44 C:\Users\uersu\AppData\Local\Temp\ccEZbuTm.ltrans0.ltrans.o
 .text.loadFunctionCode
                0x00004940      0x1f2 C:\Users\uersu\AppData\Local\Temp\ccEZbuTm.ltrans0.ltrans.o
 .text.loadHandlers
                0x00004b32       0xa0 C:\Users\uersu\AppData\Local\Temp\ccEZbuTm.ltrans0.ltrans.o
 .text.openAndVerify
                0x00004bd2      0x370 C:\Users\uersu\AppData\Local\Temp\ccEZbuTm.ltrans0.ltrans.o
 .text.pauseFunction
                0x00004f42       0x42 C:\Users\uersu\AppData\Local\Temp\ccEZbuTm.ltrans0.ltrans.o
 .text.restartFunction
                0x00004f84       0x1a C:\Users\uersu\AppData\Local\Temp\ccEZbuTm.ltrans0.ltrans.o
 .text.runSludge
                0x00004f9e      0x118 C:\Users\uersu\AppData\Local\Temp\ccEZbuTm.ltrans0.ltrans.o
 .text.saveHandlers
                0x000050b6       0xaa C:\Users\uersu\AppData\Local\Temp\ccEZbuTm.ltrans0.ltrans.o
 .text.sludgeDisplay
                0x00005160       0x26 C:\Users\uersu\AppData\Local\Temp\ccEZbuTm.ltrans0.ltrans.o
 .text.stackSetByIndex
                0x00005186       0x44 C:\Users\uersu\AppData\Local\Temp\ccEZbuTm.ltrans0.ltrans.o
 .text.startNewFunctionNum
                0x000051ca      0x16e C:\Users\uersu\AppData\Local\Temp\ccEZbuTm.ltrans0.ltrans.o
 .text.finishAccess
                0x00005338        0xa C:\Users\uersu\AppData\Local\Temp\ccEZbuTm.ltrans0.ltrans.o
 .text.getNumberedString
                0x00005342       0xfe C:\Users\uersu\AppData\Local\Temp\ccEZbuTm.ltrans0.ltrans.o
 .text.openFileFromNum
                0x00005440       0xc8 C:\Users\uersu\AppData\Local\Temp\ccEZbuTm.ltrans0.ltrans.o
 .text.openObjectSlice
                0x00005508       0xc0 C:\Users\uersu\AppData\Local\Temp\ccEZbuTm.ltrans0.ltrans.o
 .text.openSubSlice
                0x000055c8       0xc0 C:\Users\uersu\AppData\Local\Temp\ccEZbuTm.ltrans0.ltrans.o
 .text.setFileIndices
                0x00005688      0x2c2 C:\Users\uersu\AppData\Local\Temp\ccEZbuTm.ltrans0.ltrans.o
 .text.GetVBR   0x0000594a       0x70 C:\Users\uersu\AppData\Local\Temp\ccEZbuTm.ltrans0.ltrans.o
 .text.SetInterruptHandler
                0x000059ba       0x12 C:\Users\uersu\AppData\Local\Temp\ccEZbuTm.ltrans0.ltrans.o
 .text.GetInterruptHandler
                0x000059cc        0xc C:\Users\uersu\AppData\Local\Temp\ccEZbuTm.ltrans0.ltrans.o
 .text.TakeSystem
                0x000059d8      0x18c C:\Users\uersu\AppData\Local\Temp\ccEZbuTm.ltrans0.ltrans.o
 .text.FreeSystem
                0x00005b64      0x10e C:\Users\uersu\AppData\Local\Temp\ccEZbuTm.ltrans0.ltrans.o
 .text.main     0x00005c72      0x2d4 C:\Users\uersu\AppData\Local\Temp\ccEZbuTm.ltrans0.ltrans.o
                0x00005c72                main
 .text.addStatusBar
                0x00005f46       0x6a C:\Users\uersu\AppData\Local\Temp\ccEZbuTm.ltrans0.ltrans.o
 .text.clearStatusBar
                0x00005fb0       0x74 C:\Users\uersu\AppData\Local\Temp\ccEZbuTm.ltrans0.ltrans.o
 .text.initStatusBar
                0x00006024       0x34 C:\Users\uersu\AppData\Local\Temp\ccEZbuTm.ltrans0.ltrans.o
 .text.killLastStatus
                0x00006058       0x62 C:\Users\uersu\AppData\Local\Temp\ccEZbuTm.ltrans0.ltrans.o
 .text.positionStatus
                0x000060ba       0x1c C:\Users\uersu\AppData\Local\Temp\ccEZbuTm.ltrans0.ltrans.o
 .text.saveStatusBars
                0x000060d6      0x1f2 C:\Users\uersu\AppData\Local\Temp\ccEZbuTm.ltrans0.ltrans.o
 .text.setLitStatus
                0x000062c8       0x10 C:\Users\uersu\AppData\Local\Temp\ccEZbuTm.ltrans0.ltrans.o
 .text.setStatusBar
                0x000062d8       0x4c C:\Users\uersu\AppData\Local\Temp\ccEZbuTm.ltrans0.ltrans.o
 .text.statusBarText
                0x00006324       0x1e C:\Users\uersu\AppData\Local\Temp\ccEZbuTm.ltrans0.ltrans.o
 .text.addSpeechLine
                0x00006342      0x21e C:\Users\uersu\AppData\Local\Temp\ccEZbuTm.ltrans0.ltrans.o
 .text.initSpeech
                0x00006560       0x7c C:\Users\uersu\AppData\Local\Temp\ccEZbuTm.ltrans0.ltrans.o
 .text.isThereAnySpeechGoingOn
                0x000065dc       0x1c C:\Users\uersu\AppData\Local\Temp\ccEZbuTm.ltrans0.ltrans.o
 .text.killAllSpeech
                0x000065f8       0xce C:\Users\uersu\AppData\Local\Temp\ccEZbuTm.ltrans0.ltrans.o
 .text.makeTalker
                0x000066c6       0x14 C:\Users\uersu\AppData\Local\Temp\ccEZbuTm.ltrans0.ltrans.o
 .text.saveSpeech
                0x000066da      0x14c C:\Users\uersu\AppData\Local\Temp\ccEZbuTm.ltrans0.ltrans.o
 .text.setFrames
                0x00006826       0x4a C:\Users\uersu\AppData\Local\Temp\ccEZbuTm.ltrans0.ltrans.o
 .text.wrapSpeech
                0x00006870      0x118 C:\Users\uersu\AppData\Local\Temp\ccEZbuTm.ltrans0.ltrans.o
 .text.wrapSpeechPerson
                0x00006988      0x11e C:\Users\uersu\AppData\Local\Temp\ccEZbuTm.ltrans0.ltrans.o
 .text.wrapSpeechXY
                0x00006aa6      0x32e C:\Users\uersu\AppData\Local\Temp\ccEZbuTm.ltrans0.ltrans.o
 .text.killZBuffer
                0x00006dd4       0x56 C:\Users\uersu\AppData\Local\Temp\ccEZbuTm.ltrans0.ltrans.o
 .text.setZBuffer
                0x00006e2a      0x41c C:\Users\uersu\AppData\Local\Temp\ccEZbuTm.ltrans0.ltrans.o
 .text.sortZPal
                0x00007246       0xe6 C:\Users\uersu\AppData\Local\Temp\ccEZbuTm.ltrans0.ltrans.o
 .text.forgetSpriteBank
                0x0000732c      0x122 C:\Users\uersu\AppData\Local\Temp\ccEZbuTm.ltrans0.ltrans.o
 .text.loadSpriteBank
                0x0000744e      0x316 C:\Users\uersu\AppData\Local\Temp\ccEZbuTm.ltrans0.ltrans.o
 .text.scaleSprite
                0x00007764       0xa0 C:\Users\uersu\AppData\Local\Temp\ccEZbuTm.ltrans0.ltrans.o
 .text.TF_abs   0x00007804        0xa C:\Users\uersu\AppData\Local\Temp\ccEZbuTm.ltrans0.ltrans.o
 .text.addPerson
                0x0000780e      0x274 C:\Users\uersu\AppData\Local\Temp\ccEZbuTm.ltrans0.ltrans.o
 .text.animatePerson
                0x00007a82       0x4a C:\Users\uersu\AppData\Local\Temp\ccEZbuTm.ltrans0.ltrans.o
 .text.animatePersonUsingPersona
                0x00007acc       0x58 C:\Users\uersu\AppData\Local\Temp\ccEZbuTm.ltrans0.ltrans.o
 .text.copyAnim
                0x00007b24      0x1aa C:\Users\uersu\AppData\Local\Temp\ccEZbuTm.ltrans0.ltrans.o
 .text.createPersonaAnim
                0x00007cce      0x222 C:\Users\uersu\AppData\Local\Temp\ccEZbuTm.ltrans0.ltrans.o
 .text.deleteAnim
                0x00007ef0       0x7c C:\Users\uersu\AppData\Local\Temp\ccEZbuTm.ltrans0.ltrans.o
 .text.doBorderStuff
                0x00007f6c      0x6ba C:\Users\uersu\AppData\Local\Temp\ccEZbuTm.ltrans0.ltrans.o
 .text.drawPeople
                0x00008626      0x554 C:\Users\uersu\AppData\Local\Temp\ccEZbuTm.ltrans0.ltrans.o
 .text.findPerson
                0x00008b7a       0x2e C:\Users\uersu\AppData\Local\Temp\ccEZbuTm.ltrans0.ltrans.o
 .text.floatCharacter
                0x00008ba8       0x24 C:\Users\uersu\AppData\Local\Temp\ccEZbuTm.ltrans0.ltrans.o
 .text.forceWalkingPerson
                0x00008bcc       0xaa C:\Users\uersu\AppData\Local\Temp\ccEZbuTm.ltrans0.ltrans.o
 .text.handleClosestPoint
                0x00008c76      0x240 C:\Users\uersu\AppData\Local\Temp\ccEZbuTm.ltrans0.ltrans.o
 .text.initPeople
                0x00008eb6       0x1e C:\Users\uersu\AppData\Local\Temp\ccEZbuTm.ltrans0.ltrans.o
 .text.jumpPerson
                0x00008ed4       0x90 C:\Users\uersu\AppData\Local\Temp\ccEZbuTm.ltrans0.ltrans.o
 .text.killAllPeople
                0x00008f64       0x82 C:\Users\uersu\AppData\Local\Temp\ccEZbuTm.ltrans0.ltrans.o
 .text.killMostPeople
                0x00008fe6       0xaa C:\Users\uersu\AppData\Local\Temp\ccEZbuTm.ltrans0.ltrans.o
 .text.makeSilent
                0x00009090       0x14 C:\Users\uersu\AppData\Local\Temp\ccEZbuTm.ltrans0.ltrans.o
 .text.makeWalkingPerson
                0x000090a4      0x1b8 C:\Users\uersu\AppData\Local\Temp\ccEZbuTm.ltrans0.ltrans.o
 .text.makeNullAnim
                0x0000925c       0x66 C:\Users\uersu\AppData\Local\Temp\ccEZbuTm.ltrans0.ltrans.o
 .text.moveAndScale
                0x000092c2       0x7e C:\Users\uersu\AppData\Local\Temp\ccEZbuTm.ltrans0.ltrans.o
 .text.removeOneCharacter
                0x00009340      0x100 C:\Users\uersu\AppData\Local\Temp\ccEZbuTm.ltrans0.ltrans.o
 .text.rethinkAngle
                0x00009440       0x86 C:\Users\uersu\AppData\Local\Temp\ccEZbuTm.ltrans0.ltrans.o
 .text.saveAnim
                0x000094c6       0xca C:\Users\uersu\AppData\Local\Temp\ccEZbuTm.ltrans0.ltrans.o
 .text.saveCostume
                0x00009590       0x5e C:\Users\uersu\AppData\Local\Temp\ccEZbuTm.ltrans0.ltrans.o
 .text.savePeople
                0x000095ee      0x4e2 C:\Users\uersu\AppData\Local\Temp\ccEZbuTm.ltrans0.ltrans.o
 .text.setBankFile
                0x00009ad0        0xc C:\Users\uersu\AppData\Local\Temp\ccEZbuTm.ltrans0.ltrans.o
 .text.setDrawMode
                0x00009adc       0x2a C:\Users\uersu\AppData\Local\Temp\ccEZbuTm.ltrans0.ltrans.o
 .text.setMyDrawMode
                0x00009b06      0x51c C:\Users\uersu\AppData\Local\Temp\ccEZbuTm.ltrans0.ltrans.o
 .text.shufflePeople
                0x0000a022       0xf0 C:\Users\uersu\AppData\Local\Temp\ccEZbuTm.ltrans0.ltrans.o
 .text.setCharacterWalkSpeed
                0x0000a112       0x2e C:\Users\uersu\AppData\Local\Temp\ccEZbuTm.ltrans0.ltrans.o
 .text.setPersonExtra
                0x0000a140       0x36 C:\Users\uersu\AppData\Local\Temp\ccEZbuTm.ltrans0.ltrans.o
 .text.setScale
                0x0000a176       0x28 C:\Users\uersu\AppData\Local\Temp\ccEZbuTm.ltrans0.ltrans.o
 .text.setShown
                0x0000a19e       0x2e C:\Users\uersu\AppData\Local\Temp\ccEZbuTm.ltrans0.ltrans.o
 .text.spinStep
                0x0000a1cc       0xde C:\Users\uersu\AppData\Local\Temp\ccEZbuTm.ltrans0.ltrans.o
 .text.stopPerson
                0x0000a2aa       0x54 C:\Users\uersu\AppData\Local\Temp\ccEZbuTm.ltrans0.ltrans.o
 .text.timeForAnim
                0x0000a2fe       0x3e C:\Users\uersu\AppData\Local\Temp\ccEZbuTm.ltrans0.ltrans.o
 .text.turnMeAngle
                0x0000a33c       0x7a C:\Users\uersu\AppData\Local\Temp\ccEZbuTm.ltrans0.ltrans.o
 .text.turnPersonToFace
                0x0000a3b6       0x76 C:\Users\uersu\AppData\Local\Temp\ccEZbuTm.ltrans0.ltrans.o
 .text.walkMe   0x0000a42c      0x2f0 C:\Users\uersu\AppData\Local\Temp\ccEZbuTm.ltrans0.ltrans.o
 .text.loadBankForAnim
                0x0000a71c       0xfe C:\Users\uersu\AppData\Local\Temp\ccEZbuTm.ltrans0.ltrans.o
 .text.clearStackLib
                0x0000a81a       0x4a C:\Users\uersu\AppData\Local\Temp\ccEZbuTm.ltrans0.ltrans.o
 .text.loadGame
                0x0000a864      0x300 C:\Users\uersu\AppData\Local\Temp\ccEZbuTm.ltrans0.ltrans.o
 .text.saveFunction
                0x0000ab64      0x1b8 C:\Users\uersu\AppData\Local\Temp\ccEZbuTm.ltrans0.ltrans.o
 .text.saveGame
                0x0000ad1c      0x578 C:\Users\uersu\AppData\Local\Temp\ccEZbuTm.ltrans0.ltrans.o
 .text.saveStack
                0x0000b294       0x64 C:\Users\uersu\AppData\Local\Temp\ccEZbuTm.ltrans0.ltrans.o
 .text.saveStackRef
                0x0000b2f8      0x128 C:\Users\uersu\AppData\Local\Temp\ccEZbuTm.ltrans0.ltrans.o
 .text.saveVariable
                0x0000b420      0x130 C:\Users\uersu\AppData\Local\Temp\ccEZbuTm.ltrans0.ltrans.o
 .text.cacheSound
                0x0000b550        0x4 C:\Users\uersu\AppData\Local\Temp\ccEZbuTm.ltrans0.ltrans.o
 .text.huntKillFreeSound
                0x0000b554        0x4 C:\Users\uersu\AppData\Local\Temp\ccEZbuTm.ltrans0.ltrans.o
 .text.huntKillSound
                0x0000b558        0x4 C:\Users\uersu\AppData\Local\Temp\ccEZbuTm.ltrans0.ltrans.o
 .text.playMOD  0x0000b55c        0x4 C:\Users\uersu\AppData\Local\Temp\ccEZbuTm.ltrans0.ltrans.o
 .text.playSoundList
                0x0000b560        0x4 C:\Users\uersu\AppData\Local\Temp\ccEZbuTm.ltrans0.ltrans.o
 .text.saveSounds
                0x0000b564       0x5e C:\Users\uersu\AppData\Local\Temp\ccEZbuTm.ltrans0.ltrans.o
 .text.setDefaultMusicVolume
                0x0000b5c2        0xc C:\Users\uersu\AppData\Local\Temp\ccEZbuTm.ltrans0.ltrans.o
 .text.setDefaultSoundVolume
                0x0000b5ce        0xc C:\Users\uersu\AppData\Local\Temp\ccEZbuTm.ltrans0.ltrans.o
 .text.setSoundLoop
                0x0000b5da        0x4 C:\Users\uersu\AppData\Local\Temp\ccEZbuTm.ltrans0.ltrans.o
 .text.setMusicVolume
                0x0000b5de        0x4 C:\Users\uersu\AppData\Local\Temp\ccEZbuTm.ltrans0.ltrans.o
 .text.setSoundVolume
                0x0000b5e2        0x4 C:\Users\uersu\AppData\Local\Temp\ccEZbuTm.ltrans0.ltrans.o
 .text.startSound
                0x0000b5e6       0x12 C:\Users\uersu\AppData\Local\Temp\ccEZbuTm.ltrans0.ltrans.o
 .text.stopMOD  0x0000b5f8        0x4 C:\Users\uersu\AppData\Local\Temp\ccEZbuTm.ltrans0.ltrans.o
 .text.blankScreen
                0x0000b5fc       0x14 C:\Users\uersu\AppData\Local\Temp\ccEZbuTm.ltrans0.ltrans.o
 .text.darkScreen
                0x0000b610       0x12 C:\Users\uersu\AppData\Local\Temp\ccEZbuTm.ltrans0.ltrans.o
 .text.drawHorizontalLine
                0x0000b622       0x26 C:\Users\uersu\AppData\Local\Temp\ccEZbuTm.ltrans0.ltrans.o
 .text.drawVerticalLine
                0x0000b648       0x26 C:\Users\uersu\AppData\Local\Temp\ccEZbuTm.ltrans0.ltrans.o
 .text.hardScroll
                0x0000b66e       0x12 C:\Users\uersu\AppData\Local\Temp\ccEZbuTm.ltrans0.ltrans.o
 .text.killBackDrop
                0x0000b680       0x28 C:\Users\uersu\AppData\Local\Temp\ccEZbuTm.ltrans0.ltrans.o
 .text.killParallax
                0x0000b6a8       0x86 C:\Users\uersu\AppData\Local\Temp\ccEZbuTm.ltrans0.ltrans.o
 .text.loadBackDrop
                0x0000b72e       0x42 C:\Users\uersu\AppData\Local\Temp\ccEZbuTm.ltrans0.ltrans.o
 .text.loadParallax
                0x0000b770       0x34 C:\Users\uersu\AppData\Local\Temp\ccEZbuTm.ltrans0.ltrans.o
 .text.mixBackDrop
                0x0000b7a4       0x12 C:\Users\uersu\AppData\Local\Temp\ccEZbuTm.ltrans0.ltrans.o
 .text.nosnapshot
                0x0000b7b6       0x1c C:\Users\uersu\AppData\Local\Temp\ccEZbuTm.ltrans0.ltrans.o
 .text.reserveBackdrop
                0x0000b7d2       0x1c C:\Users\uersu\AppData\Local\Temp\ccEZbuTm.ltrans0.ltrans.o
 .text.resizeBackdrop
                0x0000b7ee       0x3c C:\Users\uersu\AppData\Local\Temp\ccEZbuTm.ltrans0.ltrans.o
 .text.restoreSnapshot
                0x0000b82a       0x26 C:\Users\uersu\AppData\Local\Temp\ccEZbuTm.ltrans0.ltrans.o
 .text.saveParallaxRecursive
                0x0000b850       0xae C:\Users\uersu\AppData\Local\Temp\ccEZbuTm.ltrans0.ltrans.o
 .text.snapshot
                0x0000b8fe       0x12 C:\Users\uersu\AppData\Local\Temp\ccEZbuTm.ltrans0.ltrans.o
 .text.findObjectType
                0x0000b910       0x34 C:\Users\uersu\AppData\Local\Temp\ccEZbuTm.ltrans0.ltrans.o
 .text.getCombinationFunction
                0x0000b944       0x66 C:\Users\uersu\AppData\Local\Temp\ccEZbuTm.ltrans0.ltrans.o
 .text.initObjectTypes
                0x0000b9aa        0x4 C:\Users\uersu\AppData\Local\Temp\ccEZbuTm.ltrans0.ltrans.o
 .text.loadObjectRef
                0x0000b9ae       0x52 C:\Users\uersu\AppData\Local\Temp\ccEZbuTm.ltrans0.ltrans.o
 .text.loadObjectType
                0x0000ba00      0x2b8 C:\Users\uersu\AppData\Local\Temp\ccEZbuTm.ltrans0.ltrans.o
 .text.removeObjectType
                0x0000bcb8       0xa0 C:\Users\uersu\AppData\Local\Temp\ccEZbuTm.ltrans0.ltrans.o
 .text.saveObjectRef
                0x0000bd58       0x2e C:\Users\uersu\AppData\Local\Temp\ccEZbuTm.ltrans0.ltrans.o
 .text.fileToStack
                0x0000bd86      0x36e C:\Users\uersu\AppData\Local\Temp\ccEZbuTm.ltrans0.ltrans.o
 .text.readStringEncoded
                0x0000c0f4       0xc6 C:\Users\uersu\AppData\Local\Temp\ccEZbuTm.ltrans0.ltrans.o
 .text.readTextPlain
                0x0000c1ba      0x192 C:\Users\uersu\AppData\Local\Temp\ccEZbuTm.ltrans0.ltrans.o
 .text.stackToFile
                0x0000c34c      0x316 C:\Users\uersu\AppData\Local\Temp\ccEZbuTm.ltrans0.ltrans.o
 .text.writeStringEncoded
                0x0000c662       0x9a C:\Users\uersu\AppData\Local\Temp\ccEZbuTm.ltrans0.ltrans.o
 .text.failSecurityCheck
                0x0000c6fc       0x8e C:\Users\uersu\AppData\Local\Temp\ccEZbuTm.ltrans0.ltrans.o
 .text.sayCore  0x0000c78a      0x160 C:\Users\uersu\AppData\Local\Temp\ccEZbuTm.ltrans0.ltrans.o
 .text.builtIn_say
                0x0000c8ea       0x18 C:\Users\uersu\AppData\Local\Temp\ccEZbuTm.ltrans0.ltrans.o
 .text.builtIn_think
                0x0000c902       0x16 C:\Users\uersu\AppData\Local\Temp\ccEZbuTm.ltrans0.ltrans.o
 .text.builtIn_freeze
                0x0000c918        0x4 C:\Users\uersu\AppData\Local\Temp\ccEZbuTm.ltrans0.ltrans.o
 .text.builtIn_unfreeze
                0x0000c91c        0x4 C:\Users\uersu\AppData\Local\Temp\ccEZbuTm.ltrans0.ltrans.o
 .text.builtIn_howFrozen
                0x0000c920        0x4 C:\Users\uersu\AppData\Local\Temp\ccEZbuTm.ltrans0.ltrans.o
 .text.builtIn_setCursor
                0x0000c924       0x36 C:\Users\uersu\AppData\Local\Temp\ccEZbuTm.ltrans0.ltrans.o
 .text.builtIn_getMouseX
                0x0000c95a       0x2a C:\Users\uersu\AppData\Local\Temp\ccEZbuTm.ltrans0.ltrans.o
 .text.builtIn_getMouseY
                0x0000c984       0x2a C:\Users\uersu\AppData\Local\Temp\ccEZbuTm.ltrans0.ltrans.o
 .text.builtIn_getMouseScreenX
                0x0000c9ae       0x4c C:\Users\uersu\AppData\Local\Temp\ccEZbuTm.ltrans0.ltrans.o
 .text.builtIn_getMouseScreenY
                0x0000c9fa       0x4c C:\Users\uersu\AppData\Local\Temp\ccEZbuTm.ltrans0.ltrans.o
 .text.builtIn_getStatusText
                0x0000ca46       0x1e C:\Users\uersu\AppData\Local\Temp\ccEZbuTm.ltrans0.ltrans.o
 .text.builtIn_getMatchingFiles
                0x0000ca64       0xee C:\Users\uersu\AppData\Local\Temp\ccEZbuTm.ltrans0.ltrans.o
 .text.builtIn_saveGame
                0x0000cb52       0xc6 C:\Users\uersu\AppData\Local\Temp\ccEZbuTm.ltrans0.ltrans.o
 .text.builtIn_fileExists
                0x0000cc18      0x11c C:\Users\uersu\AppData\Local\Temp\ccEZbuTm.ltrans0.ltrans.o
 .text.builtIn_loadGame
                0x0000cd34       0xe8 C:\Users\uersu\AppData\Local\Temp\ccEZbuTm.ltrans0.ltrans.o
 .text.builtIn_blankScreen
                0x0000ce1c       0x24 C:\Users\uersu\AppData\Local\Temp\ccEZbuTm.ltrans0.ltrans.o
 .text.builtIn_blankArea
                0x0000ce40      0x108 C:\Users\uersu\AppData\Local\Temp\ccEZbuTm.ltrans0.ltrans.o
 .text.builtIn_darkBackground
                0x0000cf48        0xa C:\Users\uersu\AppData\Local\Temp\ccEZbuTm.ltrans0.ltrans.o
 .text.builtIn_addOverlay
                0x0000cf52       0xca C:\Users\uersu\AppData\Local\Temp\ccEZbuTm.ltrans0.ltrans.o
 .text.builtIn_mixOverlay
                0x0000d01c       0xca C:\Users\uersu\AppData\Local\Temp\ccEZbuTm.ltrans0.ltrans.o
 .text.builtIn_pasteImage
                0x0000d0e6       0xc2 C:\Users\uersu\AppData\Local\Temp\ccEZbuTm.ltrans0.ltrans.o
 .text.builtIn_setSceneDimensions
                0x0000d1a8       0xb6 C:\Users\uersu\AppData\Local\Temp\ccEZbuTm.ltrans0.ltrans.o
 .text.builtIn_aimCamera
                0x0000d25e      0x2b4 C:\Users\uersu\AppData\Local\Temp\ccEZbuTm.ltrans0.ltrans.o
 .text.builtIn_zoomCamera
                0x0000d512      0x22c C:\Users\uersu\AppData\Local\Temp\ccEZbuTm.ltrans0.ltrans.o
 .text.builtIn_pickOne
                0x0000d73e       0x7e C:\Users\uersu\AppData\Local\Temp\ccEZbuTm.ltrans0.ltrans.o
 .text.builtIn_substring
                0x0000d7bc      0x1b2 C:\Users\uersu\AppData\Local\Temp\ccEZbuTm.ltrans0.ltrans.o
 .text.builtIn_stringLength
                0x0000d96e       0x6e C:\Users\uersu\AppData\Local\Temp\ccEZbuTm.ltrans0.ltrans.o
 .text.builtIn_newStack
                0x0000d9dc       0xf8 C:\Users\uersu\AppData\Local\Temp\ccEZbuTm.ltrans0.ltrans.o
 .text.builtIn_stackSize
                0x0000dad4       0xaa C:\Users\uersu\AppData\Local\Temp\ccEZbuTm.ltrans0.ltrans.o
 .text.builtIn_copyStack
                0x0000db7e       0x58 C:\Users\uersu\AppData\Local\Temp\ccEZbuTm.ltrans0.ltrans.o
 .text.builtIn_pushToStack
                0x0000dbd6       0xb8 C:\Users\uersu\AppData\Local\Temp\ccEZbuTm.ltrans0.ltrans.o
 .text.builtIn_enqueue
                0x0000dc8e      0x118 C:\Users\uersu\AppData\Local\Temp\ccEZbuTm.ltrans0.ltrans.o
 .text.builtIn_deleteFromStack
                0x0000dda6       0xc4 C:\Users\uersu\AppData\Local\Temp\ccEZbuTm.ltrans0.ltrans.o
 .text.builtIn_deleteAllFromStack
                0x0000de6a       0xc6 C:\Users\uersu\AppData\Local\Temp\ccEZbuTm.ltrans0.ltrans.o
 .text.builtIn_popFromStack
                0x0000df30       0x8e C:\Users\uersu\AppData\Local\Temp\ccEZbuTm.ltrans0.ltrans.o
 .text.builtIn_peekStart
                0x0000dfbe       0x78 C:\Users\uersu\AppData\Local\Temp\ccEZbuTm.ltrans0.ltrans.o
 .text.builtIn_peekEnd
                0x0000e036       0x7a C:\Users\uersu\AppData\Local\Temp\ccEZbuTm.ltrans0.ltrans.o
 .text.builtIn_random
                0x0000e0b0       0x76 C:\Users\uersu\AppData\Local\Temp\ccEZbuTm.ltrans0.ltrans.o
 .text.builtIn_setStatusColour
                0x0000e126        0x4 C:\Users\uersu\AppData\Local\Temp\ccEZbuTm.ltrans0.ltrans.o
 .text.builtIn_setLitStatusColour
                0x0000e12a        0x4 C:\Users\uersu\AppData\Local\Temp\ccEZbuTm.ltrans0.ltrans.o
 .text.builtIn_setPasteColour
                0x0000e12e        0x4 C:\Users\uersu\AppData\Local\Temp\ccEZbuTm.ltrans0.ltrans.o
 .text.builtIn_setBlankColour
                0x0000e132        0x4 C:\Users\uersu\AppData\Local\Temp\ccEZbuTm.ltrans0.ltrans.o
 .text.builtIn_setBurnColour
                0x0000e136        0x4 C:\Users\uersu\AppData\Local\Temp\ccEZbuTm.ltrans0.ltrans.o
 .text.builtIn_setFont
                0x0000e13a       0xe4 C:\Users\uersu\AppData\Local\Temp\ccEZbuTm.ltrans0.ltrans.o
 .text.builtIn_inFont
                0x0000e21e       0x56 C:\Users\uersu\AppData\Local\Temp\ccEZbuTm.ltrans0.ltrans.o
 .text.builtIn_pasteString
                0x0000e274       0xe8 C:\Users\uersu\AppData\Local\Temp\ccEZbuTm.ltrans0.ltrans.o
 .text.builtIn_anim
                0x0000e35c       0xb4 C:\Users\uersu\AppData\Local\Temp\ccEZbuTm.ltrans0.ltrans.o
 .text.builtIn_costume
                0x0000e410      0x12c C:\Users\uersu\AppData\Local\Temp\ccEZbuTm.ltrans0.ltrans.o
 .text.builtIn_launch
                0x0000e53c      0x15a C:\Users\uersu\AppData\Local\Temp\ccEZbuTm.ltrans0.ltrans.o
 .text.builtIn_pause
                0x0000e696       0x5a C:\Users\uersu\AppData\Local\Temp\ccEZbuTm.ltrans0.ltrans.o
 .text.builtIn_completeTimers
                0x0000e6f0        0xa C:\Users\uersu\AppData\Local\Temp\ccEZbuTm.ltrans0.ltrans.o
 .text.builtIn_callEvent
                0x0000e6fa       0xc8 C:\Users\uersu\AppData\Local\Temp\ccEZbuTm.ltrans0.ltrans.o
 .text.builtIn_quitGame
                0x0000e7c2        0xc C:\Users\uersu\AppData\Local\Temp\ccEZbuTm.ltrans0.ltrans.o
 .text.builtIn__rem_movieStart
                0x0000e7ce       0x22 C:\Users\uersu\AppData\Local\Temp\ccEZbuTm.ltrans0.ltrans.o
 .text.builtIn__rem_movieAbort
                0x0000e7f0       0x12 C:\Users\uersu\AppData\Local\Temp\ccEZbuTm.ltrans0.ltrans.o
 .text.builtIn__rem_moviePlaying
                0x0000e802       0x12 C:\Users\uersu\AppData\Local\Temp\ccEZbuTm.ltrans0.ltrans.o
 .text.builtIn_playMovie
                0x0000e814       0x12 C:\Users\uersu\AppData\Local\Temp\ccEZbuTm.ltrans0.ltrans.o
 .text.builtIn_stopMovie
                0x0000e826       0x12 C:\Users\uersu\AppData\Local\Temp\ccEZbuTm.ltrans0.ltrans.o
 .text.builtIn_pauseMovie
                0x0000e838       0x12 C:\Users\uersu\AppData\Local\Temp\ccEZbuTm.ltrans0.ltrans.o
 .text.builtIn_startMusic
                0x0000e84a       0xd2 C:\Users\uersu\AppData\Local\Temp\ccEZbuTm.ltrans0.ltrans.o
 .text.builtIn_stopMusic
                0x0000e91c       0x4a C:\Users\uersu\AppData\Local\Temp\ccEZbuTm.ltrans0.ltrans.o
 .text.builtIn_setMusicVolume
                0x0000e966       0x86 C:\Users\uersu\AppData\Local\Temp\ccEZbuTm.ltrans0.ltrans.o
 .text.builtIn_setDefaultMusicVolume
                0x0000e9ec       0x4a C:\Users\uersu\AppData\Local\Temp\ccEZbuTm.ltrans0.ltrans.o
 .text.builtIn_playSound
                0x0000ea36       0x54 C:\Users\uersu\AppData\Local\Temp\ccEZbuTm.ltrans0.ltrans.o
 .text.builtIn_loopSound
                0x0000ea8a      0x1e4 C:\Users\uersu\AppData\Local\Temp\ccEZbuTm.ltrans0.ltrans.o
 .text.builtIn_stopSound
                0x0000ec6e       0x4a C:\Users\uersu\AppData\Local\Temp\ccEZbuTm.ltrans0.ltrans.o
 .text.builtIn_setDefaultSoundVolume
                0x0000ecb8       0x4a C:\Users\uersu\AppData\Local\Temp\ccEZbuTm.ltrans0.ltrans.o
 .text.builtIn_setSoundVolume
                0x0000ed02       0x86 C:\Users\uersu\AppData\Local\Temp\ccEZbuTm.ltrans0.ltrans.o
 .text.builtIn_setSoundLoopPoints
                0x0000ed88       0xca C:\Users\uersu\AppData\Local\Temp\ccEZbuTm.ltrans0.ltrans.o
 .text.builtIn_setFloor
                0x0000ee52       0x70 C:\Users\uersu\AppData\Local\Temp\ccEZbuTm.ltrans0.ltrans.o
 .text.builtIn_showFloor
                0x0000eec2        0xa C:\Users\uersu\AppData\Local\Temp\ccEZbuTm.ltrans0.ltrans.o
 .text.builtIn_setZBuffer
                0x0000eecc       0x70 C:\Users\uersu\AppData\Local\Temp\ccEZbuTm.ltrans0.ltrans.o
 .text.builtIn_setLightMap
                0x0000ef3c       0x12 C:\Users\uersu\AppData\Local\Temp\ccEZbuTm.ltrans0.ltrans.o
 .text.builtIn_setSpeechMode
                0x0000ef4e       0x60 C:\Users\uersu\AppData\Local\Temp\ccEZbuTm.ltrans0.ltrans.o
 .text.builtIn_somethingSpeaking
                0x0000efae       0x48 C:\Users\uersu\AppData\Local\Temp\ccEZbuTm.ltrans0.ltrans.o
 .text.builtIn_skipSpeech
                0x0000eff6        0xa C:\Users\uersu\AppData\Local\Temp\ccEZbuTm.ltrans0.ltrans.o
 .text.builtIn_getOverObject
                0x0000f000       0x4c C:\Users\uersu\AppData\Local\Temp\ccEZbuTm.ltrans0.ltrans.o
 .text.builtIn_rename
                0x0000f04c       0xa4 C:\Users\uersu\AppData\Local\Temp\ccEZbuTm.ltrans0.ltrans.o
 .text.builtIn_getObjectX
                0x0000f0f0       0xce C:\Users\uersu\AppData\Local\Temp\ccEZbuTm.ltrans0.ltrans.o
 .text.builtIn_getObjectY
                0x0000f1be       0xd0 C:\Users\uersu\AppData\Local\Temp\ccEZbuTm.ltrans0.ltrans.o
 .text.builtIn_addScreenRegion
                0x0000f28e      0x214 C:\Users\uersu\AppData\Local\Temp\ccEZbuTm.ltrans0.ltrans.o
 .text.builtIn_removeScreenRegion
                0x0000f4a2       0x4a C:\Users\uersu\AppData\Local\Temp\ccEZbuTm.ltrans0.ltrans.o
 .text.builtIn_showBoxes
                0x0000f4ec        0xa C:\Users\uersu\AppData\Local\Temp\ccEZbuTm.ltrans0.ltrans.o
 .text.builtIn_removeAllScreenRegions
                0x0000f4f6        0xa C:\Users\uersu\AppData\Local\Temp\ccEZbuTm.ltrans0.ltrans.o
 .text.builtIn_addCharacter
                0x0000f500      0x104 C:\Users\uersu\AppData\Local\Temp\ccEZbuTm.ltrans0.ltrans.o
 .text.builtIn_hideCharacter
                0x0000f604       0x4c C:\Users\uersu\AppData\Local\Temp\ccEZbuTm.ltrans0.ltrans.o
 .text.builtIn_showCharacter
                0x0000f650       0x4e C:\Users\uersu\AppData\Local\Temp\ccEZbuTm.ltrans0.ltrans.o
 .text.builtIn_removeAllCharacters
                0x0000f69e       0x10 C:\Users\uersu\AppData\Local\Temp\ccEZbuTm.ltrans0.ltrans.o
 .text.builtIn_setCharacterDrawMode
                0x0000f6ae       0x86 C:\Users\uersu\AppData\Local\Temp\ccEZbuTm.ltrans0.ltrans.o
 .text.builtIn_setCharacterTransparency
                0x0000f734       0x12 C:\Users\uersu\AppData\Local\Temp\ccEZbuTm.ltrans0.ltrans.o
 .text.builtIn_setCharacterColourise
                0x0000f746       0x12 C:\Users\uersu\AppData\Local\Temp\ccEZbuTm.ltrans0.ltrans.o
 .text.builtIn_setScale
                0x0000f758       0x8e C:\Users\uersu\AppData\Local\Temp\ccEZbuTm.ltrans0.ltrans.o
 .text.builtIn_stopCharacter
                0x0000f7e6       0x64 C:\Users\uersu\AppData\Local\Temp\ccEZbuTm.ltrans0.ltrans.o
 .text.builtIn_pasteCharacter
                0x0000f84a       0x12 C:\Users\uersu\AppData\Local\Temp\ccEZbuTm.ltrans0.ltrans.o
 .text.builtIn_animate
                0x0000f85c       0xa0 C:\Users\uersu\AppData\Local\Temp\ccEZbuTm.ltrans0.ltrans.o
 .text.builtIn_setCostume
                0x0000f8fc       0x7a C:\Users\uersu\AppData\Local\Temp\ccEZbuTm.ltrans0.ltrans.o
 .text.builtIn_floatCharacter
                0x0000f976       0xa0 C:\Users\uersu\AppData\Local\Temp\ccEZbuTm.ltrans0.ltrans.o
 .text.builtIn_setCharacterWalkSpeed
                0x0000fa16       0xa0 C:\Users\uersu\AppData\Local\Temp\ccEZbuTm.ltrans0.ltrans.o
 .text.builtIn_turnCharacter
                0x0000fab6       0xa0 C:\Users\uersu\AppData\Local\Temp\ccEZbuTm.ltrans0.ltrans.o
 .text.builtIn_setCharacterExtra
                0x0000fb56       0xa0 C:\Users\uersu\AppData\Local\Temp\ccEZbuTm.ltrans0.ltrans.o
 .text.builtIn_removeCharacter
                0x0000fbf6       0x4a C:\Users\uersu\AppData\Local\Temp\ccEZbuTm.ltrans0.ltrans.o
 .text.moveChr  0x0000fc40      0x2ae C:\Users\uersu\AppData\Local\Temp\ccEZbuTm.ltrans0.ltrans.o
 .text.builtIn_moveCharacter
                0x0000feee       0x18 C:\Users\uersu\AppData\Local\Temp\ccEZbuTm.ltrans0.ltrans.o
 .text.builtIn_forceCharacter
                0x0000ff06       0x1a C:\Users\uersu\AppData\Local\Temp\ccEZbuTm.ltrans0.ltrans.o
 .text.builtIn_jumpCharacter
                0x0000ff20       0x1a C:\Users\uersu\AppData\Local\Temp\ccEZbuTm.ltrans0.ltrans.o
 .text.builtIn_clearStatus
                0x0000ff3a        0xa C:\Users\uersu\AppData\Local\Temp\ccEZbuTm.ltrans0.ltrans.o
 .text.builtIn_removeLastStatus
                0x0000ff44        0xa C:\Users\uersu\AppData\Local\Temp\ccEZbuTm.ltrans0.ltrans.o
 .text.builtIn_addStatus
                0x0000ff4e        0xa C:\Users\uersu\AppData\Local\Temp\ccEZbuTm.ltrans0.ltrans.o
 .text.builtIn_statusText
                0x0000ff58       0x5a C:\Users\uersu\AppData\Local\Temp\ccEZbuTm.ltrans0.ltrans.o
 .text.builtIn_lightStatus
                0x0000ffb2       0x4a C:\Users\uersu\AppData\Local\Temp\ccEZbuTm.ltrans0.ltrans.o
 .text.builtIn_positionStatus
                0x0000fffc       0x86 C:\Users\uersu\AppData\Local\Temp\ccEZbuTm.ltrans0.ltrans.o
 .text.builtIn_alignStatus
                0x00010082       0x4c C:\Users\uersu\AppData\Local\Temp\ccEZbuTm.ltrans0.ltrans.o
 .text.getFuncNumForCallback
                0x000100ce       0x62 C:\Users\uersu\AppData\Local\Temp\ccEZbuTm.ltrans0.ltrans.o
 .text.builtIn_onLeftMouse
                0x00010130       0x30 C:\Users\uersu\AppData\Local\Temp\ccEZbuTm.ltrans0.ltrans.o
 .text.builtIn_onLeftMouseUp
                0x00010160       0x32 C:\Users\uersu\AppData\Local\Temp\ccEZbuTm.ltrans0.ltrans.o
 .text.builtIn_onRightMouse
                0x00010192       0x32 C:\Users\uersu\AppData\Local\Temp\ccEZbuTm.ltrans0.ltrans.o
 .text.builtIn_onRightMouseUp
                0x000101c4       0x32 C:\Users\uersu\AppData\Local\Temp\ccEZbuTm.ltrans0.ltrans.o
 .text.builtIn_onFocusChange
                0x000101f6       0x32 C:\Users\uersu\AppData\Local\Temp\ccEZbuTm.ltrans0.ltrans.o
 .text.builtIn_onMoveMouse
                0x00010228       0x32 C:\Users\uersu\AppData\Local\Temp\ccEZbuTm.ltrans0.ltrans.o
 .text.builtIn_onKeyboard
                0x0001025a       0x32 C:\Users\uersu\AppData\Local\Temp\ccEZbuTm.ltrans0.ltrans.o
 .text.builtIn_spawnSub
                0x0001028c       0x4c C:\Users\uersu\AppData\Local\Temp\ccEZbuTm.ltrans0.ltrans.o
 .text.builtIn_cancelSub
                0x000102d8       0x58 C:\Users\uersu\AppData\Local\Temp\ccEZbuTm.ltrans0.ltrans.o
 .text.builtIn_stringWidth
                0x00010330       0x74 C:\Users\uersu\AppData\Local\Temp\ccEZbuTm.ltrans0.ltrans.o
 .text.builtIn_hardScroll
                0x000103a4       0x4a C:\Users\uersu\AppData\Local\Temp\ccEZbuTm.ltrans0.ltrans.o
 .text.builtIn_isScreenRegion
                0x000103ee       0x6c C:\Users\uersu\AppData\Local\Temp\ccEZbuTm.ltrans0.ltrans.o
 .text.builtIn_setSpeechSpeed
                0x0001045a       0x7a C:\Users\uersu\AppData\Local\Temp\ccEZbuTm.ltrans0.ltrans.o
 .text.builtIn_setFontSpacing
                0x000104d4       0x62 C:\Users\uersu\AppData\Local\Temp\ccEZbuTm.ltrans0.ltrans.o
 .text.builtIn_transitionLevel
                0x00010536       0x80 C:\Users\uersu\AppData\Local\Temp\ccEZbuTm.ltrans0.ltrans.o
 .text.builtIn_captureAllKeys
                0x000105b6       0x4c C:\Users\uersu\AppData\Local\Temp\ccEZbuTm.ltrans0.ltrans.o
 .text.builtIn_spinCharacter
                0x00010602       0xe2 C:\Users\uersu\AppData\Local\Temp\ccEZbuTm.ltrans0.ltrans.o
 .text.builtIn_getCharacterDirection
                0x000106e4       0x8a C:\Users\uersu\AppData\Local\Temp\ccEZbuTm.ltrans0.ltrans.o
 .text.builtIn_isCharacter
                0x0001076e       0x6e C:\Users\uersu\AppData\Local\Temp\ccEZbuTm.ltrans0.ltrans.o
 .text.builtIn_normalCharacter
                0x000107dc       0xa8 C:\Users\uersu\AppData\Local\Temp\ccEZbuTm.ltrans0.ltrans.o
 .text.builtIn_isMoving
                0x00010884       0x8c C:\Users\uersu\AppData\Local\Temp\ccEZbuTm.ltrans0.ltrans.o
 .text.builtIn_fetchEvent
                0x00010910       0xc6 C:\Users\uersu\AppData\Local\Temp\ccEZbuTm.ltrans0.ltrans.o
 .text.builtIn_deleteFile
                0x000109d6       0xbc C:\Users\uersu\AppData\Local\Temp\ccEZbuTm.ltrans0.ltrans.o
 .text.builtIn_renameFile
                0x00010a92      0x144 C:\Users\uersu\AppData\Local\Temp\ccEZbuTm.ltrans0.ltrans.o
 .text.builtIn_cacheSound
                0x00010bd6       0x54 C:\Users\uersu\AppData\Local\Temp\ccEZbuTm.ltrans0.ltrans.o
 .text.builtIn_burnString
                0x00010c2a       0x12 C:\Users\uersu\AppData\Local\Temp\ccEZbuTm.ltrans0.ltrans.o
 .text.builtIn_setCharacterSpinSpeed
                0x00010c3c       0xcc C:\Users\uersu\AppData\Local\Temp\ccEZbuTm.ltrans0.ltrans.o
 .text.builtIn_setCharacterAngleOffset
                0x00010d08       0xcc C:\Users\uersu\AppData\Local\Temp\ccEZbuTm.ltrans0.ltrans.o
 .text.builtIn_transitionMode
                0x00010dd4       0x62 C:\Users\uersu\AppData\Local\Temp\ccEZbuTm.ltrans0.ltrans.o
 .text.builtIn__rem_updateDisplay
                0x00010e36       0x2e C:\Users\uersu\AppData\Local\Temp\ccEZbuTm.ltrans0.ltrans.o
 .text.builtIn_getSoundCache
                0x00010e64       0x12 C:\Users\uersu\AppData\Local\Temp\ccEZbuTm.ltrans0.ltrans.o
 .text.builtIn_saveCustomData
                0x00010e76       0xde C:\Users\uersu\AppData\Local\Temp\ccEZbuTm.ltrans0.ltrans.o
 .text.builtIn_loadCustomData
                0x00010f54      0x128 C:\Users\uersu\AppData\Local\Temp\ccEZbuTm.ltrans0.ltrans.o
 .text.builtIn_setCustomEncoding
                0x0001107c       0x62 C:\Users\uersu\AppData\Local\Temp\ccEZbuTm.ltrans0.ltrans.o
 .text.builtIn_freeSound
                0x000110de       0x4a C:\Users\uersu\AppData\Local\Temp\ccEZbuTm.ltrans0.ltrans.o
 .text.builtIn_parallaxAdd
                0x00011128      0x10a C:\Users\uersu\AppData\Local\Temp\ccEZbuTm.ltrans0.ltrans.o
 .text.builtIn_parallaxClear
                0x00011232       0x24 C:\Users\uersu\AppData\Local\Temp\ccEZbuTm.ltrans0.ltrans.o
 .text.builtIn_getPixelColour
                0x00011256       0x12 C:\Users\uersu\AppData\Local\Temp\ccEZbuTm.ltrans0.ltrans.o
 .text.builtIn_makeFastArray
                0x00011268       0xac C:\Users\uersu\AppData\Local\Temp\ccEZbuTm.ltrans0.ltrans.o
 .text.builtIn_getCharacterScale
                0x00011314       0xa6 C:\Users\uersu\AppData\Local\Temp\ccEZbuTm.ltrans0.ltrans.o
 .text.builtIn_getLanguageID
                0x000113ba       0x24 C:\Users\uersu\AppData\Local\Temp\ccEZbuTm.ltrans0.ltrans.o
 .text.builtIn__rem_launchWith
                0x000113de       0x3c C:\Users\uersu\AppData\Local\Temp\ccEZbuTm.ltrans0.ltrans.o
 .text.builtIn_getFramesPerSecond
                0x0001141a       0x22 C:\Users\uersu\AppData\Local\Temp\ccEZbuTm.ltrans0.ltrans.o
 .text.builtIn_showThumbnail
                0x0001143c        0x4 C:\Users\uersu\AppData\Local\Temp\ccEZbuTm.ltrans0.ltrans.o
 .text.builtIn_setThumbnailSize
                0x00011440       0xee C:\Users\uersu\AppData\Local\Temp\ccEZbuTm.ltrans0.ltrans.o
 .text.builtIn_hasFlag
                0x0001152e       0xc6 C:\Users\uersu\AppData\Local\Temp\ccEZbuTm.ltrans0.ltrans.o
 .text.builtIn_snapshotGrab
                0x000115f4       0x12 C:\Users\uersu\AppData\Local\Temp\ccEZbuTm.ltrans0.ltrans.o
 .text.builtIn_snapshotClear
                0x00011606        0xa C:\Users\uersu\AppData\Local\Temp\ccEZbuTm.ltrans0.ltrans.o
 .text.builtIn_bodgeFilenames
                0x00011610       0x54 C:\Users\uersu\AppData\Local\Temp\ccEZbuTm.ltrans0.ltrans.o
 .text.builtIn__rem_registryGetString
                0x00011664       0x3c C:\Users\uersu\AppData\Local\Temp\ccEZbuTm.ltrans0.ltrans.o
 .text.builtIn_quitWithFatalError
                0x000116a0       0x36 C:\Users\uersu\AppData\Local\Temp\ccEZbuTm.ltrans0.ltrans.o
 .text.builtIn__rem_setCharacterAA
                0x000116d6       0x44 C:\Users\uersu\AppData\Local\Temp\ccEZbuTm.ltrans0.ltrans.o
 .text.builtIn__rem_setMaximumAA
                0x0001171a       0x34 C:\Users\uersu\AppData\Local\Temp\ccEZbuTm.ltrans0.ltrans.o
 .text.builtIn_setBackgroundEffect
                0x0001174e       0x2e C:\Users\uersu\AppData\Local\Temp\ccEZbuTm.ltrans0.ltrans.o
 .text.builtIn_doBackgroundEffect
                0x0001177c       0x40 C:\Users\uersu\AppData\Local\Temp\ccEZbuTm.ltrans0.ltrans.o
 .text.callBuiltIn
                0x000117bc      0x106 C:\Users\uersu\AppData\Local\Temp\ccEZbuTm.ltrans0.ltrans.o
 .text.getLanguageForFileB
                0x000118c2       0x42 C:\Users\uersu\AppData\Local\Temp\ccEZbuTm.ltrans0.ltrans.o
 .text.getPrefsFilename
                0x00011904       0xb8 C:\Users\uersu\AppData\Local\Temp\ccEZbuTm.ltrans0.ltrans.o
 .text.makeLanguageTable
                0x000119bc      0x134 C:\Users\uersu\AppData\Local\Temp\ccEZbuTm.ltrans0.ltrans.o
 .text.readIniFile
                0x00011af0      0x386 C:\Users\uersu\AppData\Local\Temp\ccEZbuTm.ltrans0.ltrans.o
 .text.stringToInt
                0x00011e76       0x8a C:\Users\uersu\AppData\Local\Temp\ccEZbuTm.ltrans0.ltrans.o
 .text.fileExists
                0x00011f00       0x86 C:\Users\uersu\AppData\Local\Temp\ccEZbuTm.ltrans0.ltrans.o
 .text.strcmp   0x00011f86       0x40 C:\Users\uersu\AppData\Local\Temp\ccEZbuTm.ltrans0.ltrans.o
                0x00011f86                strcmp
 .text.strlen   0x00011fc6       0x18 C:\Users\uersu\AppData\Local\Temp\ccEZbuTm.ltrans0.ltrans.o
                0x00011fc6                strlen
 .text.strcpy   0x00011fde       0x28 C:\Users\uersu\AppData\Local\Temp\ccEZbuTm.ltrans0.ltrans.o
                0x00011fde                strcpy
 .text.joinStrings
                0x00012006       0xb0 C:\Users\uersu\AppData\Local\Temp\ccEZbuTm.ltrans0.ltrans.o
 .text.itoa     0x000120b6       0xc8 C:\Users\uersu\AppData\Local\Temp\ccEZbuTm.ltrans0.ltrans.o
 .text.vsprintf2
                0x0001217e      0x166 C:\Users\uersu\AppData\Local\Temp\ccEZbuTm.ltrans0.ltrans.o
 .text.sprintf  0x000122e4       0x32 C:\Users\uersu\AppData\Local\Temp\ccEZbuTm.ltrans0.ltrans.o
                0x000122e4                sprintf
 .text.addVarToStack
                0x00012316       0x86 C:\Users\uersu\AppData\Local\Temp\ccEZbuTm.ltrans0.ltrans.o
 .text.addVarToStackQuick
                0x0001239c       0x74 C:\Users\uersu\AppData\Local\Temp\ccEZbuTm.ltrans0.ltrans.o
 .text.addVariablesInSecond
                0x00012410       0xbe C:\Users\uersu\AppData\Local\Temp\ccEZbuTm.ltrans0.ltrans.o
 .text.compareVariablesInSecond
                0x000124ce       0x36 C:\Users\uersu\AppData\Local\Temp\ccEZbuTm.ltrans0.ltrans.o
 .text.compareVars
                0x00012504       0xdc C:\Users\uersu\AppData\Local\Temp\ccEZbuTm.ltrans0.ltrans.o
 .text.copyStack
                0x000125e0       0xd6 C:\Users\uersu\AppData\Local\Temp\ccEZbuTm.ltrans0.ltrans.o
 .text.deleteVarFromStack
                0x000126b6       0xae C:\Users\uersu\AppData\Local\Temp\ccEZbuTm.ltrans0.ltrans.o
 .text.fastArrayGetByIndex
                0x00012764       0x22 C:\Users\uersu\AppData\Local\Temp\ccEZbuTm.ltrans0.ltrans.o
 .text.getCostumeFromVar
                0x00012786      0x110 C:\Users\uersu\AppData\Local\Temp\ccEZbuTm.ltrans0.ltrans.o
 .text.getSavedGamesStack
                0x00012896      0x244 C:\Users\uersu\AppData\Local\Temp\ccEZbuTm.ltrans0.ltrans.o
 .text.getValueType
                0x00012ada       0x84 C:\Users\uersu\AppData\Local\Temp\ccEZbuTm.ltrans0.ltrans.o
 .text.loadStringToVar
                0x00012b5e       0x2e C:\Users\uersu\AppData\Local\Temp\ccEZbuTm.ltrans0.ltrans.o
 .text.makeFastArrayFromStack
                0x00012b8c       0x6a C:\Users\uersu\AppData\Local\Temp\ccEZbuTm.ltrans0.ltrans.o
 .text.makeFastArraySize
                0x00012bf6      0x106 C:\Users\uersu\AppData\Local\Temp\ccEZbuTm.ltrans0.ltrans.o
 .text.makeTextVar
                0x00012cfc       0x2c C:\Users\uersu\AppData\Local\Temp\ccEZbuTm.ltrans0.ltrans.o
 .text.unlinkVar
                0x00012d28      0x150 C:\Users\uersu\AppData\Local\Temp\ccEZbuTm.ltrans0.ltrans.o
 .text.copyMain
                0x00012e78      0x11c C:\Users\uersu\AppData\Local\Temp\ccEZbuTm.ltrans0.ltrans.o
 .text.copyVariable
                0x00012f94       0x1e C:\Users\uersu\AppData\Local\Temp\ccEZbuTm.ltrans0.ltrans.o
 .text.getAnimationFromVar
                0x00012fb2       0x68 C:\Users\uersu\AppData\Local\Temp\ccEZbuTm.ltrans0.ltrans.o
 .text.getBoolean
                0x0001301a       0x96 C:\Users\uersu\AppData\Local\Temp\ccEZbuTm.ltrans0.ltrans.o
 .text.getTextFromAnyVar
                0x000130b0      0x2d8 C:\Users\uersu\AppData\Local\Temp\ccEZbuTm.ltrans0.ltrans.o
 .text.newAnimationVariable
                0x00013388       0x22 C:\Users\uersu\AppData\Local\Temp\ccEZbuTm.ltrans0.ltrans.o
 .text.newCostumeVariable
                0x000133aa       0x22 C:\Users\uersu\AppData\Local\Temp\ccEZbuTm.ltrans0.ltrans.o
 .text.setVariable
                0x000133cc       0x22 C:\Users\uersu\AppData\Local\Temp\ccEZbuTm.ltrans0.ltrans.o
 .text.stackGetByIndex
                0x000133ee       0x28 C:\Users\uersu\AppData\Local\Temp\ccEZbuTm.ltrans0.ltrans.o
 .text.stackFindLast
                0x00013416       0x24 C:\Users\uersu\AppData\Local\Temp\ccEZbuTm.ltrans0.ltrans.o
 .text.stackSize
                0x0001343a       0x24 C:\Users\uersu\AppData\Local\Temp\ccEZbuTm.ltrans0.ltrans.o
 .text.trimStack
                0x0001345e       0x48 C:\Users\uersu\AppData\Local\Temp\ccEZbuTm.ltrans0.ltrans.o
 .text.isInFont
                0x000134a6       0x12 C:\Users\uersu\AppData\Local\Temp\ccEZbuTm.ltrans0.ltrans.o
 .text.stringWidth
                0x000134b8       0x1a C:\Users\uersu\AppData\Local\Temp\ccEZbuTm.ltrans0.ltrans.o
 .text.loadFont
                0x000134d2       0x12 C:\Users\uersu\AppData\Local\Temp\ccEZbuTm.ltrans0.ltrans.o
 .text.addScreenRegion
                0x000134e4       0xc0 C:\Users\uersu\AppData\Local\Temp\ccEZbuTm.ltrans0.ltrans.o
 .text.getRegionForObject
                0x000135a4       0x2e C:\Users\uersu\AppData\Local\Temp\ccEZbuTm.ltrans0.ltrans.o
 .text.killAllRegions
                0x000135d2       0x5c C:\Users\uersu\AppData\Local\Temp\ccEZbuTm.ltrans0.ltrans.o
 .text.loadRegions
                0x0001362e      0x11e C:\Users\uersu\AppData\Local\Temp\ccEZbuTm.ltrans0.ltrans.o
 .text.removeScreenRegion
                0x0001374c       0x9c C:\Users\uersu\AppData\Local\Temp\ccEZbuTm.ltrans0.ltrans.o
 .text.saveRegions
                0x000137e8       0xe8 C:\Users\uersu\AppData\Local\Temp\ccEZbuTm.ltrans0.ltrans.o
 .text.showBoxes
                0x000138d0       0xb2 C:\Users\uersu\AppData\Local\Temp\ccEZbuTm.ltrans0.ltrans.o
 .text.closestPointOnLine
                0x00013982      0x1e2 C:\Users\uersu\AppData\Local\Temp\ccEZbuTm.ltrans0.ltrans.o
 .text.drawFloor
                0x00013b64      0x240 C:\Users\uersu\AppData\Local\Temp\ccEZbuTm.ltrans0.ltrans.o
 .text.getMatchingCorners
                0x00013da4       0xb4 C:\Users\uersu\AppData\Local\Temp\ccEZbuTm.ltrans0.ltrans.o
 .text.noFloor  0x00013e58       0x2c C:\Users\uersu\AppData\Local\Temp\ccEZbuTm.ltrans0.ltrans.o
 .text.inFloor  0x00013e84       0x54 C:\Users\uersu\AppData\Local\Temp\ccEZbuTm.ltrans0.ltrans.o
 .text.initFloor
                0x00013ed8       0x5c C:\Users\uersu\AppData\Local\Temp\ccEZbuTm.ltrans0.ltrans.o
 .text.killFloor
                0x00013f34       0xf0 C:\Users\uersu\AppData\Local\Temp\ccEZbuTm.ltrans0.ltrans.o
 .text.polysShareSide
                0x00014024       0x6a C:\Users\uersu\AppData\Local\Temp\ccEZbuTm.ltrans0.ltrans.o
 .text.pointInFloorPolygon
                0x0001408e      0x23e C:\Users\uersu\AppData\Local\Temp\ccEZbuTm.ltrans0.ltrans.o
 .text.setFloor
                0x000142cc      0x77a C:\Users\uersu\AppData\Local\Temp\ccEZbuTm.ltrans0.ltrans.o
 .text.setFloorNull
                0x00014a46       0x10 C:\Users\uersu\AppData\Local\Temp\ccEZbuTm.ltrans0.ltrans.o
 .text.WaitVbl  0x00014a56       0x50 C:\Users\uersu\AppData\Local\Temp\ccEZbuTm.ltrans0.ltrans.o
 .text.memset   0x00014aa6       0x30 C:\Users\uersu\AppData\Local\Temp\ccEZbuTm.ltrans0.ltrans.o
                0x00014aa6                memset
 .text.memcpy   0x00014ad6       0x4c C:\Users\uersu\AppData\Local\Temp\ccEZbuTm.ltrans0.ltrans.o
                0x00014ad6                memcpy
 .text.KPrintF  0x00014b22       0x6a C:\Users\uersu\AppData\Local\Temp\ccEZbuTm.ltrans0.ltrans.o
 .text.debug_cmd
                0x00014b8c       0x40 C:\Users\uersu\AppData\Local\Temp\ccEZbuTm.ltrans0.ltrans.o
 .text.my_strncpy
                0x00014bcc       0x3e C:\Users\uersu\AppData\Local\Temp\ccEZbuTm.ltrans0.ltrans.o
 .text.debug_register_bitmap
                0x00014c0a      0x106 C:\Users\uersu\AppData\Local\Temp\ccEZbuTm.ltrans0.ltrans.o
 .text.__addsf3
                0x00014d10       0x36 C:\Users\uersu\AppData\Local\Temp\ccEZbuTm.ltrans0.ltrans.o
                0x00014d10                __addsf3
 .text.__adddf3
                0x00014d46       0x62 C:\Users\uersu\AppData\Local\Temp\ccEZbuTm.ltrans0.ltrans.o
                0x00014d46                __adddf3
 .text.__divdf3
                0x00014da8       0x62 C:\Users\uersu\AppData\Local\Temp\ccEZbuTm.ltrans0.ltrans.o
                0x00014da8                __divdf3
 .text.__divsf3
                0x00014e0a       0x36 C:\Users\uersu\AppData\Local\Temp\ccEZbuTm.ltrans0.ltrans.o
                0x00014e0a                __divsf3
 .text.__eqsf2  0x00014e40       0x36 C:\Users\uersu\AppData\Local\Temp\ccEZbuTm.ltrans0.ltrans.o
                0x00014e40                __eqsf2
 .text.__extendsfdf2
                0x00014e76       0x40 C:\Users\uersu\AppData\Local\Temp\ccEZbuTm.ltrans0.ltrans.o
                0x00014e76                __extendsfdf2
 .text.__fixdfsi
                0x00014eb6       0x40 C:\Users\uersu\AppData\Local\Temp\ccEZbuTm.ltrans0.ltrans.o
                0x00014eb6                __fixdfsi
 .text.__fixsfsi
                0x00014ef6       0x28 C:\Users\uersu\AppData\Local\Temp\ccEZbuTm.ltrans0.ltrans.o
                0x00014ef6                __fixsfsi
 .text.__floatsidf
                0x00014f1e       0x40 C:\Users\uersu\AppData\Local\Temp\ccEZbuTm.ltrans0.ltrans.o
                0x00014f1e                __floatsidf
 .text.__floatsisf
                0x00014f5e       0x28 C:\Users\uersu\AppData\Local\Temp\ccEZbuTm.ltrans0.ltrans.o
                0x00014f5e                __floatsisf
 .text.__floatunsisf
                0x00014f86       0x28 C:\Users\uersu\AppData\Local\Temp\ccEZbuTm.ltrans0.ltrans.o
                0x00014f86                __floatunsisf
 .text.__muldf3
                0x00014fae       0x62 C:\Users\uersu\AppData\Local\Temp\ccEZbuTm.ltrans0.ltrans.o
                0x00014fae                __muldf3
 .text.__mulsf3
                0x00015010       0x36 C:\Users\uersu\AppData\Local\Temp\ccEZbuTm.ltrans0.ltrans.o
                0x00015010                __mulsf3
 .text.__gesf2  0x00015046       0x36 C:\Users\uersu\AppData\Local\Temp\ccEZbuTm.ltrans0.ltrans.o
                0x00015046                __gesf2
 .text.__gtdf2  0x0001507c       0x4e C:\Users\uersu\AppData\Local\Temp\ccEZbuTm.ltrans0.ltrans.o
                0x0001507c                __gtdf2
 .text.__gtsf2  0x000150ca       0x36 C:\Users\uersu\AppData\Local\Temp\ccEZbuTm.ltrans0.ltrans.o
                0x000150ca                __gtsf2
 .text.__lesf2  0x00015100       0x36 C:\Users\uersu\AppData\Local\Temp\ccEZbuTm.ltrans0.ltrans.o
                0x00015100                __lesf2
 .text.__ltdf2  0x00015136       0x4e C:\Users\uersu\AppData\Local\Temp\ccEZbuTm.ltrans0.ltrans.o
                0x00015136                __ltdf2
 .text.__ltsf2  0x00015184       0x36 C:\Users\uersu\AppData\Local\Temp\ccEZbuTm.ltrans0.ltrans.o
                0x00015184                __ltsf2
 .text.__nesf2  0x000151ba       0x36 C:\Users\uersu\AppData\Local\Temp\ccEZbuTm.ltrans0.ltrans.o
                0x000151ba                __nesf2
 .text.__subdf3
                0x000151f0       0x62 C:\Users\uersu\AppData\Local\Temp\ccEZbuTm.ltrans0.ltrans.o
                0x000151f0                __subdf3
 .text.__subsf3
                0x00015252       0x36 C:\Users\uersu\AppData\Local\Temp\ccEZbuTm.ltrans0.ltrans.o
                0x00015252                __subsf3
 .text.__truncdfsf2
                0x00015288       0x36 C:\Users\uersu\AppData\Local\Temp\ccEZbuTm.ltrans0.ltrans.o
                0x00015288                __truncdfsf2
 .text.__fixunssfsi
                0x000152be       0x28 C:\Users\uersu\AppData\Local\Temp\ccEZbuTm.ltrans0.ltrans.o
                0x000152be                __fixunssfsi
 .text.atan2f   0x000152e6      0x1b0 C:\Users\uersu\AppData\Local\Temp\ccEZbuTm.ltrans0.ltrans.o
                0x000152e6                atan2f
 .text.sqrt     0x00015496       0x4a C:\Users\uersu\AppData\Local\Temp\ccEZbuTm.ltrans0.ltrans.o
                0x00015496                sqrt
 .text.__mulsi3
                0x000154e0       0x22 obj/gcc8_a_support.o
                0x000154e0                __mulsi3
 .text.__udivsi3
                0x00015502       0x5c obj/gcc8_a_support.o
                0x00015502                __udivsi3
 .text.__divsi3
                0x0001555e       0x2e obj/gcc8_a_support.o
                0x0001555e                __divsi3
 .text.__modsi3
                0x0001558c       0x2e obj/gcc8_a_support.o
                0x0001558c                __modsi3
 .text.__umodsi3
                0x000155ba       0x2e obj/gcc8_a_support.o
                0x000155ba                __umodsi3
 .text.KPutCharX
                0x000155e8        0xe obj/gcc8_a_support.o
                0x000155e8                KPutCharX
 .text.PutChar  0x000155f6        0x4 obj/gcc8_a_support.o
                0x000155f6                PutChar
 *(.gnu.warning)

.fini
 *(SORT_NONE(.fini))
                [!provide]                        PROVIDE (__etext = .)
                [!provide]                        PROVIDE (_etext = .)
                [!provide]                        PROVIDE (etext = .)

.rodata         0x000155fa     0x224e
 *(.rodata .rodata.* .gnu.linkonce.r.*)
 .rodata        0x000155fa     0x224e C:\Users\uersu\AppData\Local\Temp\ccEZbuTm.ltrans0.ltrans.o

.rodata1
 *(.rodata1)

.eh_frame_hdr
 *(.eh_frame_hdr)
 *(.eh_frame_entry .eh_frame_entry.*)

.eh_frame
 *(.eh_frame)
 *(.eh_frame.*)

.sframe
 *(.sframe)
 *(.sframe.*)

.gcc_except_table
 *(.gcc_except_table .gcc_except_table.*)

.gnu_extab
 *(.gnu_extab*)

.exception_ranges
 *(.exception_ranges*)
                0x00018000                        . = DATA_SEGMENT_ALIGN (CONSTANT (MAXPAGESIZE), CONSTANT (COMMONPAGESIZE))

.eh_frame
 *(.eh_frame)
 *(.eh_frame.*)

.sframe
 *(.sframe)
 *(.sframe.*)

.gnu_extab
 *(.gnu_extab)

.gcc_except_table
 *(.gcc_except_table .gcc_except_table.*)

.exception_ranges
 *(.exception_ranges*)

.tdata          0x00018000        0x0
                [!provide]                        PROVIDE (__tdata_start = .)
 *(.tdata .tdata.* .gnu.linkonce.td.*)

.tbss
 *(.tbss .tbss.* .gnu.linkonce.tb.*)
 *(.tcommon)

.preinit_array  0x00018000        0x0
                0x00018000                        PROVIDE (__preinit_array_start = .)
 *(.preinit_array)
                0x00018000                        PROVIDE (__preinit_array_end = .)

.init_array     0x00018000        0x0
                0x00018000                        PROVIDE (__init_array_start = .)
 *(SORT_BY_INIT_PRIORITY(.init_array.*) SORT_BY_INIT_PRIORITY(.ctors.*))
 *(.init_array EXCLUDE_FILE(*crtend?.o *crtend.o *crtbegin?.o *crtbegin.o) .ctors)
                0x00018000                        PROVIDE (__init_array_end = .)

.fini_array     0x00018000        0x0
                0x00018000                        PROVIDE (__fini_array_start = .)
 *(SORT_BY_INIT_PRIORITY(.fini_array.*) SORT_BY_INIT_PRIORITY(.dtors.*))
 *(.fini_array EXCLUDE_FILE(*crtend?.o *crtend.o *crtbegin?.o *crtbegin.o) .dtors)
                0x00018000                        PROVIDE (__fini_array_end = .)

.ctors
 *crtbegin.o(.ctors)
 *crtbegin?.o(.ctors)
 *(EXCLUDE_FILE(*crtend?.o *crtend.o) .ctors)
 *(SORT_BY_NAME(.ctors.*))
 *(.ctors)

.dtors
 *crtbegin.o(.dtors)
 *crtbegin?.o(.dtors)
 *(EXCLUDE_FILE(*crtend?.o *crtend.o) .dtors)
 *(SORT_BY_NAME(.dtors.*))
 *(.dtors)

.jcr
 *(.jcr)

.data.rel.ro
 *(.data.rel.ro.local* .gnu.linkonce.d.rel.ro.local.*)
 *(.data.rel.ro .data.rel.ro.* .gnu.linkonce.d.rel.ro.*)

.dynamic
 *(.dynamic)
                0x00018000                        . = DATA_SEGMENT_RELRO_END (., 0x0)

.got
 *(.got.plt)
 *(.igot.plt)
 *(.got)
 *(.igot)

.data           0x00018000      0x6aa
 *(.data .data.* .gnu.linkonce.d.*)
 .data.allowAnyFilename
                0x00018000        0x2 C:\Users\uersu\AppData\Local\Temp\ccEZbuTm.ltrans0.ltrans.o
 .data.CstClSprites
                0x00018002       0x40 C:\Users\uersu\AppData\Local\Temp\ccEZbuTm.ltrans0.ltrans.o
 .data.CstClScreen
                0x00018042       0x30 C:\Users\uersu\AppData\Local\Temp\ccEZbuTm.ltrans0.ltrans.o
 .data.CstClBitplanes
                0x00018072       0x28 C:\Users\uersu\AppData\Local\Temp\ccEZbuTm.ltrans0.ltrans.o
 .data.CstClColorTemplate
                0x0001809a       0x80 C:\Users\uersu\AppData\Local\Temp\ccEZbuTm.ltrans0.ltrans.o
 .data.brightnessLevel
                0x0001811a        0x1 C:\Users\uersu\AppData\Local\Temp\ccEZbuTm.ltrans0.ltrans.o
 *fill*         0x0001811b        0x1 
 .data.currentEvents
                0x0001811c        0x4 C:\Users\uersu\AppData\Local\Temp\ccEZbuTm.ltrans0.ltrans.o
 .data.languageNum
                0x00018120        0x4 C:\Users\uersu\AppData\Local\Temp\ccEZbuTm.ltrans0.ltrans.o
 .data.lastFramesPerSecond
                0x00018124        0x4 C:\Users\uersu\AppData\Local\Temp\ccEZbuTm.ltrans0.ltrans.o
 .data.sliceBusy
                0x00018128        0x2 C:\Users\uersu\AppData\Local\Temp\ccEZbuTm.ltrans0.ltrans.o
 .data.nowStatus
                0x0001812a        0x4 C:\Users\uersu\AppData\Local\Temp\ccEZbuTm.ltrans0.ltrans.o
 .data.speechSpeed
                0x0001812e        0x4 C:\Users\uersu\AppData\Local\Temp\ccEZbuTm.ltrans0.ltrans.o
 .data.desiredfps
                0x00018132        0x4 C:\Users\uersu\AppData\Local\Temp\ccEZbuTm.ltrans0.ltrans.o
 .data.scaleHorizon
                0x00018136        0x2 C:\Users\uersu\AppData\Local\Temp\ccEZbuTm.ltrans0.ltrans.o
 .data.scaleDivide
                0x00018138        0x2 C:\Users\uersu\AppData\Local\Temp\ccEZbuTm.ltrans0.ltrans.o
 .data.defVol   0x0001813a        0x4 C:\Users\uersu\AppData\Local\Temp\ccEZbuTm.ltrans0.ltrans.o
 .data.defSoundVol
                0x0001813e        0x4 C:\Users\uersu\AppData\Local\Temp\ccEZbuTm.ltrans0.ltrans.o
 .data.cameraZoom
                0x00018142        0x4 C:\Users\uersu\AppData\Local\Temp\ccEZbuTm.ltrans0.ltrans.o
 .data.paramNum
                0x00018146      0x29c C:\Users\uersu\AppData\Local\Temp\ccEZbuTm.ltrans0.ltrans.o
 .data.builtInFunctionArray
                0x000183e2      0x29c C:\Users\uersu\AppData\Local\Temp\ccEZbuTm.ltrans0.ltrans.o
 .data.fadeMode
                0x0001867e        0x1 C:\Users\uersu\AppData\Local\Temp\ccEZbuTm.ltrans0.ltrans.o
 *fill*         0x0001867f        0x1 
 .data.typeName
                0x00018680       0x28 C:\Users\uersu\AppData\Local\Temp\ccEZbuTm.ltrans0.ltrans.o
 .data.fontSpace
                0x000186a8        0x2 C:\Users\uersu\AppData\Local\Temp\ccEZbuTm.ltrans0.ltrans.o

.data1
 *(.data1)
                0x000186aa                        _edata = .
                [!provide]                        PROVIDE (edata = .)
                0x000186aa                        . = .
                0x000186aa                        __bss_start = .

.bss            0x000186aa      0x25e
 *(.dynbss)
 *(.bss .bss.* .gnu.linkonce.b.*)
 .bss.mouseCursorAnim
                0x000186aa        0x4 C:\Users\uersu\AppData\Local\Temp\ccEZbuTm.ltrans0.ltrans.o
 .bss.mouseCursorFrameNum
                0x000186ae        0x4 C:\Users\uersu\AppData\Local\Temp\ccEZbuTm.ltrans0.ltrans.o
 .bss.mouseCursorCountUp
                0x000186b2        0x4 C:\Users\uersu\AppData\Local\Temp\ccEZbuTm.ltrans0.ltrans.o
 .bss.thumbWidth
                0x000186b6        0x4 C:\Users\uersu\AppData\Local\Temp\ccEZbuTm.ltrans0.ltrans.o
 .bss.thumbHeight
                0x000186ba        0x4 C:\Users\uersu\AppData\Local\Temp\ccEZbuTm.ltrans0.ltrans.o
 .bss.CstPaletteLoaded
                0x000186be        0x2 C:\Users\uersu\AppData\Local\Temp\ccEZbuTm.ltrans0.ltrans.o
 .bss.CstBackdropSize
                0x000186c0        0x2 C:\Users\uersu\AppData\Local\Temp\ccEZbuTm.ltrans0.ltrans.o
 .bss.CstBackdropSizePlane
                0x000186c2        0x2 C:\Users\uersu\AppData\Local\Temp\ccEZbuTm.ltrans0.ltrans.o
 .bss.CstBackDrop
                0x000186c4        0x4 C:\Users\uersu\AppData\Local\Temp\ccEZbuTm.ltrans0.ltrans.o
 .bss.CstCopperList
                0x000186c8        0x4 C:\Users\uersu\AppData\Local\Temp\ccEZbuTm.ltrans0.ltrans.o
 .bss.CstApplyBackDropCounter
                0x000186cc        0x2 C:\Users\uersu\AppData\Local\Temp\ccEZbuTm.ltrans0.ltrans.o
 .bss.CstBackDropStartXWrite
                0x000186ce        0x2 C:\Users\uersu\AppData\Local\Temp\ccEZbuTm.ltrans0.ltrans.o
 .bss.CstBackDropStartYWrite
                0x000186d0        0x2 C:\Users\uersu\AppData\Local\Temp\ccEZbuTm.ltrans0.ltrans.o
 .bss.CstBackDropWidthWrite
                0x000186d2        0x2 C:\Users\uersu\AppData\Local\Temp\ccEZbuTm.ltrans0.ltrans.o
 .bss.CstBackDropHeightWrite
                0x000186d4        0x2 C:\Users\uersu\AppData\Local\Temp\ccEZbuTm.ltrans0.ltrans.o
 .bss.CstViewBuffer
                0x000186d6        0x4 C:\Users\uersu\AppData\Local\Temp\ccEZbuTm.ltrans0.ltrans.o
 .bss.CstDrawBuffer
                0x000186da        0x4 C:\Users\uersu\AppData\Local\Temp\ccEZbuTm.ltrans0.ltrans.o
 .bss.CstDrawBufferCleanupStart
                0x000186de        0x4 C:\Users\uersu\AppData\Local\Temp\ccEZbuTm.ltrans0.ltrans.o
 .bss.CstDrawBufferCleanupCursor
                0x000186e2        0x4 C:\Users\uersu\AppData\Local\Temp\ccEZbuTm.ltrans0.ltrans.o
 .bss.CstViewBufferCleanupStart
                0x000186e6        0x4 C:\Users\uersu\AppData\Local\Temp\ccEZbuTm.ltrans0.ltrans.o
 .bss.CstViewBufferCleanupCursor
                0x000186ea        0x4 C:\Users\uersu\AppData\Local\Temp\ccEZbuTm.ltrans0.ltrans.o
 .bss.CstClColor
                0x000186ee        0x4 C:\Users\uersu\AppData\Local\Temp\ccEZbuTm.ltrans0.ltrans.o
 .bss.CstPalette
                0x000186f2        0x4 C:\Users\uersu\AppData\Local\Temp\ccEZbuTm.ltrans0.ltrans.o
 .bss.winWidth  0x000186f6        0x4 C:\Users\uersu\AppData\Local\Temp\ccEZbuTm.ltrans0.ltrans.o
 .bss.winHeight
                0x000186fa        0x4 C:\Users\uersu\AppData\Local\Temp\ccEZbuTm.ltrans0.ltrans.o
 .bss.firstTexture
                0x000186fe        0x4 C:\Users\uersu\AppData\Local\Temp\ccEZbuTm.ltrans0.ltrans.o
 .bss.dialogValue
                0x00018702        0x4 C:\Users\uersu\AppData\Local\Temp\ccEZbuTm.ltrans0.ltrans.o
 .bss.gameName  0x00018706        0x4 C:\Users\uersu\AppData\Local\Temp\ccEZbuTm.ltrans0.ltrans.o
 .bss.gamePath  0x0001870a        0x4 C:\Users\uersu\AppData\Local\Temp\ccEZbuTm.ltrans0.ltrans.o
 .bss.bundleFolder
                0x0001870e        0x4 C:\Users\uersu\AppData\Local\Temp\ccEZbuTm.ltrans0.ltrans.o
 .bss.weAreDoneSoQuit
                0x00018712        0x4 C:\Users\uersu\AppData\Local\Temp\ccEZbuTm.ltrans0.ltrans.o
 .bss.mainHandlers
                0x00018716       0x1c C:\Users\uersu\AppData\Local\Temp\ccEZbuTm.ltrans0.ltrans.o
 .bss.allBIFNames
                0x00018732        0x4 C:\Users\uersu\AppData\Local\Temp\ccEZbuTm.ltrans0.ltrans.o
 .bss.allResourceNames
                0x00018736        0x4 C:\Users\uersu\AppData\Local\Temp\ccEZbuTm.ltrans0.ltrans.o
 .bss.allRunningFunctions
                0x0001873a        0x4 C:\Users\uersu\AppData\Local\Temp\ccEZbuTm.ltrans0.ltrans.o
 .bss.allUserFunc
                0x0001873e        0x4 C:\Users\uersu\AppData\Local\Temp\ccEZbuTm.ltrans0.ltrans.o
 .bss.captureAllKeys
                0x00018742        0x2 C:\Users\uersu\AppData\Local\Temp\ccEZbuTm.ltrans0.ltrans.o
 .bss.fileTime  0x00018744        0x8 C:\Users\uersu\AppData\Local\Temp\ccEZbuTm.ltrans0.ltrans.o
 .bss.gameVersion
                0x0001874c        0x4 C:\Users\uersu\AppData\Local\Temp\ccEZbuTm.ltrans0.ltrans.o
 .bss.globalVars
                0x00018750        0x4 C:\Users\uersu\AppData\Local\Temp\ccEZbuTm.ltrans0.ltrans.o
 .bss.input     0x00018754       0x16 C:\Users\uersu\AppData\Local\Temp\ccEZbuTm.ltrans0.ltrans.o
 .bss.lastRegion
                0x0001876a        0x4 C:\Users\uersu\AppData\Local\Temp\ccEZbuTm.ltrans0.ltrans.o
 .bss.loadNow   0x0001876e        0x4 C:\Users\uersu\AppData\Local\Temp\ccEZbuTm.ltrans0.ltrans.o
 .bss.noStack   0x00018772        0x4 C:\Users\uersu\AppData\Local\Temp\ccEZbuTm.ltrans0.ltrans.o
 .bss.numBIFNames
                0x00018776        0x4 C:\Users\uersu\AppData\Local\Temp\ccEZbuTm.ltrans0.ltrans.o
 .bss.numGlobals
                0x0001877a        0x4 C:\Users\uersu\AppData\Local\Temp\ccEZbuTm.ltrans0.ltrans.o
 .bss.numResourceNames
                0x0001877e        0x4 C:\Users\uersu\AppData\Local\Temp\ccEZbuTm.ltrans0.ltrans.o
 .bss.numUserFunc
                0x00018782        0x4 C:\Users\uersu\AppData\Local\Temp\ccEZbuTm.ltrans0.ltrans.o
 .bss.specialSettings
                0x00018786        0x4 C:\Users\uersu\AppData\Local\Temp\ccEZbuTm.ltrans0.ltrans.o
 .bss.bigDataFile
                0x0001878a        0x4 C:\Users\uersu\AppData\Local\Temp\ccEZbuTm.ltrans0.ltrans.o
 .bss.startIndex
                0x0001878e        0x4 C:\Users\uersu\AppData\Local\Temp\ccEZbuTm.ltrans0.ltrans.o
 .bss.startOfDataIndex
                0x00018792        0x4 C:\Users\uersu\AppData\Local\Temp\ccEZbuTm.ltrans0.ltrans.o
 .bss.startOfTextIndex
                0x00018796        0x4 C:\Users\uersu\AppData\Local\Temp\ccEZbuTm.ltrans0.ltrans.o
 .bss.startOfSubIndex
                0x0001879a        0x4 C:\Users\uersu\AppData\Local\Temp\ccEZbuTm.ltrans0.ltrans.o
 .bss.startOfObjectIndex
                0x0001879e        0x4 C:\Users\uersu\AppData\Local\Temp\ccEZbuTm.ltrans0.ltrans.o
 .bss.SysBase   0x000187a2        0x4 C:\Users\uersu\AppData\Local\Temp\ccEZbuTm.ltrans0.ltrans.o
 .bss.custom    0x000187a6        0x4 C:\Users\uersu\AppData\Local\Temp\ccEZbuTm.ltrans0.ltrans.o
 .bss.DOSBase   0x000187aa        0x4 C:\Users\uersu\AppData\Local\Temp\ccEZbuTm.ltrans0.ltrans.o
 .bss.GfxBase   0x000187ae        0x4 C:\Users\uersu\AppData\Local\Temp\ccEZbuTm.ltrans0.ltrans.o
 .bss.MathIeeeSingBasBase
                0x000187b2        0x4 C:\Users\uersu\AppData\Local\Temp\ccEZbuTm.ltrans0.ltrans.o
 .bss.MathIeeeSingTransBase
                0x000187b6        0x4 C:\Users\uersu\AppData\Local\Temp\ccEZbuTm.ltrans0.ltrans.o
 .bss.MathIeeeDoubBasBase
                0x000187ba        0x4 C:\Users\uersu\AppData\Local\Temp\ccEZbuTm.ltrans0.ltrans.o
 .bss.MathIeeeDoubTransBase
                0x000187be        0x4 C:\Users\uersu\AppData\Local\Temp\ccEZbuTm.ltrans0.ltrans.o
 .bss.SystemInts
                0x000187c2        0x2 C:\Users\uersu\AppData\Local\Temp\ccEZbuTm.ltrans0.ltrans.o
 .bss.SystemDMA
                0x000187c4        0x2 C:\Users\uersu\AppData\Local\Temp\ccEZbuTm.ltrans0.ltrans.o
 .bss.SystemADKCON
                0x000187c6        0x2 C:\Users\uersu\AppData\Local\Temp\ccEZbuTm.ltrans0.ltrans.o
 .bss.VBR       0x000187c8        0x4 C:\Users\uersu\AppData\Local\Temp\ccEZbuTm.ltrans0.ltrans.o
 .bss.SystemIrq
                0x000187cc        0x4 C:\Users\uersu\AppData\Local\Temp\ccEZbuTm.ltrans0.ltrans.o
 .bss.ActiView  0x000187d0        0x4 C:\Users\uersu\AppData\Local\Temp\ccEZbuTm.ltrans0.ltrans.o
 .bss.mainStatus
                0x000187d4       0x2a C:\Users\uersu\AppData\Local\Temp\ccEZbuTm.ltrans0.ltrans.o
 .bss.speech    0x000187fe        0x4 C:\Users\uersu\AppData\Local\Temp\ccEZbuTm.ltrans0.ltrans.o
 .bss.zBuffer   0x00018802       0x58 C:\Users\uersu\AppData\Local\Temp\ccEZbuTm.ltrans0.ltrans.o
 .bss.allPeople
                0x0001885a        0x4 C:\Users\uersu\AppData\Local\Temp\ccEZbuTm.ltrans0.ltrans.o
 .bss.personRegion
                0x0001885e       0x24 C:\Users\uersu\AppData\Local\Temp\ccEZbuTm.ltrans0.ltrans.o
 .bss.allLoadedBanks
                0x00018882        0x4 C:\Users\uersu\AppData\Local\Temp\ccEZbuTm.ltrans0.ltrans.o
 .bss.stackLibTotal
                0x00018886        0x4 C:\Users\uersu\AppData\Local\Temp\ccEZbuTm.ltrans0.ltrans.o
 .bss.stackLib  0x0001888a        0x4 C:\Users\uersu\AppData\Local\Temp\ccEZbuTm.ltrans0.ltrans.o
 .bss.ssgVersion
                0x0001888e        0x4 C:\Users\uersu\AppData\Local\Temp\ccEZbuTm.ltrans0.ltrans.o
 .bss.sceneWidth
                0x00018892        0x4 C:\Users\uersu\AppData\Local\Temp\ccEZbuTm.ltrans0.ltrans.o
 .bss.sceneHeight
                0x00018896        0x4 C:\Users\uersu\AppData\Local\Temp\ccEZbuTm.ltrans0.ltrans.o
 .bss.backdropTextureName
                0x0001889a        0x4 C:\Users\uersu\AppData\Local\Temp\ccEZbuTm.ltrans0.ltrans.o
 .bss.backdropExists
                0x0001889e        0x2 C:\Users\uersu\AppData\Local\Temp\ccEZbuTm.ltrans0.ltrans.o
 .bss.parallaxStuff
                0x000188a0        0x4 C:\Users\uersu\AppData\Local\Temp\ccEZbuTm.ltrans0.ltrans.o
 .bss.snapshotTextureName
                0x000188a4        0x4 C:\Users\uersu\AppData\Local\Temp\ccEZbuTm.ltrans0.ltrans.o
 .bss.allObjectTypes
                0x000188a8        0x4 C:\Users\uersu\AppData\Local\Temp\ccEZbuTm.ltrans0.ltrans.o
 .bss.encode1   0x000188ac        0x1 C:\Users\uersu\AppData\Local\Temp\ccEZbuTm.ltrans0.ltrans.o
 .bss.encode2   0x000188ad        0x1 C:\Users\uersu\AppData\Local\Temp\ccEZbuTm.ltrans0.ltrans.o
 .bss.saveEncoding
                0x000188ae        0x2 C:\Users\uersu\AppData\Local\Temp\ccEZbuTm.ltrans0.ltrans.o
 .bss.cameraX   0x000188b0        0x4 C:\Users\uersu\AppData\Local\Temp\ccEZbuTm.ltrans0.ltrans.o
 .bss.cameraY   0x000188b4        0x4 C:\Users\uersu\AppData\Local\Temp\ccEZbuTm.ltrans0.ltrans.o
 .bss.launchMe  0x000188b8        0x4 C:\Users\uersu\AppData\Local\Temp\ccEZbuTm.ltrans0.ltrans.o
 .bss.launchResult
                0x000188bc        0x4 C:\Users\uersu\AppData\Local\Temp\ccEZbuTm.ltrans0.ltrans.o
 .bss.saverFunc
                0x000188c0        0x4 C:\Users\uersu\AppData\Local\Temp\ccEZbuTm.ltrans0.ltrans.o
 .bss.speechMode
                0x000188c4        0x4 C:\Users\uersu\AppData\Local\Temp\ccEZbuTm.ltrans0.ltrans.o
 .bss.reallyWantToQuit
                0x000188c8        0x2 C:\Users\uersu\AppData\Local\Temp\ccEZbuTm.ltrans0.ltrans.o
 .bss.languageTable
                0x000188ca        0x4 C:\Users\uersu\AppData\Local\Temp\ccEZbuTm.ltrans0.ltrans.o
 .bss.languageName
                0x000188ce        0x4 C:\Users\uersu\AppData\Local\Temp\ccEZbuTm.ltrans0.ltrans.o
 .bss.gameSettings
                0x000188d2       0x18 C:\Users\uersu\AppData\Local\Temp\ccEZbuTm.ltrans0.ltrans.o
 .bss.fontHeight
                0x000188ea        0x4 C:\Users\uersu\AppData\Local\Temp\ccEZbuTm.ltrans0.ltrans.o
 .bss.loadedFontNum
                0x000188ee        0x4 C:\Users\uersu\AppData\Local\Temp\ccEZbuTm.ltrans0.ltrans.o
 .bss.fontOrderString
                0x000188f2        0x4 C:\Users\uersu\AppData\Local\Temp\ccEZbuTm.ltrans0.ltrans.o
 .bss.fontTableSize
                0x000188f6        0x4 C:\Users\uersu\AppData\Local\Temp\ccEZbuTm.ltrans0.ltrans.o
 .bss.allScreenRegions
                0x000188fa        0x4 C:\Users\uersu\AppData\Local\Temp\ccEZbuTm.ltrans0.ltrans.o
 .bss.overRegion
                0x000188fe        0x4 C:\Users\uersu\AppData\Local\Temp\ccEZbuTm.ltrans0.ltrans.o
 .bss.currentFloor
                0x00018902        0x4 C:\Users\uersu\AppData\Local\Temp\ccEZbuTm.ltrans0.ltrans.o
 *(COMMON)
                0x00018908                        . = ALIGN ((. != 0x0)?0x4:0x1)
 *fill*         0x00018906        0x2 
                0x00018908                        . = ALIGN (0x4)
                0x00018908                        . = SEGMENT_START ("ldata-segment", .)
                0x00018908                        . = ALIGN (0x4)
                0x00018908                        _end = .
                [!provide]                        PROVIDE (end = .)
                0x00018908                        . = DATA_SEGMENT_END (.)

.stab
 *(.stab)

.stabstr
 *(.stabstr)

.stab.excl
 *(.stab.excl)

.stab.exclstr
 *(.stab.exclstr)

.stab.index
 *(.stab.index)

.stab.indexstr
 *(.stab.indexstr)

.comment        0x00000000       0x12
 *(.comment)
 .comment       0x00000000       0x12 C:\Users\uersu\AppData\Local\Temp\ccEZbuTm.ltrans0.ltrans.o
                                 0x13 (size before relaxing)

.gnu.build.attributes
 *(.gnu.build.attributes .gnu.build.attributes.*)

.debug
 *(.debug)

.line
 *(.line)

.debug_srcinfo
 *(.debug_srcinfo)

.debug_sfnames
 *(.debug_sfnames)

.debug_aranges  0x00000000      0xfd0
 *(.debug_aranges)
 .debug_aranges
                0x00000000      0xf80 C:\Users\uersu\AppData\Local\Temp\ccEZbuTm.ltrans0.ltrans.o
 .debug_aranges
                0x00000f80       0x50 obj/gcc8_a_support.o

.debug_pubnames
 *(.debug_pubnames)

.debug_info     0x00000000    0x46aa6
 *(.debug_info .gnu.linkonce.wi.*)
 .debug_info    0x00000000    0x12abb C:\Users\uersu\AppData\Local\Temp\ccEZbuTm.ltrans0.ltrans.o
 .debug_info    0x00012abb     0x1779 C:\Users\uersu\AppData\Local\Temp\ccY3IreY.debug.temp.o
                0x00012abb                moreio.c.aae46afe
 .debug_info    0x00014234      0xb76 C:\Users\uersu\AppData\Local\Temp\ccIhnX3m.debug.temp.o
                0x00014234                utils.c.06ade85f
 .debug_info    0x00014daa      0x496 C:\Users\uersu\AppData\Local\Temp\ccKIF6ZL.debug.temp.o
                0x00014daa                cursors.c.ea2c30e7
 .debug_info    0x00015240      0x134 C:\Users\uersu\AppData\Local\Temp\cc2Vg77a.debug.temp.o
                0x00015240                thumbnail.c.7eb31449
 .debug_info    0x00015374     0x27a0 C:\Users\uersu\AppData\Local\Temp\ccGYsIgz.debug.temp.o
                0x00015374                custom.c.d707a35c
 .debug_info    0x00017b14      0x25c C:\Users\uersu\AppData\Local\Temp\ccOiSjyX.debug.temp.o
                0x00017b14                line.c.05397aaf
 .debug_info    0x00017d70      0x400 C:\Users\uersu\AppData\Local\Temp\ccA72SLl.debug.temp.o
                0x00017d70                graphics.c.1c13408a
 .debug_info    0x00018170      0x1fe C:\Users\uersu\AppData\Local\Temp\ccM9bZcK.debug.temp.o
                0x00018170                newfatal.c.307beca7
 .debug_info    0x0001836e     0x1c18 C:\Users\uersu\AppData\Local\Temp\ccgpZIK8.debug.temp.o
                0x0001836e                main_sludge.c.5b1f51f2
 .debug_info    0x00019f86     0x14ec C:\Users\uersu\AppData\Local\Temp\ccmWFDjw.debug.temp.o
                0x00019f86                tga.c.c5785d2a
 .debug_info    0x0001b472     0x4544 C:\Users\uersu\AppData\Local\Temp\ccYV0BLT.debug.temp.o
                0x0001b472                sludger.c.2c61bf14
 .debug_info    0x0001f9b6     0x16c6 C:\Users\uersu\AppData\Local\Temp\cciwrlmh.debug.temp.o
                0x0001f9b6                fileset.c.52e64f34
 .debug_info    0x0002107c     0x42ae C:\Users\uersu\AppData\Local\Temp\cciObtbF.debug.temp.o
                0x0002107c                main.c.541c2cf9
 .debug_info    0x0002532a     0x15ce C:\Users\uersu\AppData\Local\Temp\ccCmRe72.debug.temp.o
                0x0002532a                statusba.c.8e7503e3
 .debug_info    0x000268f8     0x190a C:\Users\uersu\AppData\Local\Temp\cc0ige1q.debug.temp.o
                0x000268f8                talk.c.0a519918
 .debug_info    0x00028202      0xf4f C:\Users\uersu\AppData\Local\Temp\cckDi1PS.debug.temp.o
                0x00028202                zbuffer.c.4facf542
 .debug_info    0x00029151      0x121 C:\Users\uersu\AppData\Local\Temp\cc04eOJk.debug.temp.o
                0x00029151                timing.c.5f68b502
 .debug_info    0x00029272     0x14b9 C:\Users\uersu\AppData\Local\Temp\ccsPukNM.debug.temp.o
                0x00029272                sprites.c.925775b0
 .debug_info    0x0002a72b     0x3be6 C:\Users\uersu\AppData\Local\Temp\ccktQaRd.debug.temp.o
                0x0002a72b                people.c.06fe130f
 .debug_info    0x0002e311      0x4e6 C:\Users\uersu\AppData\Local\Temp\ccmGzj6E.debug.temp.o
                0x0002e311                sprbanks.c.455e7712
 .debug_info    0x0002e7f7     0x3ba4 C:\Users\uersu\AppData\Local\Temp\ccCq0Be6.debug.temp.o
                0x0002e7f7                loadsave.c.cb577fda
 .debug_info    0x0003239b      0xd0d C:\Users\uersu\AppData\Local\Temp\ccKwqPvx.debug.temp.o
                0x0003239b                sound_nosound.c.4d9ccb34
 .debug_info    0x000330a8     0x150b C:\Users\uersu\AppData\Local\Temp\ccUv2M0X.debug.temp.o
                0x000330a8                backdrop.c.6374892d
 .debug_info    0x000345b3     0x11d8 C:\Users\uersu\AppData\Local\Temp\cccjWfFo.debug.temp.o
                0x000345b3                objtypes.c.e92601b6
 .debug_info    0x0003578b     0x1d34 C:\Users\uersu\AppData\Local\Temp\ccm6vPcP.debug.temp.o
                0x0003578b                savedata.c.42d068a7
 .debug_info    0x000374bf     0x6ba2 C:\Users\uersu\AppData\Local\Temp\ccU5zWTf.debug.temp.o
                0x000374bf                builtin.c.1bee0154
 .debug_info    0x0003e061     0x1035 C:\Users\uersu\AppData\Local\Temp\cco12aMF.debug.temp.o
                0x0003e061                language.c.63641c10
 .debug_info    0x0003f096      0xa3a C:\Users\uersu\AppData\Local\Temp\ccSgwGP5.debug.temp.o
                0x0003f096                helpers.c.2437fa3f
 .debug_info    0x0003fad0      0x496 C:\Users\uersu\AppData\Local\Temp\ccgZlF2v.debug.temp.o
                0x0003fad0                stringy.c.daea3e16
 .debug_info    0x0003ff66      0x12d C:\Users\uersu\AppData\Local\Temp\ccaWK2aW.debug.temp.o
                0x0003ff66                transition.c.cd6588d2
 .debug_info    0x00040093     0x287c C:\Users\uersu\AppData\Local\Temp\cccDlnsm.debug.temp.o
                0x00040093                variable.c.4bfa82a0
 .debug_info    0x0004290f      0x310 C:\Users\uersu\AppData\Local\Temp\ccy2XPtQ.debug.temp.o
                0x0004290f                fonttext.c.d4d692c8
 .debug_info    0x00042c1f      0x822 C:\Users\uersu\AppData\Local\Temp\cciI8kok.debug.temp.o
                0x00042c1f                region.c.a94c0f48
 .debug_info    0x00043441     0x14da C:\Users\uersu\AppData\Local\Temp\ccETVowO.debug.temp.o
                0x00043441                floor.c.731cb4e9
 .debug_info    0x0004491b     0x2106 C:\Users\uersu\AppData\Local\Temp\ccETuHLi.debug.temp.o
                0x0004491b                gcc8_c_support.c.cce2f5c3
 .debug_info    0x00046a21       0x85 obj/gcc8_a_support.o

.debug_abbrev   0x00000000     0x38cb
 *(.debug_abbrev)
 .debug_abbrev  0x00000000       0xdb C:\Users\uersu\AppData\Local\Temp\ccEZbuTm.ltrans0.ltrans.o
 .debug_abbrev  0x000000db      0x19e C:\Users\uersu\AppData\Local\Temp\ccY3IreY.debug.temp.o
 .debug_abbrev  0x00000279      0x11a C:\Users\uersu\AppData\Local\Temp\ccIhnX3m.debug.temp.o
 .debug_abbrev  0x00000393       0xcc C:\Users\uersu\AppData\Local\Temp\ccKIF6ZL.debug.temp.o
 .debug_abbrev  0x0000045f       0x2e C:\Users\uersu\AppData\Local\Temp\cc2Vg77a.debug.temp.o
 .debug_abbrev  0x0000048d      0x2bd C:\Users\uersu\AppData\Local\Temp\ccGYsIgz.debug.temp.o
 .debug_abbrev  0x0000074a       0xa2 C:\Users\uersu\AppData\Local\Temp\ccOiSjyX.debug.temp.o
 .debug_abbrev  0x000007ec      0x11f C:\Users\uersu\AppData\Local\Temp\ccA72SLl.debug.temp.o
 .debug_abbrev  0x0000090b       0x64 C:\Users\uersu\AppData\Local\Temp\ccM9bZcK.debug.temp.o
 .debug_abbrev  0x0000096f      0x207 C:\Users\uersu\AppData\Local\Temp\ccgpZIK8.debug.temp.o
 .debug_abbrev  0x00000b76      0x1f6 C:\Users\uersu\AppData\Local\Temp\ccmWFDjw.debug.temp.o
 .debug_abbrev  0x00000d6c      0x2eb C:\Users\uersu\AppData\Local\Temp\ccYV0BLT.debug.temp.o
 .debug_abbrev  0x00001057      0x1a0 C:\Users\uersu\AppData\Local\Temp\cciwrlmh.debug.temp.o
 .debug_abbrev  0x000011f7      0x2a8 C:\Users\uersu\AppData\Local\Temp\cciObtbF.debug.temp.o
 .debug_abbrev  0x0000149f      0x1bd C:\Users\uersu\AppData\Local\Temp\ccCmRe72.debug.temp.o
 .debug_abbrev  0x0000165c      0x1d6 C:\Users\uersu\AppData\Local\Temp\cc0ige1q.debug.temp.o
 .debug_abbrev  0x00001832      0x1ac C:\Users\uersu\AppData\Local\Temp\cckDi1PS.debug.temp.o
 .debug_abbrev  0x000019de       0x2c C:\Users\uersu\AppData\Local\Temp\cc04eOJk.debug.temp.o
 .debug_abbrev  0x00001a0a      0x18d C:\Users\uersu\AppData\Local\Temp\ccsPukNM.debug.temp.o
 .debug_abbrev  0x00001b97      0x299 C:\Users\uersu\AppData\Local\Temp\ccktQaRd.debug.temp.o
 .debug_abbrev  0x00001e30      0x12d C:\Users\uersu\AppData\Local\Temp\ccmGzj6E.debug.temp.o
 .debug_abbrev  0x00001f5d      0x23e C:\Users\uersu\AppData\Local\Temp\ccCq0Be6.debug.temp.o
 .debug_abbrev  0x0000219b      0x185 C:\Users\uersu\AppData\Local\Temp\ccKwqPvx.debug.temp.o
 .debug_abbrev  0x00002320      0x218 C:\Users\uersu\AppData\Local\Temp\ccUv2M0X.debug.temp.o
 .debug_abbrev  0x00002538      0x1c7 C:\Users\uersu\AppData\Local\Temp\cccjWfFo.debug.temp.o
 .debug_abbrev  0x000026ff      0x1fc C:\Users\uersu\AppData\Local\Temp\ccm6vPcP.debug.temp.o
 .debug_abbrev  0x000028fb      0x2a6 C:\Users\uersu\AppData\Local\Temp\ccU5zWTf.debug.temp.o
 .debug_abbrev  0x00002ba1      0x1bb C:\Users\uersu\AppData\Local\Temp\cco12aMF.debug.temp.o
 .debug_abbrev  0x00002d5c      0x127 C:\Users\uersu\AppData\Local\Temp\ccSgwGP5.debug.temp.o
 .debug_abbrev  0x00002e83       0xcf C:\Users\uersu\AppData\Local\Temp\ccgZlF2v.debug.temp.o
 .debug_abbrev  0x00002f52       0x2c C:\Users\uersu\AppData\Local\Temp\ccaWK2aW.debug.temp.o
 .debug_abbrev  0x00002f7e      0x294 C:\Users\uersu\AppData\Local\Temp\cccDlnsm.debug.temp.o
 .debug_abbrev  0x00003212       0xb9 C:\Users\uersu\AppData\Local\Temp\ccy2XPtQ.debug.temp.o
 .debug_abbrev  0x000032cb      0x17a C:\Users\uersu\AppData\Local\Temp\cciI8kok.debug.temp.o
 .debug_abbrev  0x00003445      0x1f0 C:\Users\uersu\AppData\Local\Temp\ccETVowO.debug.temp.o
 .debug_abbrev  0x00003635      0x277 C:\Users\uersu\AppData\Local\Temp\ccETuHLi.debug.temp.o
 .debug_abbrev  0x000038ac       0x1f obj/gcc8_a_support.o

.debug_line     0x00000000    0x2157a
 *(.debug_line .debug_line.* .debug_line_end)
 .debug_line    0x00000000    0x1b18f C:\Users\uersu\AppData\Local\Temp\ccEZbuTm.ltrans0.ltrans.o
 .debug_line    0x0001b18f      0x332 C:\Users\uersu\AppData\Local\Temp\ccY3IreY.debug.temp.o
 .debug_line    0x0001b4c1      0x29c C:\Users\uersu\AppData\Local\Temp\ccIhnX3m.debug.temp.o
 .debug_line    0x0001b75d      0x15c C:\Users\uersu\AppData\Local\Temp\ccKIF6ZL.debug.temp.o
 .debug_line    0x0001b8b9       0xbd C:\Users\uersu\AppData\Local\Temp\cc2Vg77a.debug.temp.o
 .debug_line    0x0001b976      0x3c5 C:\Users\uersu\AppData\Local\Temp\ccGYsIgz.debug.temp.o
 .debug_line    0x0001bd3b      0x16e C:\Users\uersu\AppData\Local\Temp\ccOiSjyX.debug.temp.o
 .debug_line    0x0001bea9      0x1fa C:\Users\uersu\AppData\Local\Temp\ccA72SLl.debug.temp.o
 .debug_line    0x0001c0a3       0xbb C:\Users\uersu\AppData\Local\Temp\ccM9bZcK.debug.temp.o
 .debug_line    0x0001c15e      0x3ca C:\Users\uersu\AppData\Local\Temp\ccgpZIK8.debug.temp.o
 .debug_line    0x0001c528      0x328 C:\Users\uersu\AppData\Local\Temp\ccmWFDjw.debug.temp.o
 .debug_line    0x0001c850      0x461 C:\Users\uersu\AppData\Local\Temp\ccYV0BLT.debug.temp.o
 .debug_line    0x0001ccb1      0x336 C:\Users\uersu\AppData\Local\Temp\cciwrlmh.debug.temp.o
 .debug_line    0x0001cfe7      0x56c C:\Users\uersu\AppData\Local\Temp\cciObtbF.debug.temp.o
 .debug_line    0x0001d553      0x358 C:\Users\uersu\AppData\Local\Temp\ccCmRe72.debug.temp.o
 .debug_line    0x0001d8ab      0x389 C:\Users\uersu\AppData\Local\Temp\cc0ige1q.debug.temp.o
 .debug_line    0x0001dc34      0x36c C:\Users\uersu\AppData\Local\Temp\cckDi1PS.debug.temp.o
 .debug_line    0x0001dfa0       0xb7 C:\Users\uersu\AppData\Local\Temp\cc04eOJk.debug.temp.o
 .debug_line    0x0001e057      0x369 C:\Users\uersu\AppData\Local\Temp\ccsPukNM.debug.temp.o
 .debug_line    0x0001e3c0      0x3b8 C:\Users\uersu\AppData\Local\Temp\ccktQaRd.debug.temp.o
 .debug_line    0x0001e778      0x205 C:\Users\uersu\AppData\Local\Temp\ccmGzj6E.debug.temp.o
 .debug_line    0x0001e97d      0x3bc C:\Users\uersu\AppData\Local\Temp\ccCq0Be6.debug.temp.o
 .debug_line    0x0001ed39      0x2fa C:\Users\uersu\AppData\Local\Temp\ccKwqPvx.debug.temp.o
 .debug_line    0x0001f033      0x380 C:\Users\uersu\AppData\Local\Temp\ccUv2M0X.debug.temp.o
 .debug_line    0x0001f3b3      0x34c C:\Users\uersu\AppData\Local\Temp\cccjWfFo.debug.temp.o
 .debug_line    0x0001f6ff      0x3c5 C:\Users\uersu\AppData\Local\Temp\ccm6vPcP.debug.temp.o
 .debug_line    0x0001fac4      0x42b C:\Users\uersu\AppData\Local\Temp\ccU5zWTf.debug.temp.o
 .debug_line    0x0001feef      0x357 C:\Users\uersu\AppData\Local\Temp\cco12aMF.debug.temp.o
 .debug_line    0x00020246      0x2d3 C:\Users\uersu\AppData\Local\Temp\ccSgwGP5.debug.temp.o
 .debug_line    0x00020519      0x1a9 C:\Users\uersu\AppData\Local\Temp\ccgZlF2v.debug.temp.o
 .debug_line    0x000206c2       0xbf C:\Users\uersu\AppData\Local\Temp\ccaWK2aW.debug.temp.o
 .debug_line    0x00020781      0x39c C:\Users\uersu\AppData\Local\Temp\cccDlnsm.debug.temp.o
 .debug_line    0x00020b1d      0x176 C:\Users\uersu\AppData\Local\Temp\ccy2XPtQ.debug.temp.o
 .debug_line    0x00020c93      0x248 C:\Users\uersu\AppData\Local\Temp\cciI8kok.debug.temp.o
 .debug_line    0x00020edb      0x34b C:\Users\uersu\AppData\Local\Temp\ccETVowO.debug.temp.o
 .debug_line    0x00021226      0x229 C:\Users\uersu\AppData\Local\Temp\ccETuHLi.debug.temp.o
 .debug_line    0x0002144f      0x12b obj/gcc8_a_support.o

.debug_frame    0x00000000     0xcf84
 *(.debug_frame)
 .debug_frame   0x00000000     0xceb8 C:\Users\uersu\AppData\Local\Temp\ccEZbuTm.ltrans0.ltrans.o
 .debug_frame   0x0000ceb8       0xcc obj/gcc8_a_support.o

.debug_str      0x00000000     0x1396
 *(.debug_str)
 .debug_str     0x00000000        0x0 C:\Users\uersu\AppData\Local\Temp\ccEZbuTm.ltrans0.ltrans.o
 .debug_str     0x00000000       0xdb C:\Users\uersu\AppData\Local\Temp\ccY3IreY.debug.temp.o
 .debug_str     0x000000db       0xd0 C:\Users\uersu\AppData\Local\Temp\ccGYsIgz.debug.temp.o
 .debug_str     0x000001ab       0x18 C:\Users\uersu\AppData\Local\Temp\ccA72SLl.debug.temp.o
 .debug_str     0x000001c3       0x8d C:\Users\uersu\AppData\Local\Temp\ccgpZIK8.debug.temp.o
 .debug_str     0x00000250       0xb7 C:\Users\uersu\AppData\Local\Temp\ccmWFDjw.debug.temp.o
 .debug_str     0x00000307      0x1af C:\Users\uersu\AppData\Local\Temp\ccYV0BLT.debug.temp.o
 .debug_str     0x000004b6       0x37 C:\Users\uersu\AppData\Local\Temp\cciwrlmh.debug.temp.o
 .debug_str     0x000004ed      0x111 C:\Users\uersu\AppData\Local\Temp\cciObtbF.debug.temp.o
 .debug_str     0x000005fe       0xbf C:\Users\uersu\AppData\Local\Temp\ccCmRe72.debug.temp.o
 .debug_str     0x000006bd      0x10e C:\Users\uersu\AppData\Local\Temp\cc0ige1q.debug.temp.o
 .debug_str     0x000007cb       0x29 C:\Users\uersu\AppData\Local\Temp\cckDi1PS.debug.temp.o
 .debug_str     0x000007f4       0x63 C:\Users\uersu\AppData\Local\Temp\ccsPukNM.debug.temp.o
 .debug_str     0x00000857      0x11b C:\Users\uersu\AppData\Local\Temp\ccktQaRd.debug.temp.o
 .debug_str     0x00000972        0xb C:\Users\uersu\AppData\Local\Temp\ccmGzj6E.debug.temp.o
 .debug_str     0x0000097d      0x173 C:\Users\uersu\AppData\Local\Temp\ccCq0Be6.debug.temp.o
 .debug_str     0x00000af0       0x6a C:\Users\uersu\AppData\Local\Temp\ccUv2M0X.debug.temp.o
 .debug_str     0x00000b5a       0x83 C:\Users\uersu\AppData\Local\Temp\cccjWfFo.debug.temp.o
 .debug_str     0x00000bdd      0x1a6 C:\Users\uersu\AppData\Local\Temp\ccm6vPcP.debug.temp.o
 .debug_str     0x00000d83      0x14a C:\Users\uersu\AppData\Local\Temp\ccU5zWTf.debug.temp.o
 .debug_str     0x00000ecd       0x63 C:\Users\uersu\AppData\Local\Temp\cco12aMF.debug.temp.o
 .debug_str     0x00000f30       0xb0 C:\Users\uersu\AppData\Local\Temp\cccDlnsm.debug.temp.o
 .debug_str     0x00000fe0       0x8f C:\Users\uersu\AppData\Local\Temp\cciI8kok.debug.temp.o
 .debug_str     0x0000106f       0x92 C:\Users\uersu\AppData\Local\Temp\ccETVowO.debug.temp.o
 .debug_str     0x00001101      0x1da C:\Users\uersu\AppData\Local\Temp\ccETuHLi.debug.temp.o