
Discarded input sections

 .text          0x00000000        0x0 C:\Users\uersu\AppData\Local\Temp\ccvrJdNh.ltrans0.ltrans.o
 .data          0x00000000        0x0 C:\Users\uersu\AppData\Local\Temp\ccvrJdNh.ltrans0.ltrans.o
 .bss           0x00000000        0x0 C:\Users\uersu\AppData\Local\Temp\ccvrJdNh.ltrans0.ltrans.o
 .data.NPOT_textures
                0x00000000        0x2 C:\Users\uersu\AppData\Local\Temp\ccvrJdNh.ltrans0.ltrans.o
 .data.realWinWidth
                0x00000000        0x4 C:\Users\uersu\AppData\Local\Temp\ccvrJdNh.ltrans0.ltrans.o
 .data.realWinHeight
                0x00000000        0x4 C:\Users\uersu\AppData\Local\Temp\ccvrJdNh.ltrans0.ltrans.o
 .text.amiga_quit
                0x00000000       0x2c C:\Users\uersu\AppData\Local\Temp\ccvrJdNh.ltrans0.ltrans.o
 .text.convertString
                0x00000000        0x4 C:\Users\uersu\AppData\Local\Temp\ccvrJdNh.ltrans0.ltrans.o
 .bss.SystemInts
                0x00000000        0x2 C:\Users\uersu\AppData\Local\Temp\ccvrJdNh.ltrans0.ltrans.o
 .bss.SystemDMA
                0x00000000        0x2 C:\Users\uersu\AppData\Local\Temp\ccvrJdNh.ltrans0.ltrans.o
 .bss.SystemADKCON
                0x00000000        0x2 C:\Users\uersu\AppData\Local\Temp\ccvrJdNh.ltrans0.ltrans.o
 .bss.VBR       0x00000000        0x4 C:\Users\uersu\AppData\Local\Temp\ccvrJdNh.ltrans0.ltrans.o
 .bss.SystemIrq
                0x00000000        0x4 C:\Users\uersu\AppData\Local\Temp\ccvrJdNh.ltrans0.ltrans.o
 .bss.ActiView  0x00000000        0x4 C:\Users\uersu\AppData\Local\Temp\ccvrJdNh.ltrans0.ltrans.o
 .text.GetVBR   0x00000000       0x70 C:\Users\uersu\AppData\Local\Temp\ccvrJdNh.ltrans0.ltrans.o
 .text.SetInterruptHandler
                0x00000000       0x12 C:\Users\uersu\AppData\Local\Temp\ccvrJdNh.ltrans0.ltrans.o
 .text.GetInterruptHandler
                0x00000000        0xc C:\Users\uersu\AppData\Local\Temp\ccvrJdNh.ltrans0.ltrans.o
 .text.WaitLine
                0x00000000       0x3a C:\Users\uersu\AppData\Local\Temp\ccvrJdNh.ltrans0.ltrans.o
 .text.TakeSystem
                0x00000000      0x126 C:\Users\uersu\AppData\Local\Temp\ccvrJdNh.ltrans0.ltrans.o
 .text.FreeSystem
                0x00000000      0x122 C:\Users\uersu\AppData\Local\Temp\ccvrJdNh.ltrans0.ltrans.o
 .text.p61Music
                0x00000000       0x26 C:\Users\uersu\AppData\Local\Temp\ccvrJdNh.ltrans0.ltrans.o
 .text.Wait10   0x00000000       0x10 C:\Users\uersu\AppData\Local\Temp\ccvrJdNh.ltrans0.ltrans.o
 .text.Wait11   0x00000000       0x10 C:\Users\uersu\AppData\Local\Temp\ccvrJdNh.ltrans0.ltrans.o
 .text.Wait12   0x00000000       0x10 C:\Users\uersu\AppData\Local\Temp\ccvrJdNh.ltrans0.ltrans.o
 .text.Wait13   0x00000000       0x10 C:\Users\uersu\AppData\Local\Temp\ccvrJdNh.ltrans0.ltrans.o
 .text.loadStatusBars
                0x00000000      0x1fe C:\Users\uersu\AppData\Local\Temp\ccvrJdNh.ltrans0.ltrans.o
 .text.loadSpeech
                0x00000000      0x154 C:\Users\uersu\AppData\Local\Temp\ccvrJdNh.ltrans0.ltrans.o
 .text.loadSpriteBank
                0x00000000       0x20 C:\Users\uersu\AppData\Local\Temp\ccvrJdNh.ltrans0.ltrans.o
 .text.loadAnim
                0x00000000      0x15e C:\Users\uersu\AppData\Local\Temp\ccvrJdNh.ltrans0.ltrans.o
 .text.loadCostume
                0x00000000      0x12a C:\Users\uersu\AppData\Local\Temp\ccvrJdNh.ltrans0.ltrans.o
 .text.loadPeople
                0x00000000      0x542 C:\Users\uersu\AppData\Local\Temp\ccvrJdNh.ltrans0.ltrans.o
 .bss.allLoadedBanks
                0x00000000        0x4 C:\Users\uersu\AppData\Local\Temp\ccvrJdNh.ltrans0.ltrans.o
 .text.loadBankForAnim
                0x00000000       0xe8 C:\Users\uersu\AppData\Local\Temp\ccvrJdNh.ltrans0.ltrans.o
 .text.getStackFromLibrary
                0x00000000       0x36 C:\Users\uersu\AppData\Local\Temp\ccvrJdNh.ltrans0.ltrans.o
 .text.loadFunction
                0x00000000      0x1c4 C:\Users\uersu\AppData\Local\Temp\ccvrJdNh.ltrans0.ltrans.o
 .text.loadStack
                0x00000000       0xce C:\Users\uersu\AppData\Local\Temp\ccvrJdNh.ltrans0.ltrans.o
 .text.loadStackRef
                0x00000000      0x138 C:\Users\uersu\AppData\Local\Temp\ccvrJdNh.ltrans0.ltrans.o
 .bss.soundOK   0x00000000        0x2 C:\Users\uersu\AppData\Local\Temp\ccvrJdNh.ltrans0.ltrans.o
 .bss.soundCache
                0x00000000       0x70 C:\Users\uersu\AppData\Local\Temp\ccvrJdNh.ltrans0.ltrans.o
 .text.loadSounds
                0x00000000       0x6a C:\Users\uersu\AppData\Local\Temp\ccvrJdNh.ltrans0.ltrans.o
 .bss.backdropTexture
                0x00000000        0x4 C:\Users\uersu\AppData\Local\Temp\ccvrJdNh.ltrans0.ltrans.o
 .bss.lightMapNumber
                0x00000000        0x4 C:\Users\uersu\AppData\Local\Temp\ccvrJdNh.ltrans0.ltrans.o
 .bss.viewportOffsetX
                0x00000000        0x4 C:\Users\uersu\AppData\Local\Temp\ccvrJdNh.ltrans0.ltrans.o
 .bss.viewportOffsetY
                0x00000000        0x4 C:\Users\uersu\AppData\Local\Temp\ccvrJdNh.ltrans0.ltrans.o
[...]
Memory Configuration

Name             Origin             Length             Attributes
*default*        0x00000000         0xffffffff

Linker script and memory map

Address of section .text set to 0x0
LOAD C:\Users\uersu\AppData\Local\Temp\ccvrJdNh.ltrans0.ltrans.o
LOAD C:\Users\uersu\AppData\Local\Temp\ccFbW9PH.debug.temp.o
LOAD C:\Users\uersu\AppData\Local\Temp\ccERDwb0.debug.temp.o
LOAD C:\Users\uersu\AppData\Local\Temp\cc1bg1Fi.debug.temp.o
LOAD C:\Users\uersu\AppData\Local\Temp\ccoulLiB.debug.temp.o
LOAD C:\Users\uersu\AppData\Local\Temp\ccDGRDYS.debug.temp.o
LOAD C:\Users\uersu\AppData\Local\Temp\cc6b00za.debug.temp.o
LOAD C:\Users\uersu\AppData\Local\Temp\ccbdvGks.debug.temp.o
LOAD C:\Users\uersu\AppData\Local\Temp\ccWdvXhK.debug.temp.o
LOAD C:\Users\uersu\AppData\Local\Temp\ccZ9bSa2.debug.temp.o
LOAD C:\Users\uersu\AppData\Local\Temp\ccg1W1ck.debug.temp.o
LOAD C:\Users\uersu\AppData\Local\Temp\cc9nWhiB.debug.temp.o
LOAD C:\Users\uersu\AppData\Local\Temp\ccqNaIvS.debug.temp.o
LOAD C:\Users\uersu\AppData\Local\Temp\ccjILqS9.debug.temp.o
LOAD C:\Users\uersu\AppData\Local\Temp\ccO8Iror.debug.temp.o
LOAD C:\Users\uersu\AppData\Local\Temp\ccLHlrWH.debug.temp.o
LOAD C:\Users\uersu\AppData\Local\Temp\cckaTYpY.debug.temp.o
LOAD C:\Users\uersu\AppData\Local\Temp\cczelP2e.debug.temp.o
LOAD C:\Users\uersu\AppData\Local\Temp\cc8euPNv.debug.temp.o
LOAD C:\Users\uersu\AppData\Local\Temp\cc1lPCMM.debug.temp.o
LOAD C:\Users\uersu\AppData\Local\Temp\ccokUdm7.debug.temp.o
LOAD C:\Users\uersu\AppData\Local\Temp\cc5eGY3r.debug.temp.o
LOAD C:\Users\uersu\AppData\Local\Temp\cccptxZM.debug.temp.o
LOAD C:\Users\uersu\AppData\Local\Temp\cctoMk47.debug.temp.o
LOAD C:\Users\uersu\AppData\Local\Temp\ccA4JC6r.debug.temp.o
LOAD C:\Users\uersu\AppData\Local\Temp\ccXcgLdM.debug.temp.o
LOAD C:\Users\uersu\AppData\Local\Temp\ccKsBBx6.debug.temp.o
LOAD C:\Users\uersu\AppData\Local\Temp\cc9djK0q.debug.temp.o
LOAD C:\Users\uersu\AppData\Local\Temp\ccMO9vpL.debug.temp.o
LOAD C:\Users\uersu\AppData\Local\Temp\cch9VML4.debug.temp.o
LOAD C:\Users\uersu\AppData\Local\Temp\cckvY5uo.debug.temp.o
LOAD C:\Users\uersu\AppData\Local\Temp\cc3QtX9H.debug.temp.o
LOAD C:\Users\uersu\AppData\Local\Temp\ccypx3Z0.debug.temp.o
LOAD C:\Users\uersu\AppData\Local\Temp\cc3xJmZj.debug.temp.o
LOAD obj/gcc8_a_support.o
LOAD obj/depacker_doynax.o
LOAD obj/depacker_doynax_vasm.o
                [!provide]                        PROVIDE (__executable_start = SEGMENT_START ("text-segment", 0x80000000))
                0x80000074                        . = (SEGMENT_START ("text-segment", 0x80000000) + SIZEOF_HEADERS)

.interp
 *(.interp)

.note.gnu.build-id
 *(.note.gnu.build-id)

.hash
 *(.hash)

.gnu.hash
 *(.gnu.hash)

.dynsym
 *(.dynsym)

.dynstr
 *(.dynstr)

.gnu.version
 *(.gnu.version)

.gnu.version_d
 *(.gnu.version_d)

.gnu.version_r
 *(.gnu.version_r)

.rela.dyn       0x80000074        0x0
 *(.rela.init)
 *(.rela.text .rela.text.* .rela.gnu.linkonce.t.*)
 *(.rela.fini)
 *(.rela.rodata .rela.rodata.* .rela.gnu.linkonce.r.*)
 *(.rela.data .rela.data.* .rela.gnu.linkonce.d.*)
 *(.rela.tdata .rela.tdata.* .rela.gnu.linkonce.td.*)
 *(.rela.tbss .rela.tbss.* .rela.gnu.linkonce.tb.*)
 *(.rela.ctors)
 *(.rela.dtors)
 *(.rela.got)
 *(.rela.bss .rela.bss.* .rela.gnu.linkonce.b.*)
                [!provide]                        PROVIDE (__rela_iplt_start = .)
 *(.rela.iplt)
                [!provide]                        PROVIDE (__rela_iplt_end = .)

.rela.plt
 *(.rela.plt)

.init
 *(SORT_NONE(.init))

.plt
 *(.plt)

.iplt
 *(.iplt)

.text           0x00000000    0x12ae4
 *(.text.unlikely .text.*_unlikely .text.unlikely.*)
 .text.unlikely
                0x00000000       0xb8 C:\Users\uersu\AppData\Local\Temp\ccvrJdNh.ltrans0.ltrans.o
                0x00000000                _start
 *(.text.exit .text.exit.*)
 *(.text.startup .text.startup.*)
 *(.text.hot .text.hot.*)
 *(SORT_BY_NAME(.text.sorted.*))
 *(.text .stub .text.* .gnu.linkonce.t.*)
 .text.copyString
                0x000000b8       0x60 C:\Users\uersu\AppData\Local\Temp\ccvrJdNh.ltrans0.ltrans.o
 .text.decodeFilename
                0x00000118      0x1e6 C:\Users\uersu\AppData\Local\Temp\ccvrJdNh.ltrans0.ltrans.o
 .text.encodeFilename
                0x000002fe      0x392 C:\Users\uersu\AppData\Local\Temp\ccvrJdNh.ltrans0.ltrans.o
 .text.FLOATSwap
                0x00000690       0x2c C:\Users\uersu\AppData\Local\Temp\ccvrJdNh.ltrans0.ltrans.o
 .text.get2bytes
                0x000006bc       0x5c C:\Users\uersu\AppData\Local\Temp\ccvrJdNh.ltrans0.ltrans.o
 .text.get4bytes
                0x00000718       0xc0 C:\Users\uersu\AppData\Local\Temp\ccvrJdNh.ltrans0.ltrans.o
 .text.getFloat
                0x000007d8       0x7c C:\Users\uersu\AppData\Local\Temp\ccvrJdNh.ltrans0.ltrans.o
 .text.getSigned
                0x00000854       0x7c C:\Users\uersu\AppData\Local\Temp\ccvrJdNh.ltrans0.ltrans.o
 .text.put2bytes
                0x000008d0       0x88 C:\Users\uersu\AppData\Local\Temp\ccvrJdNh.ltrans0.ltrans.o
 .text.put4bytes
                0x00000958       0xee C:\Users\uersu\AppData\Local\Temp\ccvrJdNh.ltrans0.ltrans.o
 .text.putFloat
                0x00000a46       0x56 C:\Users\uersu\AppData\Local\Temp\ccvrJdNh.ltrans0.ltrans.o
 .text.putSigned
                0x00000a9c       0x66 C:\Users\uersu\AppData\Local\Temp\ccvrJdNh.ltrans0.ltrans.o
 .text.readString
                0x00000b02       0xa8 C:\Users\uersu\AppData\Local\Temp\ccvrJdNh.ltrans0.ltrans.o
 .text.shortSwap
                0x00000baa       0x2e C:\Users\uersu\AppData\Local\Temp\ccvrJdNh.ltrans0.ltrans.o
 .text.writeString
                0x00000bd8       0x80 C:\Users\uersu\AppData\Local\Temp\ccvrJdNh.ltrans0.ltrans.o
 .text.rand     0x00000c58      0x162 C:\Users\uersu\AppData\Local\Temp\ccvrJdNh.ltrans0.ltrans.o
 .text.pickAnimCursor
                0x00000dba       0x28 C:\Users\uersu\AppData\Local\Temp\ccvrJdNh.ltrans0.ltrans.o
 .text.pasteCursor
                0x00000de2       0x12 C:\Users\uersu\AppData\Local\Temp\ccvrJdNh.ltrans0.ltrans.o
 .text.drawLine
                0x00000df4      0x182 C:\Users\uersu\AppData\Local\Temp\ccvrJdNh.ltrans0.ltrans.o
 .text.deleteTextures
                0x00000f76       0xf4 C:\Users\uersu\AppData\Local\Temp\ccvrJdNh.ltrans0.ltrans.o
 .text.setGraphicsWindow
                0x0000106a       0x20 C:\Users\uersu\AppData\Local\Temp\ccvrJdNh.ltrans0.ltrans.o
 .text.resourceNameFromNum
                0x0000108a       0x46 C:\Users\uersu\AppData\Local\Temp\ccvrJdNh.ltrans0.ltrans.o
 .text.main_sludge
                0x000010d0      0x28e C:\Users\uersu\AppData\Local\Temp\ccvrJdNh.ltrans0.ltrans.o
 .text.setGameFilePath
                0x0000135e      0x23e C:\Users\uersu\AppData\Local\Temp\ccvrJdNh.ltrans0.ltrans.o
 .text.killZBuffer
                0x0000159c       0x56 C:\Users\uersu\AppData\Local\Temp\ccvrJdNh.ltrans0.ltrans.o
 .text.setZBuffer
                0x000015f2      0x41c C:\Users\uersu\AppData\Local\Temp\ccvrJdNh.ltrans0.ltrans.o
 .text.sortZPal
                0x00001a0e       0xe6 C:\Users\uersu\AppData\Local\Temp\ccvrJdNh.ltrans0.ltrans.o
 .text.abortFunction
                0x00001af4       0xe6 C:\Users\uersu\AppData\Local\Temp\ccvrJdNh.ltrans0.ltrans.o
 .text.cancelAFunction
                0x00001bda       0x4c C:\Users\uersu\AppData\Local\Temp\ccvrJdNh.ltrans0.ltrans.o
 .text.completeTimers
                0x00001c26       0x2a C:\Users\uersu\AppData\Local\Temp\ccvrJdNh.ltrans0.ltrans.o
 .text.continueFunction
                0x00001c50      0xf54 C:\Users\uersu\AppData\Local\Temp\ccvrJdNh.ltrans0.ltrans.o
 .text.finishFunction
                0x00002ba4       0xcc C:\Users\uersu\AppData\Local\Temp\ccvrJdNh.ltrans0.ltrans.o
 .text.handleInput
                0x00002c70        0x8 C:\Users\uersu\AppData\Local\Temp\ccvrJdNh.ltrans0.ltrans.o
 .text.initSludge
                0x00002c78      0x76e C:\Users\uersu\AppData\Local\Temp\ccvrJdNh.ltrans0.ltrans.o
 .text.killSpeechTimers
                0x000033e6       0x44 C:\Users\uersu\AppData\Local\Temp\ccvrJdNh.ltrans0.ltrans.o
 .text.loadFunctionCode
                0x0000342a      0x1ea C:\Users\uersu\AppData\Local\Temp\ccvrJdNh.ltrans0.ltrans.o
 .text.loadHandlers
                0x00003614       0xa0 C:\Users\uersu\AppData\Local\Temp\ccvrJdNh.ltrans0.ltrans.o
 .text.openAndVerify
                0x000036b4      0x370 C:\Users\uersu\AppData\Local\Temp\ccvrJdNh.ltrans0.ltrans.o
 .text.pauseFunction
                0x00003a24       0x42 C:\Users\uersu\AppData\Local\Temp\ccvrJdNh.ltrans0.ltrans.o
 .text.restartFunction
                0x00003a66       0x1a C:\Users\uersu\AppData\Local\Temp\ccvrJdNh.ltrans0.ltrans.o
 .text.runSludge
                0x00003a80      0x118 C:\Users\uersu\AppData\Local\Temp\ccvrJdNh.ltrans0.ltrans.o
 .text.saveHandlers
                0x00003b98       0xaa C:\Users\uersu\AppData\Local\Temp\ccvrJdNh.ltrans0.ltrans.o
 .text.stackSetByIndex
                0x00003c42       0x44 C:\Users\uersu\AppData\Local\Temp\ccvrJdNh.ltrans0.ltrans.o
 .text.startNewFunctionNum
                0x00003c86      0x166 C:\Users\uersu\AppData\Local\Temp\ccvrJdNh.ltrans0.ltrans.o
 .text.finishAccess
                0x00003dec        0xa C:\Users\uersu\AppData\Local\Temp\ccvrJdNh.ltrans0.ltrans.o
 .text.getNumberedString
                0x00003df6       0xfe C:\Users\uersu\AppData\Local\Temp\ccvrJdNh.ltrans0.ltrans.o
 .text.openFileFromNum
                0x00003ef4       0xc8 C:\Users\uersu\AppData\Local\Temp\ccvrJdNh.ltrans0.ltrans.o
 .text.openObjectSlice
                0x00003fbc       0xc0 C:\Users\uersu\AppData\Local\Temp\ccvrJdNh.ltrans0.ltrans.o
 .text.openSubSlice
                0x0000407c       0xc0 C:\Users\uersu\AppData\Local\Temp\ccvrJdNh.ltrans0.ltrans.o
 .text.setFileIndices
                0x0000413c      0x2c0 C:\Users\uersu\AppData\Local\Temp\ccvrJdNh.ltrans0.ltrans.o
 .text.WaitVbl  0x000043fc       0x5c C:\Users\uersu\AppData\Local\Temp\ccvrJdNh.ltrans0.ltrans.o
 .text.p61Init  0x00004458       0x24 C:\Users\uersu\AppData\Local\Temp\ccvrJdNh.ltrans0.ltrans.o
 .text.p61End   0x0000447c       0x26 C:\Users\uersu\AppData\Local\Temp\ccvrJdNh.ltrans0.ltrans.o
 .text.main     0x000044a2      0x2dc C:\Users\uersu\AppData\Local\Temp\ccvrJdNh.ltrans0.ltrans.o
                0x000044a2                main
 .text.addStatusBar
                0x0000477e       0x6a C:\Users\uersu\AppData\Local\Temp\ccvrJdNh.ltrans0.ltrans.o
 .text.clearStatusBar
                0x000047e8       0x74 C:\Users\uersu\AppData\Local\Temp\ccvrJdNh.ltrans0.ltrans.o
 .text.initStatusBar
                0x0000485c       0x34 C:\Users\uersu\AppData\Local\Temp\ccvrJdNh.ltrans0.ltrans.o
 .text.killLastStatus
                0x00004890       0x62 C:\Users\uersu\AppData\Local\Temp\ccvrJdNh.ltrans0.ltrans.o
 .text.positionStatus
                0x000048f2       0x1c C:\Users\uersu\AppData\Local\Temp\ccvrJdNh.ltrans0.ltrans.o
 .text.saveStatusBars
                0x0000490e      0x1f2 C:\Users\uersu\AppData\Local\Temp\ccvrJdNh.ltrans0.ltrans.o
 .text.setLitStatus
                0x00004b00       0x10 C:\Users\uersu\AppData\Local\Temp\ccvrJdNh.ltrans0.ltrans.o
 .text.setStatusBar
                0x00004b10       0x4c C:\Users\uersu\AppData\Local\Temp\ccvrJdNh.ltrans0.ltrans.o
 .text.statusBarText
                0x00004b5c       0x1e C:\Users\uersu\AppData\Local\Temp\ccvrJdNh.ltrans0.ltrans.o
 .text.addSpeechLine
                0x00004b7a      0x21e C:\Users\uersu\AppData\Local\Temp\ccvrJdNh.ltrans0.ltrans.o
 .text.initSpeech
                0x00004d98       0x7c C:\Users\uersu\AppData\Local\Temp\ccvrJdNh.ltrans0.ltrans.o
 .text.isThereAnySpeechGoingOn
                0x00004e14       0x1c C:\Users\uersu\AppData\Local\Temp\ccvrJdNh.ltrans0.ltrans.o
 .text.killAllSpeech
                0x00004e30       0xce C:\Users\uersu\AppData\Local\Temp\ccvrJdNh.ltrans0.ltrans.o
 .text.makeTalker
                0x00004efe       0x14 C:\Users\uersu\AppData\Local\Temp\ccvrJdNh.ltrans0.ltrans.o
 .text.saveSpeech
                0x00004f12      0x14c C:\Users\uersu\AppData\Local\Temp\ccvrJdNh.ltrans0.ltrans.o
 .text.setFrames
                0x0000505e       0x4a C:\Users\uersu\AppData\Local\Temp\ccvrJdNh.ltrans0.ltrans.o
 .text.wrapSpeech
                0x000050a8      0x118 C:\Users\uersu\AppData\Local\Temp\ccvrJdNh.ltrans0.ltrans.o
 .text.wrapSpeechPerson
                0x000051c0      0x11e C:\Users\uersu\AppData\Local\Temp\ccvrJdNh.ltrans0.ltrans.o
 .text.wrapSpeechXY
                0x000052de      0x32e C:\Users\uersu\AppData\Local\Temp\ccvrJdNh.ltrans0.ltrans.o
 .text.TF_abs   0x0000560c        0xa C:\Users\uersu\AppData\Local\Temp\ccvrJdNh.ltrans0.ltrans.o
 .text.addPerson
                0x00005616      0x272 C:\Users\uersu\AppData\Local\Temp\ccvrJdNh.ltrans0.ltrans.o
 .text.animatePerson
                0x00005888       0x4a C:\Users\uersu\AppData\Local\Temp\ccvrJdNh.ltrans0.ltrans.o
 .text.animatePersonUsingPersona
                0x000058d2       0x58 C:\Users\uersu\AppData\Local\Temp\ccvrJdNh.ltrans0.ltrans.o
 .text.copyAnim
                0x0000592a      0x19a C:\Users\uersu\AppData\Local\Temp\ccvrJdNh.ltrans0.ltrans.o
 .text.deleteAnim
                0x00005ac4       0x50 C:\Users\uersu\AppData\Local\Temp\ccvrJdNh.ltrans0.ltrans.o
 .text.doBorderStuff
                0x00005b14      0x6ba C:\Users\uersu\AppData\Local\Temp\ccvrJdNh.ltrans0.ltrans.o
 .text.findPerson
                0x000061ce       0x2e C:\Users\uersu\AppData\Local\Temp\ccvrJdNh.ltrans0.ltrans.o
 .text.floatCharacter
                0x000061fc       0x24 C:\Users\uersu\AppData\Local\Temp\ccvrJdNh.ltrans0.ltrans.o
 .text.forceWalkingPerson
                0x00006220       0xaa C:\Users\uersu\AppData\Local\Temp\ccvrJdNh.ltrans0.ltrans.o
 .text.handleClosestPoint
                0x000062ca      0x240 C:\Users\uersu\AppData\Local\Temp\ccvrJdNh.ltrans0.ltrans.o
 .text.initPeople
                0x0000650a       0x1e C:\Users\uersu\AppData\Local\Temp\ccvrJdNh.ltrans0.ltrans.o
 .text.jumpPerson
                0x00006528       0x90 C:\Users\uersu\AppData\Local\Temp\ccvrJdNh.ltrans0.ltrans.o
 .text.killAllPeople
                0x000065b8       0x82 C:\Users\uersu\AppData\Local\Temp\ccvrJdNh.ltrans0.ltrans.o
 .text.killMostPeople
                0x0000663a       0xaa C:\Users\uersu\AppData\Local\Temp\ccvrJdNh.ltrans0.ltrans.o
 .text.makeSilent
                0x000066e4       0x14 C:\Users\uersu\AppData\Local\Temp\ccvrJdNh.ltrans0.ltrans.o
 .text.makeWalkingPerson
                0x000066f8      0x1b8 C:\Users\uersu\AppData\Local\Temp\ccvrJdNh.ltrans0.ltrans.o
 .text.makeNullAnim
                0x000068b0       0x66 C:\Users\uersu\AppData\Local\Temp\ccvrJdNh.ltrans0.ltrans.o
 .text.moveAndScale
                0x00006916       0x7e C:\Users\uersu\AppData\Local\Temp\ccvrJdNh.ltrans0.ltrans.o
 .text.removeOneCharacter
                0x00006994       0xcc C:\Users\uersu\AppData\Local\Temp\ccvrJdNh.ltrans0.ltrans.o
 .text.rethinkAngle
                0x00006a60       0x86 C:\Users\uersu\AppData\Local\Temp\ccvrJdNh.ltrans0.ltrans.o
 .text.saveAnim
                0x00006ae6       0xca C:\Users\uersu\AppData\Local\Temp\ccvrJdNh.ltrans0.ltrans.o
 .text.saveCostume
                0x00006bb0       0x5e C:\Users\uersu\AppData\Local\Temp\ccvrJdNh.ltrans0.ltrans.o
 .text.savePeople
                0x00006c0e      0x4e2 C:\Users\uersu\AppData\Local\Temp\ccvrJdNh.ltrans0.ltrans.o
 .text.setDrawMode
                0x000070f0       0x2a C:\Users\uersu\AppData\Local\Temp\ccvrJdNh.ltrans0.ltrans.o
 .text.setMyDrawMode
                0x0000711a      0x51c C:\Users\uersu\AppData\Local\Temp\ccvrJdNh.ltrans0.ltrans.o
 .text.setCharacterWalkSpeed
                0x00007636       0x2e C:\Users\uersu\AppData\Local\Temp\ccvrJdNh.ltrans0.ltrans.o
 .text.setPersonExtra
                0x00007664       0x36 C:\Users\uersu\AppData\Local\Temp\ccvrJdNh.ltrans0.ltrans.o
 .text.setScale
                0x0000769a       0x28 C:\Users\uersu\AppData\Local\Temp\ccvrJdNh.ltrans0.ltrans.o
 .text.setShown
                0x000076c2       0x2e C:\Users\uersu\AppData\Local\Temp\ccvrJdNh.ltrans0.ltrans.o
 .text.spinStep
                0x000076f0       0xde C:\Users\uersu\AppData\Local\Temp\ccvrJdNh.ltrans0.ltrans.o
 .text.stopPerson
                0x000077ce       0x54 C:\Users\uersu\AppData\Local\Temp\ccvrJdNh.ltrans0.ltrans.o
 .text.timeForAnim
                0x00007822       0x3e C:\Users\uersu\AppData\Local\Temp\ccvrJdNh.ltrans0.ltrans.o
 .text.turnMeAngle
                0x00007860       0x7a C:\Users\uersu\AppData\Local\Temp\ccvrJdNh.ltrans0.ltrans.o
 .text.turnPersonToFace
                0x000078da       0x76 C:\Users\uersu\AppData\Local\Temp\ccvrJdNh.ltrans0.ltrans.o
 .text.walkMe   0x00007950      0x2f0 C:\Users\uersu\AppData\Local\Temp\ccvrJdNh.ltrans0.ltrans.o
 .text.clearStackLib
                0x00007c40       0x4a C:\Users\uersu\AppData\Local\Temp\ccvrJdNh.ltrans0.ltrans.o
 .text.loadGame
                0x00007c8a      0x300 C:\Users\uersu\AppData\Local\Temp\ccvrJdNh.ltrans0.ltrans.o
 .text.saveFunction
                0x00007f8a      0x1ba C:\Users\uersu\AppData\Local\Temp\ccvrJdNh.ltrans0.ltrans.o
 .text.saveGame
                0x00008144      0x578 C:\Users\uersu\AppData\Local\Temp\ccvrJdNh.ltrans0.ltrans.o
 .text.saveStack
                0x000086bc       0x64 C:\Users\uersu\AppData\Local\Temp\ccvrJdNh.ltrans0.ltrans.o
 .text.saveStackRef
                0x00008720      0x128 C:\Users\uersu\AppData\Local\Temp\ccvrJdNh.ltrans0.ltrans.o
 .text.saveVariable
                0x00008848      0x130 C:\Users\uersu\AppData\Local\Temp\ccvrJdNh.ltrans0.ltrans.o
 .text.cacheSound
                0x00008978        0x4 C:\Users\uersu\AppData\Local\Temp\ccvrJdNh.ltrans0.ltrans.o
 .text.huntKillFreeSound
                0x0000897c        0x4 C:\Users\uersu\AppData\Local\Temp\ccvrJdNh.ltrans0.ltrans.o
 .text.huntKillSound
                0x00008980        0x4 C:\Users\uersu\AppData\Local\Temp\ccvrJdNh.ltrans0.ltrans.o
 .text.playMOD  0x00008984        0x4 C:\Users\uersu\AppData\Local\Temp\ccvrJdNh.ltrans0.ltrans.o
 .text.playSoundList
                0x00008988        0x4 C:\Users\uersu\AppData\Local\Temp\ccvrJdNh.ltrans0.ltrans.o
 .text.saveSounds
                0x0000898c       0x5e C:\Users\uersu\AppData\Local\Temp\ccvrJdNh.ltrans0.ltrans.o
 .text.setDefaultMusicVolume
                0x000089ea        0xc C:\Users\uersu\AppData\Local\Temp\ccvrJdNh.ltrans0.ltrans.o
 .text.setDefaultSoundVolume
                0x000089f6        0xc C:\Users\uersu\AppData\Local\Temp\ccvrJdNh.ltrans0.ltrans.o
 .text.setSoundLoop
                0x00008a02        0x4 C:\Users\uersu\AppData\Local\Temp\ccvrJdNh.ltrans0.ltrans.o
 .text.setMusicVolume
                0x00008a06        0x4 C:\Users\uersu\AppData\Local\Temp\ccvrJdNh.ltrans0.ltrans.o
 .text.setSoundVolume
                0x00008a0a        0x4 C:\Users\uersu\AppData\Local\Temp\ccvrJdNh.ltrans0.ltrans.o
 .text.startSound
                0x00008a0e       0x12 C:\Users\uersu\AppData\Local\Temp\ccvrJdNh.ltrans0.ltrans.o
 .text.stopMOD  0x00008a20        0x4 C:\Users\uersu\AppData\Local\Temp\ccvrJdNh.ltrans0.ltrans.o
 .text.blankScreen
                0x00008a24       0xd6 C:\Users\uersu\AppData\Local\Temp\ccvrJdNh.ltrans0.ltrans.o
 .text.darkScreen
                0x00008afa       0x12 C:\Users\uersu\AppData\Local\Temp\ccvrJdNh.ltrans0.ltrans.o
 .text.drawHorizontalLine
                0x00008b0c       0x26 C:\Users\uersu\AppData\Local\Temp\ccvrJdNh.ltrans0.ltrans.o
 .text.drawVerticalLine
                0x00008b32       0x26 C:\Users\uersu\AppData\Local\Temp\ccvrJdNh.ltrans0.ltrans.o
 .text.hardScroll
                0x00008b58       0x12 C:\Users\uersu\AppData\Local\Temp\ccvrJdNh.ltrans0.ltrans.o
 .text.killBackDrop
                0x00008b6a       0x22 C:\Users\uersu\AppData\Local\Temp\ccvrJdNh.ltrans0.ltrans.o
 .text.killParallax
                0x00008b8c       0x86 C:\Users\uersu\AppData\Local\Temp\ccvrJdNh.ltrans0.ltrans.o
 .text.loadBackDrop
                0x00008c12       0x12 C:\Users\uersu\AppData\Local\Temp\ccvrJdNh.ltrans0.ltrans.o
 .text.loadParallax
                0x00008c24       0x34 C:\Users\uersu\AppData\Local\Temp\ccvrJdNh.ltrans0.ltrans.o
 .text.mixBackDrop
                0x00008c58       0x12 C:\Users\uersu\AppData\Local\Temp\ccvrJdNh.ltrans0.ltrans.o
 .text.nosnapshot
                0x00008c6a       0x1c C:\Users\uersu\AppData\Local\Temp\ccvrJdNh.ltrans0.ltrans.o
 .text.resizeBackdrop
                0x00008c86       0x2a C:\Users\uersu\AppData\Local\Temp\ccvrJdNh.ltrans0.ltrans.o
 .text.restoreSnapshot
                0x00008cb0       0x26 C:\Users\uersu\AppData\Local\Temp\ccvrJdNh.ltrans0.ltrans.o
 .text.saveParallaxRecursive
                0x00008cd6       0xae C:\Users\uersu\AppData\Local\Temp\ccvrJdNh.ltrans0.ltrans.o
 .text.snapshot
                0x00008d84       0x12 C:\Users\uersu\AppData\Local\Temp\ccvrJdNh.ltrans0.ltrans.o
 .text.findObjectType
                0x00008d96       0x34 C:\Users\uersu\AppData\Local\Temp\ccvrJdNh.ltrans0.ltrans.o
 .text.getCombinationFunction
                0x00008dca       0x66 C:\Users\uersu\AppData\Local\Temp\ccvrJdNh.ltrans0.ltrans.o
 .text.initObjectTypes
                0x00008e30        0x4 C:\Users\uersu\AppData\Local\Temp\ccvrJdNh.ltrans0.ltrans.o
 .text.loadObjectRef
                0x00008e34       0x52 C:\Users\uersu\AppData\Local\Temp\ccvrJdNh.ltrans0.ltrans.o
 .text.loadObjectType
                0x00008e86      0x2b8 C:\Users\uersu\AppData\Local\Temp\ccvrJdNh.ltrans0.ltrans.o
 .text.removeObjectType
                0x0000913e       0xa0 C:\Users\uersu\AppData\Local\Temp\ccvrJdNh.ltrans0.ltrans.o
 .text.saveObjectRef
                0x000091de       0x2e C:\Users\uersu\AppData\Local\Temp\ccvrJdNh.ltrans0.ltrans.o
 .text.fileToStack
                0x0000920c      0x36e C:\Users\uersu\AppData\Local\Temp\ccvrJdNh.ltrans0.ltrans.o
 .text.readStringEncoded
                0x0000957a       0xc6 C:\Users\uersu\AppData\Local\Temp\ccvrJdNh.ltrans0.ltrans.o
 .text.readTextPlain
                0x00009640      0x192 C:\Users\uersu\AppData\Local\Temp\ccvrJdNh.ltrans0.ltrans.o
 .text.stackToFile
                0x000097d2      0x316 C:\Users\uersu\AppData\Local\Temp\ccvrJdNh.ltrans0.ltrans.o
 .text.writeStringEncoded
                0x00009ae8       0x9a C:\Users\uersu\AppData\Local\Temp\ccvrJdNh.ltrans0.ltrans.o
 .text.failSecurityCheck
                0x00009b82       0x8e C:\Users\uersu\AppData\Local\Temp\ccvrJdNh.ltrans0.ltrans.o
 .text.sayCore  0x00009c10      0x166 C:\Users\uersu\AppData\Local\Temp\ccvrJdNh.ltrans0.ltrans.o
 .text.builtIn_say
                0x00009d76       0x18 C:\Users\uersu\AppData\Local\Temp\ccvrJdNh.ltrans0.ltrans.o
 .text.builtIn_think
                0x00009d8e       0x16 C:\Users\uersu\AppData\Local\Temp\ccvrJdNh.ltrans0.ltrans.o
 .text.builtIn_freeze
                0x00009da4        0x4 C:\Users\uersu\AppData\Local\Temp\ccvrJdNh.ltrans0.ltrans.o
 .text.builtIn_unfreeze
                0x00009da8        0x4 C:\Users\uersu\AppData\Local\Temp\ccvrJdNh.ltrans0.ltrans.o
 .text.builtIn_howFrozen
                0x00009dac        0x4 C:\Users\uersu\AppData\Local\Temp\ccvrJdNh.ltrans0.ltrans.o
 .text.builtIn_setCursor
                0x00009db0       0x38 C:\Users\uersu\AppData\Local\Temp\ccvrJdNh.ltrans0.ltrans.o
 .text.builtIn_getMouseX
                0x00009de8       0x2c C:\Users\uersu\AppData\Local\Temp\ccvrJdNh.ltrans0.ltrans.o
 .text.builtIn_getMouseY
                0x00009e14       0x2c C:\Users\uersu\AppData\Local\Temp\ccvrJdNh.ltrans0.ltrans.o
 .text.builtIn_getMouseScreenX
                0x00009e40       0x4e C:\Users\uersu\AppData\Local\Temp\ccvrJdNh.ltrans0.ltrans.o
 .text.builtIn_getMouseScreenY
                0x00009e8e       0x4e C:\Users\uersu\AppData\Local\Temp\ccvrJdNh.ltrans0.ltrans.o
 .text.builtIn_getStatusText
                0x00009edc       0x20 C:\Users\uersu\AppData\Local\Temp\ccvrJdNh.ltrans0.ltrans.o
 .text.builtIn_getMatchingFiles
                0x00009efc      0x10e C:\Users\uersu\AppData\Local\Temp\ccvrJdNh.ltrans0.ltrans.o
 .text.builtIn_saveGame
                0x0000a00a       0xca C:\Users\uersu\AppData\Local\Temp\ccvrJdNh.ltrans0.ltrans.o
 .text.builtIn_fileExists
                0x0000a0d4      0x124 C:\Users\uersu\AppData\Local\Temp\ccvrJdNh.ltrans0.ltrans.o
 .text.builtIn_loadGame
                0x0000a1f8       0xea C:\Users\uersu\AppData\Local\Temp\ccvrJdNh.ltrans0.ltrans.o
 .text.builtIn_blankScreen
                0x0000a2e2       0x24 C:\Users\uersu\AppData\Local\Temp\ccvrJdNh.ltrans0.ltrans.o
 .text.builtIn_blankArea
                0x0000a306      0x110 C:\Users\uersu\AppData\Local\Temp\ccvrJdNh.ltrans0.ltrans.o
 .text.builtIn_darkBackground
                0x0000a416        0xa C:\Users\uersu\AppData\Local\Temp\ccvrJdNh.ltrans0.ltrans.o
 .text.builtIn_addOverlay
                0x0000a420       0xd0 C:\Users\uersu\AppData\Local\Temp\ccvrJdNh.ltrans0.ltrans.o
 .text.builtIn_mixOverlay
                0x0000a4f0       0xd0 C:\Users\uersu\AppData\Local\Temp\ccvrJdNh.ltrans0.ltrans.o
 .text.builtIn_pasteImage
                0x0000a5c0       0xc8 C:\Users\uersu\AppData\Local\Temp\ccvrJdNh.ltrans0.ltrans.o
 .text.builtIn_setSceneDimensions
                0x0000a688       0xba C:\Users\uersu\AppData\Local\Temp\ccvrJdNh.ltrans0.ltrans.o
 .text.builtIn_aimCamera
                0x0000a742      0x2b8 C:\Users\uersu\AppData\Local\Temp\ccvrJdNh.ltrans0.ltrans.o
 .text.builtIn_zoomCamera
                0x0000a9fa      0x22e C:\Users\uersu\AppData\Local\Temp\ccvrJdNh.ltrans0.ltrans.o
 .text.builtIn_pickOne
                0x0000ac28       0x82 C:\Users\uersu\AppData\Local\Temp\ccvrJdNh.ltrans0.ltrans.o
 .text.builtIn_substring
                0x0000acaa      0x1ba C:\Users\uersu\AppData\Local\Temp\ccvrJdNh.ltrans0.ltrans.o
 .text.builtIn_stringLength
                0x0000ae64       0x72 C:\Users\uersu\AppData\Local\Temp\ccvrJdNh.ltrans0.ltrans.o
 .text.builtIn_newStack
                0x0000aed6      0x122 C:\Users\uersu\AppData\Local\Temp\ccvrJdNh.ltrans0.ltrans.o
 .text.builtIn_stackSize
                0x0000aff8       0xb4 C:\Users\uersu\AppData\Local\Temp\ccvrJdNh.ltrans0.ltrans.o
 .text.builtIn_copyStack
                0x0000b0ac       0x5c C:\Users\uersu\AppData\Local\Temp\ccvrJdNh.ltrans0.ltrans.o
 .text.builtIn_pushToStack
                0x0000b108       0xbc C:\Users\uersu\AppData\Local\Temp\ccvrJdNh.ltrans0.ltrans.o
 .text.builtIn_enqueue
                0x0000b1c4      0x11c C:\Users\uersu\AppData\Local\Temp\ccvrJdNh.ltrans0.ltrans.o
 .text.builtIn_deleteFromStack
                0x0000b2e0       0xca C:\Users\uersu\AppData\Local\Temp\ccvrJdNh.ltrans0.ltrans.o
 .text.builtIn_deleteAllFromStack
                0x0000b3aa       0xcc C:\Users\uersu\AppData\Local\Temp\ccvrJdNh.ltrans0.ltrans.o
 .text.builtIn_popFromStack
                0x0000b476       0x94 C:\Users\uersu\AppData\Local\Temp\ccvrJdNh.ltrans0.ltrans.o
 .text.builtIn_peekStart
                0x0000b50a       0x7c C:\Users\uersu\AppData\Local\Temp\ccvrJdNh.ltrans0.ltrans.o
 .text.builtIn_peekEnd
                0x0000b586       0x7e C:\Users\uersu\AppData\Local\Temp\ccvrJdNh.ltrans0.ltrans.o
 .text.builtIn_random
                0x0000b604       0x7a C:\Users\uersu\AppData\Local\Temp\ccvrJdNh.ltrans0.ltrans.o
 .text.builtIn_setStatusColour
                0x0000b67e        0x4 C:\Users\uersu\AppData\Local\Temp\ccvrJdNh.ltrans0.ltrans.o
 .text.builtIn_setLitStatusColour
                0x0000b682        0x4 C:\Users\uersu\AppData\Local\Temp\ccvrJdNh.ltrans0.ltrans.o
 .text.builtIn_setPasteColour
                0x0000b686        0x4 C:\Users\uersu\AppData\Local\Temp\ccvrJdNh.ltrans0.ltrans.o
 .text.builtIn_setBlankColour
                0x0000b68a        0x4 C:\Users\uersu\AppData\Local\Temp\ccvrJdNh.ltrans0.ltrans.o
 .text.builtIn_setBurnColour
                0x0000b68e        0x4 C:\Users\uersu\AppData\Local\Temp\ccvrJdNh.ltrans0.ltrans.o
 .text.builtIn_setFont
                0x0000b692       0xea C:\Users\uersu\AppData\Local\Temp\ccvrJdNh.ltrans0.ltrans.o
 .text.builtIn_inFont
                0x0000b77c       0x5a C:\Users\uersu\AppData\Local\Temp\ccvrJdNh.ltrans0.ltrans.o
 .text.builtIn_pasteString
                0x0000b7d6        0x4 C:\Users\uersu\AppData\Local\Temp\ccvrJdNh.ltrans0.ltrans.o
 .text.builtIn_anim
                0x0000b7da       0x1e C:\Users\uersu\AppData\Local\Temp\ccvrJdNh.ltrans0.ltrans.o
 .text.builtIn_costume
                0x0000b7f8      0x130 C:\Users\uersu\AppData\Local\Temp\ccvrJdNh.ltrans0.ltrans.o
 .text.builtIn_launch
                0x0000b928      0x160 C:\Users\uersu\AppData\Local\Temp\ccvrJdNh.ltrans0.ltrans.o
 .text.builtIn_pause
                0x0000ba88       0x5c C:\Users\uersu\AppData\Local\Temp\ccvrJdNh.ltrans0.ltrans.o
 .text.builtIn_completeTimers
                0x0000bae4        0xa C:\Users\uersu\AppData\Local\Temp\ccvrJdNh.ltrans0.ltrans.o
 .text.builtIn_callEvent
                0x0000baee       0xd0 C:\Users\uersu\AppData\Local\Temp\ccvrJdNh.ltrans0.ltrans.o
 .text.builtIn_quitGame
                0x0000bbbe        0xc C:\Users\uersu\AppData\Local\Temp\ccvrJdNh.ltrans0.ltrans.o
 .text.builtIn__rem_movieStart
                0x0000bbca       0x12 C:\Users\uersu\AppData\Local\Temp\ccvrJdNh.ltrans0.ltrans.o
 .text.builtIn__rem_movieAbort
                0x0000bbdc       0x12 C:\Users\uersu\AppData\Local\Temp\ccvrJdNh.ltrans0.ltrans.o
 .text.builtIn__rem_moviePlaying
                0x0000bbee       0x12 C:\Users\uersu\AppData\Local\Temp\ccvrJdNh.ltrans0.ltrans.o
 .text.builtIn_playMovie
                0x0000bc00       0x12 C:\Users\uersu\AppData\Local\Temp\ccvrJdNh.ltrans0.ltrans.o
 .text.builtIn_stopMovie
                0x0000bc12       0x12 C:\Users\uersu\AppData\Local\Temp\ccvrJdNh.ltrans0.ltrans.o
 .text.builtIn_pauseMovie
                0x0000bc24       0x12 C:\Users\uersu\AppData\Local\Temp\ccvrJdNh.ltrans0.ltrans.o
 .text.builtIn_startMusic
                0x0000bc36       0xd8 C:\Users\uersu\AppData\Local\Temp\ccvrJdNh.ltrans0.ltrans.o
 .text.builtIn_stopMusic
                0x0000bd0e       0x4c C:\Users\uersu\AppData\Local\Temp\ccvrJdNh.ltrans0.ltrans.o
 .text.builtIn_setMusicVolume
                0x0000bd5a       0x8a C:\Users\uersu\AppData\Local\Temp\ccvrJdNh.ltrans0.ltrans.o
 .text.builtIn_setDefaultMusicVolume
                0x0000bde4       0x4c C:\Users\uersu\AppData\Local\Temp\ccvrJdNh.ltrans0.ltrans.o
 .text.builtIn_playSound
                0x0000be30       0x56 C:\Users\uersu\AppData\Local\Temp\ccvrJdNh.ltrans0.ltrans.o
 .text.builtIn_loopSound
                0x0000be86      0x1ea C:\Users\uersu\AppData\Local\Temp\ccvrJdNh.ltrans0.ltrans.o
 .text.builtIn_stopSound
                0x0000c070       0x4c C:\Users\uersu\AppData\Local\Temp\ccvrJdNh.ltrans0.ltrans.o
 .text.builtIn_setDefaultSoundVolume
                0x0000c0bc       0x4c C:\Users\uersu\AppData\Local\Temp\ccvrJdNh.ltrans0.ltrans.o
 .text.builtIn_setSoundVolume
                0x0000c108       0x8a C:\Users\uersu\AppData\Local\Temp\ccvrJdNh.ltrans0.ltrans.o
 .text.builtIn_setSoundLoopPoints
                0x0000c192       0xd0 C:\Users\uersu\AppData\Local\Temp\ccvrJdNh.ltrans0.ltrans.o
 .text.builtIn_setFloor
                0x0000c262       0x74 C:\Users\uersu\AppData\Local\Temp\ccvrJdNh.ltrans0.ltrans.o
 .text.builtIn_showFloor
                0x0000c2d6        0xa C:\Users\uersu\AppData\Local\Temp\ccvrJdNh.ltrans0.ltrans.o
 .text.builtIn_setZBuffer
                0x0000c2e0       0x74 C:\Users\uersu\AppData\Local\Temp\ccvrJdNh.ltrans0.ltrans.o
 .text.builtIn_setLightMap
                0x0000c354       0x12 C:\Users\uersu\AppData\Local\Temp\ccvrJdNh.ltrans0.ltrans.o
 .text.builtIn_setSpeechMode
                0x0000c366       0x62 C:\Users\uersu\AppData\Local\Temp\ccvrJdNh.ltrans0.ltrans.o
 .text.builtIn_somethingSpeaking
                0x0000c3c8       0x4c C:\Users\uersu\AppData\Local\Temp\ccvrJdNh.ltrans0.ltrans.o
 .text.builtIn_skipSpeech
                0x0000c414        0xa C:\Users\uersu\AppData\Local\Temp\ccvrJdNh.ltrans0.ltrans.o
 .text.builtIn_getOverObject
                0x0000c41e       0x50 C:\Users\uersu\AppData\Local\Temp\ccvrJdNh.ltrans0.ltrans.o
 .text.builtIn_rename
                0x0000c46e       0xa8 C:\Users\uersu\AppData\Local\Temp\ccvrJdNh.ltrans0.ltrans.o
 .text.builtIn_getObjectX
                0x0000c516       0xd6 C:\Users\uersu\AppData\Local\Temp\ccvrJdNh.ltrans0.ltrans.o
 .text.builtIn_getObjectY
                0x0000c5ec       0xd8 C:\Users\uersu\AppData\Local\Temp\ccvrJdNh.ltrans0.ltrans.o
 .text.builtIn_addScreenRegion
                0x0000c6c4      0x224 C:\Users\uersu\AppData\Local\Temp\ccvrJdNh.ltrans0.ltrans.o
 .text.builtIn_removeScreenRegion
                0x0000c8e8       0x4c C:\Users\uersu\AppData\Local\Temp\ccvrJdNh.ltrans0.ltrans.o
 .text.builtIn_showBoxes
                0x0000c934        0xa C:\Users\uersu\AppData\Local\Temp\ccvrJdNh.ltrans0.ltrans.o
 .text.builtIn_removeAllScreenRegions
                0x0000c93e        0xa C:\Users\uersu\AppData\Local\Temp\ccvrJdNh.ltrans0.ltrans.o
 .text.builtIn_addCharacter
                0x0000c948      0x10c C:\Users\uersu\AppData\Local\Temp\ccvrJdNh.ltrans0.ltrans.o
 .text.builtIn_hideCharacter
                0x0000ca54       0x4e C:\Users\uersu\AppData\Local\Temp\ccvrJdNh.ltrans0.ltrans.o
 .text.builtIn_showCharacter
                0x0000caa2       0x50 C:\Users\uersu\AppData\Local\Temp\ccvrJdNh.ltrans0.ltrans.o
 .text.builtIn_removeAllCharacters
                0x0000caf2       0x10 C:\Users\uersu\AppData\Local\Temp\ccvrJdNh.ltrans0.ltrans.o
 .text.builtIn_setCharacterDrawMode
                0x0000cb02       0x8a C:\Users\uersu\AppData\Local\Temp\ccvrJdNh.ltrans0.ltrans.o
 .text.builtIn_setCharacterTransparency
                0x0000cb8c       0x12 C:\Users\uersu\AppData\Local\Temp\ccvrJdNh.ltrans0.ltrans.o
 .text.builtIn_setCharacterColourise
                0x0000cb9e       0x12 C:\Users\uersu\AppData\Local\Temp\ccvrJdNh.ltrans0.ltrans.o
 .text.builtIn_setScale
                0x0000cbb0       0x92 C:\Users\uersu\AppData\Local\Temp\ccvrJdNh.ltrans0.ltrans.o
 .text.builtIn_stopCharacter
                0x0000cc42       0x68 C:\Users\uersu\AppData\Local\Temp\ccvrJdNh.ltrans0.ltrans.o
 .text.builtIn_pasteCharacter
                0x0000ccaa       0x12 C:\Users\uersu\AppData\Local\Temp\ccvrJdNh.ltrans0.ltrans.o
 .text.builtIn_animate
                0x0000ccbc       0xa8 C:\Users\uersu\AppData\Local\Temp\ccvrJdNh.ltrans0.ltrans.o
 .text.builtIn_setCostume
                0x0000cd64       0x7e C:\Users\uersu\AppData\Local\Temp\ccvrJdNh.ltrans0.ltrans.o
 .text.builtIn_floatCharacter
                0x0000cde2       0xa6 C:\Users\uersu\AppData\Local\Temp\ccvrJdNh.ltrans0.ltrans.o
 .text.builtIn_setCharacterWalkSpeed
                0x0000ce88       0xa6 C:\Users\uersu\AppData\Local\Temp\ccvrJdNh.ltrans0.ltrans.o
 .text.builtIn_turnCharacter
                0x0000cf2e       0xa6 C:\Users\uersu\AppData\Local\Temp\ccvrJdNh.ltrans0.ltrans.o
 .text.builtIn_setCharacterExtra
                0x0000cfd4       0xa6 C:\Users\uersu\AppData\Local\Temp\ccvrJdNh.ltrans0.ltrans.o
 .text.builtIn_removeCharacter
                0x0000d07a       0x4c C:\Users\uersu\AppData\Local\Temp\ccvrJdNh.ltrans0.ltrans.o
 .text.moveChr  0x0000d0c6      0x2b8 C:\Users\uersu\AppData\Local\Temp\ccvrJdNh.ltrans0.ltrans.o
 .text.builtIn_moveCharacter
                0x0000d37e       0x18 C:\Users\uersu\AppData\Local\Temp\ccvrJdNh.ltrans0.ltrans.o
 .text.builtIn_forceCharacter
                0x0000d396       0x1a C:\Users\uersu\AppData\Local\Temp\ccvrJdNh.ltrans0.ltrans.o
 .text.builtIn_jumpCharacter
                0x0000d3b0       0x1a C:\Users\uersu\AppData\Local\Temp\ccvrJdNh.ltrans0.ltrans.o
 .text.builtIn_clearStatus
                0x0000d3ca        0xa C:\Users\uersu\AppData\Local\Temp\ccvrJdNh.ltrans0.ltrans.o
 .text.builtIn_removeLastStatus
                0x0000d3d4        0xa C:\Users\uersu\AppData\Local\Temp\ccvrJdNh.ltrans0.ltrans.o
 .text.builtIn_addStatus
                0x0000d3de        0xa C:\Users\uersu\AppData\Local\Temp\ccvrJdNh.ltrans0.ltrans.o
 .text.builtIn_statusText
                0x0000d3e8       0x5c C:\Users\uersu\AppData\Local\Temp\ccvrJdNh.ltrans0.ltrans.o
 .text.builtIn_lightStatus
                0x0000d444       0x4c C:\Users\uersu\AppData\Local\Temp\ccvrJdNh.ltrans0.ltrans.o
 .text.builtIn_positionStatus
                0x0000d490       0x8a C:\Users\uersu\AppData\Local\Temp\ccvrJdNh.ltrans0.ltrans.o
 .text.builtIn_alignStatus
                0x0000d51a       0x4e C:\Users\uersu\AppData\Local\Temp\ccvrJdNh.ltrans0.ltrans.o
 .text.getFuncNumForCallback
                0x0000d568       0x64 C:\Users\uersu\AppData\Local\Temp\ccvrJdNh.ltrans0.ltrans.o
 .text.builtIn_onLeftMouse
                0x0000d5cc       0x30 C:\Users\uersu\AppData\Local\Temp\ccvrJdNh.ltrans0.ltrans.o
 .text.builtIn_onLeftMouseUp
                0x0000d5fc       0x32 C:\Users\uersu\AppData\Local\Temp\ccvrJdNh.ltrans0.ltrans.o
 .text.builtIn_onRightMouse
                0x0000d62e       0x32 C:\Users\uersu\AppData\Local\Temp\ccvrJdNh.ltrans0.ltrans.o
 .text.builtIn_onRightMouseUp
                0x0000d660       0x32 C:\Users\uersu\AppData\Local\Temp\ccvrJdNh.ltrans0.ltrans.o
 .text.builtIn_onFocusChange
                0x0000d692       0x32 C:\Users\uersu\AppData\Local\Temp\ccvrJdNh.ltrans0.ltrans.o
 .text.builtIn_onMoveMouse
                0x0000d6c4       0x32 C:\Users\uersu\AppData\Local\Temp\ccvrJdNh.ltrans0.ltrans.o
 .text.builtIn_onKeyboard
                0x0000d6f6       0x32 C:\Users\uersu\AppData\Local\Temp\ccvrJdNh.ltrans0.ltrans.o
 .text.builtIn_spawnSub
                0x0000d728       0x4c C:\Users\uersu\AppData\Local\Temp\ccvrJdNh.ltrans0.ltrans.o
 .text.builtIn_cancelSub
                0x0000d774       0x58 C:\Users\uersu\AppData\Local\Temp\ccvrJdNh.ltrans0.ltrans.o
 .text.builtIn_stringWidth
                0x0000d7cc       0x78 C:\Users\uersu\AppData\Local\Temp\ccvrJdNh.ltrans0.ltrans.o
 .text.builtIn_hardScroll
                0x0000d844       0x4c C:\Users\uersu\AppData\Local\Temp\ccvrJdNh.ltrans0.ltrans.o
 .text.builtIn_isScreenRegion
                0x0000d890       0x74 C:\Users\uersu\AppData\Local\Temp\ccvrJdNh.ltrans0.ltrans.o
 .text.builtIn_setSpeechSpeed
                0x0000d904       0x7e C:\Users\uersu\AppData\Local\Temp\ccvrJdNh.ltrans0.ltrans.o
 .text.builtIn_setFontSpacing
                0x0000d982       0x66 C:\Users\uersu\AppData\Local\Temp\ccvrJdNh.ltrans0.ltrans.o
 .text.builtIn_transitionLevel
                0x0000d9e8       0x84 C:\Users\uersu\AppData\Local\Temp\ccvrJdNh.ltrans0.ltrans.o
 .text.builtIn_captureAllKeys
                0x0000da6c       0x50 C:\Users\uersu\AppData\Local\Temp\ccvrJdNh.ltrans0.ltrans.o
 .text.builtIn_spinCharacter
                0x0000dabc       0xec C:\Users\uersu\AppData\Local\Temp\ccvrJdNh.ltrans0.ltrans.o
 .text.builtIn_getCharacterDirection
                0x0000dba8       0x90 C:\Users\uersu\AppData\Local\Temp\ccvrJdNh.ltrans0.ltrans.o
 .text.builtIn_isCharacter
                0x0000dc38       0x76 C:\Users\uersu\AppData\Local\Temp\ccvrJdNh.ltrans0.ltrans.o
 .text.builtIn_normalCharacter
                0x0000dcae       0xb0 C:\Users\uersu\AppData\Local\Temp\ccvrJdNh.ltrans0.ltrans.o
 .text.builtIn_isMoving
                0x0000dd5e       0x92 C:\Users\uersu\AppData\Local\Temp\ccvrJdNh.ltrans0.ltrans.o
 .text.builtIn_fetchEvent
                0x0000ddf0       0xce C:\Users\uersu\AppData\Local\Temp\ccvrJdNh.ltrans0.ltrans.o
 .text.builtIn_deleteFile
                0x0000debe       0xc0 C:\Users\uersu\AppData\Local\Temp\ccvrJdNh.ltrans0.ltrans.o
 .text.builtIn_renameFile
                0x0000df7e      0x14a C:\Users\uersu\AppData\Local\Temp\ccvrJdNh.ltrans0.ltrans.o
 .text.builtIn_cacheSound
                0x0000e0c8       0x56 C:\Users\uersu\AppData\Local\Temp\ccvrJdNh.ltrans0.ltrans.o
 .text.builtIn_burnString
                0x0000e11e       0x12 C:\Users\uersu\AppData\Local\Temp\ccvrJdNh.ltrans0.ltrans.o
 .text.builtIn_setCharacterSpinSpeed
                0x0000e130       0xd4 C:\Users\uersu\AppData\Local\Temp\ccvrJdNh.ltrans0.ltrans.o
 .text.builtIn_setCharacterAngleOffset
                0x0000e204       0xd4 C:\Users\uersu\AppData\Local\Temp\ccvrJdNh.ltrans0.ltrans.o
 .text.builtIn_transitionMode
                0x0000e2d8       0x66 C:\Users\uersu\AppData\Local\Temp\ccvrJdNh.ltrans0.ltrans.o
 .text.builtIn__rem_updateDisplay
                0x0000e33e       0x32 C:\Users\uersu\AppData\Local\Temp\ccvrJdNh.ltrans0.ltrans.o
 .text.builtIn_getSoundCache
                0x0000e370       0x12 C:\Users\uersu\AppData\Local\Temp\ccvrJdNh.ltrans0.ltrans.o
 .text.builtIn_saveCustomData
                0x0000e382       0xe2 C:\Users\uersu\AppData\Local\Temp\ccvrJdNh.ltrans0.ltrans.o
 .text.builtIn_loadCustomData
                0x0000e464      0x146 C:\Users\uersu\AppData\Local\Temp\ccvrJdNh.ltrans0.ltrans.o
 .text.builtIn_setCustomEncoding
                0x0000e5aa       0x66 C:\Users\uersu\AppData\Local\Temp\ccvrJdNh.ltrans0.ltrans.o
 .text.builtIn_freeSound
                0x0000e610       0x4c C:\Users\uersu\AppData\Local\Temp\ccvrJdNh.ltrans0.ltrans.o
 .text.builtIn_parallaxAdd
                0x0000e65c      0x112 C:\Users\uersu\AppData\Local\Temp\ccvrJdNh.ltrans0.ltrans.o
 .text.builtIn_parallaxClear
                0x0000e76e       0x26 C:\Users\uersu\AppData\Local\Temp\ccvrJdNh.ltrans0.ltrans.o
 .text.builtIn_getPixelColour
                0x0000e794       0x12 C:\Users\uersu\AppData\Local\Temp\ccvrJdNh.ltrans0.ltrans.o
 .text.builtIn_makeFastArray
                0x0000e7a6       0xb6 C:\Users\uersu\AppData\Local\Temp\ccvrJdNh.ltrans0.ltrans.o
 .text.builtIn_getCharacterScale
                0x0000e85c       0xae C:\Users\uersu\AppData\Local\Temp\ccvrJdNh.ltrans0.ltrans.o
 .text.builtIn_getLanguageID
                0x0000e90a       0x26 C:\Users\uersu\AppData\Local\Temp\ccvrJdNh.ltrans0.ltrans.o
 .text.builtIn__rem_launchWith
                0x0000e930       0x42 C:\Users\uersu\AppData\Local\Temp\ccvrJdNh.ltrans0.ltrans.o
 .text.builtIn_getFramesPerSecond
                0x0000e972       0x24 C:\Users\uersu\AppData\Local\Temp\ccvrJdNh.ltrans0.ltrans.o
 .text.builtIn_showThumbnail
                0x0000e996        0x4 C:\Users\uersu\AppData\Local\Temp\ccvrJdNh.ltrans0.ltrans.o
 .text.builtIn_setThumbnailSize
                0x0000e99a       0xf2 C:\Users\uersu\AppData\Local\Temp\ccvrJdNh.ltrans0.ltrans.o
 .text.builtIn_hasFlag
                0x0000ea8c       0xcc C:\Users\uersu\AppData\Local\Temp\ccvrJdNh.ltrans0.ltrans.o
 .text.builtIn_snapshotGrab
                0x0000eb58       0x12 C:\Users\uersu\AppData\Local\Temp\ccvrJdNh.ltrans0.ltrans.o
 .text.builtIn_snapshotClear
                0x0000eb6a        0xa C:\Users\uersu\AppData\Local\Temp\ccvrJdNh.ltrans0.ltrans.o
 .text.builtIn_bodgeFilenames
                0x0000eb74       0x58 C:\Users\uersu\AppData\Local\Temp\ccvrJdNh.ltrans0.ltrans.o
 .text.builtIn__rem_registryGetString
                0x0000ebcc       0x42 C:\Users\uersu\AppData\Local\Temp\ccvrJdNh.ltrans0.ltrans.o
 .text.builtIn_quitWithFatalError
                0x0000ec0e       0x38 C:\Users\uersu\AppData\Local\Temp\ccvrJdNh.ltrans0.ltrans.o
 .text.builtIn__rem_setCharacterAA
                0x0000ec46       0x4c C:\Users\uersu\AppData\Local\Temp\ccvrJdNh.ltrans0.ltrans.o
 .text.builtIn__rem_setMaximumAA
                0x0000ec92       0x3a C:\Users\uersu\AppData\Local\Temp\ccvrJdNh.ltrans0.ltrans.o
 .text.builtIn_setBackgroundEffect
                0x0000eccc       0x34 C:\Users\uersu\AppData\Local\Temp\ccvrJdNh.ltrans0.ltrans.o
 .text.builtIn_doBackgroundEffect
                0x0000ed00       0x46 C:\Users\uersu\AppData\Local\Temp\ccvrJdNh.ltrans0.ltrans.o
 .text.callBuiltIn
                0x0000ed46      0x106 C:\Users\uersu\AppData\Local\Temp\ccvrJdNh.ltrans0.ltrans.o
 .text.getLanguageForFileB
                0x0000ee4c       0x42 C:\Users\uersu\AppData\Local\Temp\ccvrJdNh.ltrans0.ltrans.o
 .text.getPrefsFilename
                0x0000ee8e       0xb8 C:\Users\uersu\AppData\Local\Temp\ccvrJdNh.ltrans0.ltrans.o
 .text.makeLanguageTable
                0x0000ef46      0x134 C:\Users\uersu\AppData\Local\Temp\ccvrJdNh.ltrans0.ltrans.o
 .text.readIniFile
                0x0000f07a      0x386 C:\Users\uersu\AppData\Local\Temp\ccvrJdNh.ltrans0.ltrans.o
 .text.stringToInt
                0x0000f400       0x8a C:\Users\uersu\AppData\Local\Temp\ccvrJdNh.ltrans0.ltrans.o
 .text.fileExists
                0x0000f48a       0x6a C:\Users\uersu\AppData\Local\Temp\ccvrJdNh.ltrans0.ltrans.o
 .text.strcmp   0x0000f4f4       0x40 C:\Users\uersu\AppData\Local\Temp\ccvrJdNh.ltrans0.ltrans.o
                0x0000f4f4                strcmp
 .text.strlen   0x0000f534       0x18 C:\Users\uersu\AppData\Local\Temp\ccvrJdNh.ltrans0.ltrans.o
                0x0000f534                strlen
 .text.strcpy   0x0000f54c       0x28 C:\Users\uersu\AppData\Local\Temp\ccvrJdNh.ltrans0.ltrans.o
                0x0000f54c                strcpy
 .text.joinStrings
                0x0000f574       0xb0 C:\Users\uersu\AppData\Local\Temp\ccvrJdNh.ltrans0.ltrans.o
 .text.itoa     0x0000f624       0xc8 C:\Users\uersu\AppData\Local\Temp\ccvrJdNh.ltrans0.ltrans.o
 .text.vsprintf2
                0x0000f6ec      0x166 C:\Users\uersu\AppData\Local\Temp\ccvrJdNh.ltrans0.ltrans.o
 .text.sprintf  0x0000f852       0x32 C:\Users\uersu\AppData\Local\Temp\ccvrJdNh.ltrans0.ltrans.o
                0x0000f852                sprintf
 .text.addVarToStack
                0x0000f884       0x86 C:\Users\uersu\AppData\Local\Temp\ccvrJdNh.ltrans0.ltrans.o
 .text.addVarToStackQuick
                0x0000f90a       0x74 C:\Users\uersu\AppData\Local\Temp\ccvrJdNh.ltrans0.ltrans.o
 .text.addVariablesInSecond
                0x0000f97e       0xbe C:\Users\uersu\AppData\Local\Temp\ccvrJdNh.ltrans0.ltrans.o
 .text.compareVariablesInSecond
                0x0000fa3c       0x36 C:\Users\uersu\AppData\Local\Temp\ccvrJdNh.ltrans0.ltrans.o
 .text.compareVars
                0x0000fa72       0xdc C:\Users\uersu\AppData\Local\Temp\ccvrJdNh.ltrans0.ltrans.o
 .text.copyStack
                0x0000fb4e       0xd6 C:\Users\uersu\AppData\Local\Temp\ccvrJdNh.ltrans0.ltrans.o
 .text.deleteVarFromStack
                0x0000fc24       0xae C:\Users\uersu\AppData\Local\Temp\ccvrJdNh.ltrans0.ltrans.o
 .text.fastArrayGetByIndex
                0x0000fcd2       0x22 C:\Users\uersu\AppData\Local\Temp\ccvrJdNh.ltrans0.ltrans.o
 .text.getCostumeFromVar
                0x0000fcf4      0x110 C:\Users\uersu\AppData\Local\Temp\ccvrJdNh.ltrans0.ltrans.o
 .text.getSavedGamesStack
                0x0000fe04      0x244 C:\Users\uersu\AppData\Local\Temp\ccvrJdNh.ltrans0.ltrans.o
 .text.getValueType
                0x00010048       0x84 C:\Users\uersu\AppData\Local\Temp\ccvrJdNh.ltrans0.ltrans.o
 .text.loadStringToVar
                0x000100cc       0x2e C:\Users\uersu\AppData\Local\Temp\ccvrJdNh.ltrans0.ltrans.o
 .text.makeFastArrayFromStack
                0x000100fa       0x6a C:\Users\uersu\AppData\Local\Temp\ccvrJdNh.ltrans0.ltrans.o
 .text.makeFastArraySize
                0x00010164      0x106 C:\Users\uersu\AppData\Local\Temp\ccvrJdNh.ltrans0.ltrans.o
 .text.makeTextVar
                0x0001026a       0x2c C:\Users\uersu\AppData\Local\Temp\ccvrJdNh.ltrans0.ltrans.o
 .text.unlinkVar
                0x00010296      0x152 C:\Users\uersu\AppData\Local\Temp\ccvrJdNh.ltrans0.ltrans.o
 .text.copyMain
                0x000103e8      0x11c C:\Users\uersu\AppData\Local\Temp\ccvrJdNh.ltrans0.ltrans.o
 .text.copyVariable
                0x00010504       0x1e C:\Users\uersu\AppData\Local\Temp\ccvrJdNh.ltrans0.ltrans.o
 .text.getAnimationFromVar
                0x00010522       0x68 C:\Users\uersu\AppData\Local\Temp\ccvrJdNh.ltrans0.ltrans.o
 .text.getBoolean
                0x0001058a       0x96 C:\Users\uersu\AppData\Local\Temp\ccvrJdNh.ltrans0.ltrans.o
 .text.getTextFromAnyVar
                0x00010620      0x2d8 C:\Users\uersu\AppData\Local\Temp\ccvrJdNh.ltrans0.ltrans.o
 .text.newCostumeVariable
                0x000108f8       0x22 C:\Users\uersu\AppData\Local\Temp\ccvrJdNh.ltrans0.ltrans.o
 .text.setVariable
                0x0001091a       0x22 C:\Users\uersu\AppData\Local\Temp\ccvrJdNh.ltrans0.ltrans.o
 .text.stackGetByIndex
                0x0001093c       0x28 C:\Users\uersu\AppData\Local\Temp\ccvrJdNh.ltrans0.ltrans.o
 .text.stackFindLast
                0x00010964       0x24 C:\Users\uersu\AppData\Local\Temp\ccvrJdNh.ltrans0.ltrans.o
 .text.stackSize
                0x00010988       0x24 C:\Users\uersu\AppData\Local\Temp\ccvrJdNh.ltrans0.ltrans.o
 .text.trimStack
                0x000109ac       0x40 C:\Users\uersu\AppData\Local\Temp\ccvrJdNh.ltrans0.ltrans.o
 .text.isInFont
                0x000109ec       0x12 C:\Users\uersu\AppData\Local\Temp\ccvrJdNh.ltrans0.ltrans.o
 .text.stringWidth
                0x000109fe       0x1a C:\Users\uersu\AppData\Local\Temp\ccvrJdNh.ltrans0.ltrans.o
 .text.loadFont
                0x00010a18       0x12 C:\Users\uersu\AppData\Local\Temp\ccvrJdNh.ltrans0.ltrans.o
 .text.addScreenRegion
                0x00010a2a       0xc0 C:\Users\uersu\AppData\Local\Temp\ccvrJdNh.ltrans0.ltrans.o
 .text.getRegionForObject
                0x00010aea       0x2e C:\Users\uersu\AppData\Local\Temp\ccvrJdNh.ltrans0.ltrans.o
 .text.killAllRegions
                0x00010b18       0x5c C:\Users\uersu\AppData\Local\Temp\ccvrJdNh.ltrans0.ltrans.o
 .text.loadRegions
                0x00010b74      0x11e C:\Users\uersu\AppData\Local\Temp\ccvrJdNh.ltrans0.ltrans.o
 .text.removeScreenRegion
                0x00010c92       0x9c C:\Users\uersu\AppData\Local\Temp\ccvrJdNh.ltrans0.ltrans.o
 .text.saveRegions
                0x00010d2e       0xe8 C:\Users\uersu\AppData\Local\Temp\ccvrJdNh.ltrans0.ltrans.o
 .text.showBoxes
                0x00010e16       0xb2 C:\Users\uersu\AppData\Local\Temp\ccvrJdNh.ltrans0.ltrans.o
 .text.closestPointOnLine
                0x00010ec8      0x1e2 C:\Users\uersu\AppData\Local\Temp\ccvrJdNh.ltrans0.ltrans.o
 .text.drawFloor
                0x000110aa      0x240 C:\Users\uersu\AppData\Local\Temp\ccvrJdNh.ltrans0.ltrans.o
 .text.getMatchingCorners
                0x000112ea       0xb4 C:\Users\uersu\AppData\Local\Temp\ccvrJdNh.ltrans0.ltrans.o
 .text.noFloor  0x0001139e       0x2c C:\Users\uersu\AppData\Local\Temp\ccvrJdNh.ltrans0.ltrans.o
 .text.inFloor  0x000113ca       0x54 C:\Users\uersu\AppData\Local\Temp\ccvrJdNh.ltrans0.ltrans.o
 .text.initFloor
                0x0001141e       0x5c C:\Users\uersu\AppData\Local\Temp\ccvrJdNh.ltrans0.ltrans.o
 .text.killFloor
                0x0001147a       0xf0 C:\Users\uersu\AppData\Local\Temp\ccvrJdNh.ltrans0.ltrans.o
 .text.polysShareSide
                0x0001156a       0x6a C:\Users\uersu\AppData\Local\Temp\ccvrJdNh.ltrans0.ltrans.o
 .text.pointInFloorPolygon
                0x000115d4      0x23e C:\Users\uersu\AppData\Local\Temp\ccvrJdNh.ltrans0.ltrans.o
 .text.setFloor
                0x00011812      0x77a C:\Users\uersu\AppData\Local\Temp\ccvrJdNh.ltrans0.ltrans.o
 .text.setFloorNull
                0x00011f8c       0x10 C:\Users\uersu\AppData\Local\Temp\ccvrJdNh.ltrans0.ltrans.o
 .text.memset   0x00011f9c       0x30 C:\Users\uersu\AppData\Local\Temp\ccvrJdNh.ltrans0.ltrans.o
                0x00011f9c                memset
 .text.memcpy   0x00011fcc       0x4c C:\Users\uersu\AppData\Local\Temp\ccvrJdNh.ltrans0.ltrans.o
                0x00011fcc                memcpy
 .text.KPrintF  0x00012018       0x6a C:\Users\uersu\AppData\Local\Temp\ccvrJdNh.ltrans0.ltrans.o
 .text.warpmode
                0x00012082      0x12e C:\Users\uersu\AppData\Local\Temp\ccvrJdNh.ltrans0.ltrans.o
 .text.debug_cmd
                0x000121b0       0x40 C:\Users\uersu\AppData\Local\Temp\ccvrJdNh.ltrans0.ltrans.o
 .text.debug_start_idle
                0x000121f0       0x1a C:\Users\uersu\AppData\Local\Temp\ccvrJdNh.ltrans0.ltrans.o
 .text.debug_stop_idle
                0x0001220a       0x18 C:\Users\uersu\AppData\Local\Temp\ccvrJdNh.ltrans0.ltrans.o
 .text.__addsf3
                0x00012222       0x36 C:\Users\uersu\AppData\Local\Temp\ccvrJdNh.ltrans0.ltrans.o
                0x00012222                __addsf3
 .text.__adddf3
                0x00012258       0x62 C:\Users\uersu\AppData\Local\Temp\ccvrJdNh.ltrans0.ltrans.o
                0x00012258                __adddf3
 .text.__divdf3
                0x000122ba       0x62 C:\Users\uersu\AppData\Local\Temp\ccvrJdNh.ltrans0.ltrans.o
                0x000122ba                __divdf3
 .text.__divsf3
                0x0001231c       0x36 C:\Users\uersu\AppData\Local\Temp\ccvrJdNh.ltrans0.ltrans.o
                0x0001231c                __divsf3
 .text.__eqsf2  0x00012352       0x36 C:\Users\uersu\AppData\Local\Temp\ccvrJdNh.ltrans0.ltrans.o
                0x00012352                __eqsf2
 .text.__extendsfdf2
                0x00012388       0x40 C:\Users\uersu\AppData\Local\Temp\ccvrJdNh.ltrans0.ltrans.o
                0x00012388                __extendsfdf2
 .text.__fixdfsi
                0x000123c8       0x40 C:\Users\uersu\AppData\Local\Temp\ccvrJdNh.ltrans0.ltrans.o
                0x000123c8                __fixdfsi
 .text.__fixsfsi
                0x00012408       0x28 C:\Users\uersu\AppData\Local\Temp\ccvrJdNh.ltrans0.ltrans.o
                0x00012408                __fixsfsi
 .text.__floatsidf
                0x00012430       0x40 C:\Users\uersu\AppData\Local\Temp\ccvrJdNh.ltrans0.ltrans.o
                0x00012430                __floatsidf
 .text.__floatsisf
                0x00012470       0x28 C:\Users\uersu\AppData\Local\Temp\ccvrJdNh.ltrans0.ltrans.o
                0x00012470                __floatsisf
 .text.__floatunsisf
                0x00012498       0x28 C:\Users\uersu\AppData\Local\Temp\ccvrJdNh.ltrans0.ltrans.o
                0x00012498                __floatunsisf
 .text.__muldf3
                0x000124c0       0x62 C:\Users\uersu\AppData\Local\Temp\ccvrJdNh.ltrans0.ltrans.o
                0x000124c0                __muldf3
 .text.__mulsf3
                0x00012522       0x36 C:\Users\uersu\AppData\Local\Temp\ccvrJdNh.ltrans0.ltrans.o
                0x00012522                __mulsf3
 .text.__gesf2  0x00012558       0x36 C:\Users\uersu\AppData\Local\Temp\ccvrJdNh.ltrans0.ltrans.o
                0x00012558                __gesf2
 .text.__gtdf2  0x0001258e       0x4e C:\Users\uersu\AppData\Local\Temp\ccvrJdNh.ltrans0.ltrans.o
                0x0001258e                __gtdf2
 .text.__gtsf2  0x000125dc       0x36 C:\Users\uersu\AppData\Local\Temp\ccvrJdNh.ltrans0.ltrans.o
                0x000125dc                __gtsf2
 .text.__lesf2  0x00012612       0x36 C:\Users\uersu\AppData\Local\Temp\ccvrJdNh.ltrans0.ltrans.o
                0x00012612                __lesf2
 .text.__ltdf2  0x00012648       0x4e C:\Users\uersu\AppData\Local\Temp\ccvrJdNh.ltrans0.ltrans.o
                0x00012648                __ltdf2
 .text.__ltsf2  0x00012696       0x36 C:\Users\uersu\AppData\Local\Temp\ccvrJdNh.ltrans0.ltrans.o
                0x00012696                __ltsf2
 .text.__nesf2  0x000126cc       0x36 C:\Users\uersu\AppData\Local\Temp\ccvrJdNh.ltrans0.ltrans.o
                0x000126cc                __nesf2
 .text.__subdf3
                0x00012702       0x62 C:\Users\uersu\AppData\Local\Temp\ccvrJdNh.ltrans0.ltrans.o
                0x00012702                __subdf3
 .text.__subsf3
                0x00012764       0x36 C:\Users\uersu\AppData\Local\Temp\ccvrJdNh.ltrans0.ltrans.o
                0x00012764                __subsf3
 .text.__truncdfsf2
                0x0001279a       0x36 C:\Users\uersu\AppData\Local\Temp\ccvrJdNh.ltrans0.ltrans.o
                0x0001279a                __truncdfsf2
 .text.atan2f   0x000127d0      0x1b0 C:\Users\uersu\AppData\Local\Temp\ccvrJdNh.ltrans0.ltrans.o
                0x000127d0                atan2f
 .text.sqrt     0x00012980       0x4a C:\Users\uersu\AppData\Local\Temp\ccvrJdNh.ltrans0.ltrans.o
                0x00012980                sqrt
 .text.__mulsi3
                0x000129ca       0x22 obj/gcc8_a_support.o
                0x000129ca                __mulsi3
 .text.__udivsi3
                0x000129ec       0x5c obj/gcc8_a_support.o
                0x000129ec                __udivsi3
 .text.__divsi3
                0x00012a48       0x2e obj/gcc8_a_support.o
                0x00012a48                __divsi3
 .text.__modsi3
                0x00012a76       0x2e obj/gcc8_a_support.o
                0x00012a76                __modsi3
 .text.__umodsi3
                0x00012aa4       0x2e obj/gcc8_a_support.o
                0x00012aa4                __umodsi3
 .text.KPutCharX
                0x00012ad2        0xe obj/gcc8_a_support.o
                0x00012ad2                KPutCharX
 .text.PutChar  0x00012ae0        0x4 obj/gcc8_a_support.o
                0x00012ae0                PutChar
 *(.gnu.warning)

.fini
 *(SORT_NONE(.fini))
                [!provide]                        PROVIDE (__etext = .)
                [!provide]                        PROVIDE (_etext = .)
                [!provide]                        PROVIDE (etext = .)

.rodata         0x00012ae4     0x33f9
 *(.rodata .rodata.* .gnu.linkonce.r.*)
 .rodata        0x00012ae4     0x33f9 C:\Users\uersu\AppData\Local\Temp\ccvrJdNh.ltrans0.ltrans.o
                0x000134b6                incbin_player_start
                0x00014e1c                incbin_player_end

.rodata1
 *(.rodata1)

.eh_frame_hdr
 *(.eh_frame_hdr)
 *(.eh_frame_entry .eh_frame_entry.*)

.eh_frame
 *(.eh_frame)
 *(.eh_frame.*)

.sframe
 *(.sframe)
 *(.sframe.*)

.gcc_except_table
 *(.gcc_except_table .gcc_except_table.*)

.gnu_extab
 *(.gnu_extab*)

.exception_ranges
 *(.exception_ranges*)
                0x00016000                        . = DATA_SEGMENT_ALIGN (CONSTANT (MAXPAGESIZE), CONSTANT (COMMONPAGESIZE))

.eh_frame
 *(.eh_frame)
 *(.eh_frame.*)

.sframe
 *(.sframe)
 *(.sframe.*)

.gnu_extab
 *(.gnu_extab)

.gcc_except_table
 *(.gcc_except_table .gcc_except_table.*)

.exception_ranges
 *(.exception_ranges*)

.tdata          0x00016000        0x0
                [!provide]                        PROVIDE (__tdata_start = .)
 *(.tdata .tdata.* .gnu.linkonce.td.*)

.tbss
 *(.tbss .tbss.* .gnu.linkonce.tb.*)
 *(.tcommon)

.preinit_array  0x00016000        0x0
                0x00016000                        PROVIDE (__preinit_array_start = .)
 *(.preinit_array)
                0x00016000                        PROVIDE (__preinit_array_end = .)

.init_array     0x00016000        0x0
                0x00016000                        PROVIDE (__init_array_start = .)
 *(SORT_BY_INIT_PRIORITY(.init_array.*) SORT_BY_INIT_PRIORITY(.ctors.*))
 *(.init_array EXCLUDE_FILE(*crtend?.o *crtend.o *crtbegin?.o *crtbegin.o) .ctors)
                0x00016000                        PROVIDE (__init_array_end = .)

.fini_array     0x00016000        0x0
                0x00016000                        PROVIDE (__fini_array_start = .)
 *(SORT_BY_INIT_PRIORITY(.fini_array.*) SORT_BY_INIT_PRIORITY(.dtors.*))
 *(.fini_array EXCLUDE_FILE(*crtend?.o *crtend.o *crtbegin?.o *crtbegin.o) .dtors)
                0x00016000                        PROVIDE (__fini_array_end = .)

.ctors
 *crtbegin.o(.ctors)
 *crtbegin?.o(.ctors)
 *(EXCLUDE_FILE(*crtend?.o *crtend.o) .ctors)
 *(SORT_BY_NAME(.ctors.*))
 *(.ctors)

.dtors
 *crtbegin.o(.dtors)
 *crtbegin?.o(.dtors)
 *(EXCLUDE_FILE(*crtend?.o *crtend.o) .dtors)
 *(SORT_BY_NAME(.dtors.*))
 *(.dtors)

.jcr
 *(.jcr)

.data.rel.ro
 *(.data.rel.ro.local* .gnu.linkonce.d.rel.ro.local.*)
 *(.data.rel.ro .data.rel.ro.* .gnu.linkonce.d.rel.ro.*)

.dynamic
 *(.dynamic)
                0x00016000                        . = DATA_SEGMENT_RELRO_END (., 0x0)

.got
 *(.got.plt)
 *(.igot.plt)
 *(.got)
 *(.igot)

.data           0x00016000      0x59a
 *(.data .data.* .gnu.linkonce.d.*)
 .data.allowAnyFilename
                0x00016000        0x2 C:\Users\uersu\AppData\Local\Temp\ccvrJdNh.ltrans0.ltrans.o
 .data.brightnessLevel
                0x00016002        0x1 C:\Users\uersu\AppData\Local\Temp\ccvrJdNh.ltrans0.ltrans.o
 *fill*         0x00016003        0x1 
 .data.currentEvents
                0x00016004        0x4 C:\Users\uersu\AppData\Local\Temp\ccvrJdNh.ltrans0.ltrans.o
 .data.languageNum
                0x00016008        0x4 C:\Users\uersu\AppData\Local\Temp\ccvrJdNh.ltrans0.ltrans.o
 .data.lastFramesPerSecond
                0x0001600c        0x4 C:\Users\uersu\AppData\Local\Temp\ccvrJdNh.ltrans0.ltrans.o
 .data.sliceBusy
                0x00016010        0x2 C:\Users\uersu\AppData\Local\Temp\ccvrJdNh.ltrans0.ltrans.o
 .data.player   0x00016012        0x4 C:\Users\uersu\AppData\Local\Temp\ccvrJdNh.ltrans0.ltrans.o
 .data.module   0x00016016        0x4 C:\Users\uersu\AppData\Local\Temp\ccvrJdNh.ltrans0.ltrans.o
 .data.nowStatus
                0x0001601a        0x4 C:\Users\uersu\AppData\Local\Temp\ccvrJdNh.ltrans0.ltrans.o
 .data.speechSpeed
                0x0001601e        0x4 C:\Users\uersu\AppData\Local\Temp\ccvrJdNh.ltrans0.ltrans.o
 .data.desiredfps
                0x00016022        0x4 C:\Users\uersu\AppData\Local\Temp\ccvrJdNh.ltrans0.ltrans.o
 .data.scaleHorizon
                0x00016026        0x2 C:\Users\uersu\AppData\Local\Temp\ccvrJdNh.ltrans0.ltrans.o
 .data.scaleDivide
                0x00016028        0x2 C:\Users\uersu\AppData\Local\Temp\ccvrJdNh.ltrans0.ltrans.o
 .data.defVol   0x0001602a        0x4 C:\Users\uersu\AppData\Local\Temp\ccvrJdNh.ltrans0.ltrans.o
 .data.defSoundVol
                0x0001602e        0x4 C:\Users\uersu\AppData\Local\Temp\ccvrJdNh.ltrans0.ltrans.o
 .data.cameraZoom
                0x00016032        0x4 C:\Users\uersu\AppData\Local\Temp\ccvrJdNh.ltrans0.ltrans.o
 .data.paramNum
                0x00016036      0x29c C:\Users\uersu\AppData\Local\Temp\ccvrJdNh.ltrans0.ltrans.o
 .data.builtInFunctionArray
                0x000162d2      0x29c C:\Users\uersu\AppData\Local\Temp\ccvrJdNh.ltrans0.ltrans.o
 .data.fadeMode
                0x0001656e        0x1 C:\Users\uersu\AppData\Local\Temp\ccvrJdNh.ltrans0.ltrans.o
 *fill*         0x0001656f        0x1 
 .data.typeName
                0x00016570       0x28 C:\Users\uersu\AppData\Local\Temp\ccvrJdNh.ltrans0.ltrans.o
 .data.fontSpace
                0x00016598        0x2 C:\Users\uersu\AppData\Local\Temp\ccvrJdNh.ltrans0.ltrans.o

.INCBIN.MEMF_CHIP
                0x0001659a     0x1479
 .INCBIN.MEMF_CHIP
                0x0001659a     0x1479 C:\Users\uersu\AppData\Local\Temp\ccvrJdNh.ltrans0.ltrans.o
                0x0001659a                incbin_module_start
                0x00017a12                incbin_module_end

.data1
 *(.data1)
                0x00017a13                        _edata = .
                [!provide]                        PROVIDE (edata = .)
                0x00017a13                        . = .
                0x00017a13                        __bss_start = .

.bss            0x00017a14      0x214
 *(.dynbss)
 *(.bss .bss.* .gnu.linkonce.b.*)
 .bss.mouseCursorAnim
                0x00017a14        0x4 C:\Users\uersu\AppData\Local\Temp\ccvrJdNh.ltrans0.ltrans.o
 .bss.mouseCursorFrameNum
                0x00017a18        0x4 C:\Users\uersu\AppData\Local\Temp\ccvrJdNh.ltrans0.ltrans.o
 .bss.mouseCursorCountUp
                0x00017a1c        0x4 C:\Users\uersu\AppData\Local\Temp\ccvrJdNh.ltrans0.ltrans.o
 .bss.thumbWidth
                0x00017a20        0x4 C:\Users\uersu\AppData\Local\Temp\ccvrJdNh.ltrans0.ltrans.o
 .bss.thumbHeight
                0x00017a24        0x4 C:\Users\uersu\AppData\Local\Temp\ccvrJdNh.ltrans0.ltrans.o
 .bss.winWidth  0x00017a28        0x4 C:\Users\uersu\AppData\Local\Temp\ccvrJdNh.ltrans0.ltrans.o
 .bss.winHeight
                0x00017a2c        0x4 C:\Users\uersu\AppData\Local\Temp\ccvrJdNh.ltrans0.ltrans.o
 .bss.firstTexture
                0x00017a30        0x4 C:\Users\uersu\AppData\Local\Temp\ccvrJdNh.ltrans0.ltrans.o
 .bss.dialogValue
                0x00017a34        0x4 C:\Users\uersu\AppData\Local\Temp\ccvrJdNh.ltrans0.ltrans.o
 .bss.gameName  0x00017a38        0x4 C:\Users\uersu\AppData\Local\Temp\ccvrJdNh.ltrans0.ltrans.o
 .bss.gamePath  0x00017a3c        0x4 C:\Users\uersu\AppData\Local\Temp\ccvrJdNh.ltrans0.ltrans.o
 .bss.bundleFolder
                0x00017a40        0x4 C:\Users\uersu\AppData\Local\Temp\ccvrJdNh.ltrans0.ltrans.o
 .bss.weAreDoneSoQuit
                0x00017a44        0x4 C:\Users\uersu\AppData\Local\Temp\ccvrJdNh.ltrans0.ltrans.o
 .bss.zBuffer   0x00017a48       0x58 C:\Users\uersu\AppData\Local\Temp\ccvrJdNh.ltrans0.ltrans.o
 .bss.mainHandlers
                0x00017aa0       0x1c C:\Users\uersu\AppData\Local\Temp\ccvrJdNh.ltrans0.ltrans.o
 .bss.allBIFNames
                0x00017abc        0x4 C:\Users\uersu\AppData\Local\Temp\ccvrJdNh.ltrans0.ltrans.o
 .bss.allResourceNames
                0x00017ac0        0x4 C:\Users\uersu\AppData\Local\Temp\ccvrJdNh.ltrans0.ltrans.o
 .bss.allRunningFunctions
                0x00017ac4        0x4 C:\Users\uersu\AppData\Local\Temp\ccvrJdNh.ltrans0.ltrans.o
 .bss.allUserFunc
                0x00017ac8        0x4 C:\Users\uersu\AppData\Local\Temp\ccvrJdNh.ltrans0.ltrans.o
 .bss.captureAllKeys
                0x00017acc        0x2 C:\Users\uersu\AppData\Local\Temp\ccvrJdNh.ltrans0.ltrans.o
 .bss.fileTime  0x00017ace        0x8 C:\Users\uersu\AppData\Local\Temp\ccvrJdNh.ltrans0.ltrans.o
 .bss.gameVersion
                0x00017ad6        0x4 C:\Users\uersu\AppData\Local\Temp\ccvrJdNh.ltrans0.ltrans.o
 .bss.globalVars
                0x00017ada        0x4 C:\Users\uersu\AppData\Local\Temp\ccvrJdNh.ltrans0.ltrans.o
 .bss.input     0x00017ade       0x16 C:\Users\uersu\AppData\Local\Temp\ccvrJdNh.ltrans0.ltrans.o
 .bss.loadNow   0x00017af4        0x4 C:\Users\uersu\AppData\Local\Temp\ccvrJdNh.ltrans0.ltrans.o
 .bss.noStack   0x00017af8        0x4 C:\Users\uersu\AppData\Local\Temp\ccvrJdNh.ltrans0.ltrans.o
 .bss.numBIFNames
                0x00017afc        0x4 C:\Users\uersu\AppData\Local\Temp\ccvrJdNh.ltrans0.ltrans.o
 .bss.numGlobals
                0x00017b00        0x4 C:\Users\uersu\AppData\Local\Temp\ccvrJdNh.ltrans0.ltrans.o
 .bss.numResourceNames
                0x00017b04        0x4 C:\Users\uersu\AppData\Local\Temp\ccvrJdNh.ltrans0.ltrans.o
 .bss.numUserFunc
                0x00017b08        0x4 C:\Users\uersu\AppData\Local\Temp\ccvrJdNh.ltrans0.ltrans.o
 .bss.specialSettings
                0x00017b0c        0x4 C:\Users\uersu\AppData\Local\Temp\ccvrJdNh.ltrans0.ltrans.o
 .bss.bigDataFile
                0x00017b10        0x4 C:\Users\uersu\AppData\Local\Temp\ccvrJdNh.ltrans0.ltrans.o
 .bss.startIndex
                0x00017b14        0x4 C:\Users\uersu\AppData\Local\Temp\ccvrJdNh.ltrans0.ltrans.o
 .bss.startOfDataIndex
                0x00017b18        0x4 C:\Users\uersu\AppData\Local\Temp\ccvrJdNh.ltrans0.ltrans.o
 .bss.startOfTextIndex
                0x00017b1c        0x4 C:\Users\uersu\AppData\Local\Temp\ccvrJdNh.ltrans0.ltrans.o
 .bss.startOfSubIndex
                0x00017b20        0x4 C:\Users\uersu\AppData\Local\Temp\ccvrJdNh.ltrans0.ltrans.o
 .bss.startOfObjectIndex
                0x00017b24        0x4 C:\Users\uersu\AppData\Local\Temp\ccvrJdNh.ltrans0.ltrans.o
 .bss.SysBase   0x00017b28        0x4 C:\Users\uersu\AppData\Local\Temp\ccvrJdNh.ltrans0.ltrans.o
 .bss.custom    0x00017b2c        0x4 C:\Users\uersu\AppData\Local\Temp\ccvrJdNh.ltrans0.ltrans.o
 .bss.DOSBase   0x00017b30        0x4 C:\Users\uersu\AppData\Local\Temp\ccvrJdNh.ltrans0.ltrans.o
 .bss.GfxBase   0x00017b34        0x4 C:\Users\uersu\AppData\Local\Temp\ccvrJdNh.ltrans0.ltrans.o
 .bss.MathIeeeSingBasBase
                0x00017b38        0x4 C:\Users\uersu\AppData\Local\Temp\ccvrJdNh.ltrans0.ltrans.o
 .bss.MathIeeeSingTransBase
                0x00017b3c        0x4 C:\Users\uersu\AppData\Local\Temp\ccvrJdNh.ltrans0.ltrans.o
 .bss.MathIeeeDoubBasBase
                0x00017b40        0x4 C:\Users\uersu\AppData\Local\Temp\ccvrJdNh.ltrans0.ltrans.o
 .bss.MathIeeeDoubTransBase
                0x00017b44        0x4 C:\Users\uersu\AppData\Local\Temp\ccvrJdNh.ltrans0.ltrans.o
 .bss.mainStatus
                0x00017b48       0x2a C:\Users\uersu\AppData\Local\Temp\ccvrJdNh.ltrans0.ltrans.o
 .bss.speech    0x00017b72        0x4 C:\Users\uersu\AppData\Local\Temp\ccvrJdNh.ltrans0.ltrans.o
 .bss.allPeople
                0x00017b76        0x4 C:\Users\uersu\AppData\Local\Temp\ccvrJdNh.ltrans0.ltrans.o
 .bss.personRegion
                0x00017b7a       0x24 C:\Users\uersu\AppData\Local\Temp\ccvrJdNh.ltrans0.ltrans.o
 .bss.stackLibTotal
                0x00017b9e        0x4 C:\Users\uersu\AppData\Local\Temp\ccvrJdNh.ltrans0.ltrans.o
 .bss.stackLib  0x00017ba2        0x4 C:\Users\uersu\AppData\Local\Temp\ccvrJdNh.ltrans0.ltrans.o
 .bss.ssgVersion
                0x00017ba6        0x4 C:\Users\uersu\AppData\Local\Temp\ccvrJdNh.ltrans0.ltrans.o
 .bss.sceneWidth
                0x00017baa        0x4 C:\Users\uersu\AppData\Local\Temp\ccvrJdNh.ltrans0.ltrans.o
 .bss.sceneHeight
                0x00017bae        0x4 C:\Users\uersu\AppData\Local\Temp\ccvrJdNh.ltrans0.ltrans.o
 .bss.backdropTextureName
                0x00017bb2        0x4 C:\Users\uersu\AppData\Local\Temp\ccvrJdNh.ltrans0.ltrans.o
 .bss.backdropExists
                0x00017bb6        0x2 C:\Users\uersu\AppData\Local\Temp\ccvrJdNh.ltrans0.ltrans.o
 .bss.parallaxStuff
                0x00017bb8        0x4 C:\Users\uersu\AppData\Local\Temp\ccvrJdNh.ltrans0.ltrans.o
 .bss.viewportHeight
                0x00017bbc        0x4 C:\Users\uersu\AppData\Local\Temp\ccvrJdNh.ltrans0.ltrans.o
 .bss.viewportWidth
                0x00017bc0        0x4 C:\Users\uersu\AppData\Local\Temp\ccvrJdNh.ltrans0.ltrans.o
 .bss.snapshotTextureName
                0x00017bc4        0x4 C:\Users\uersu\AppData\Local\Temp\ccvrJdNh.ltrans0.ltrans.o
 .bss.allObjectTypes
                0x00017bc8        0x4 C:\Users\uersu\AppData\Local\Temp\ccvrJdNh.ltrans0.ltrans.o
 .bss.encode1   0x00017bcc        0x1 C:\Users\uersu\AppData\Local\Temp\ccvrJdNh.ltrans0.ltrans.o
 .bss.encode2   0x00017bcd        0x1 C:\Users\uersu\AppData\Local\Temp\ccvrJdNh.ltrans0.ltrans.o
 .bss.saveEncoding
                0x00017bce        0x2 C:\Users\uersu\AppData\Local\Temp\ccvrJdNh.ltrans0.ltrans.o
 .bss.cameraX   0x00017bd0        0x4 C:\Users\uersu\AppData\Local\Temp\ccvrJdNh.ltrans0.ltrans.o
 .bss.cameraY   0x00017bd4        0x4 C:\Users\uersu\AppData\Local\Temp\ccvrJdNh.ltrans0.ltrans.o
 .bss.launchMe  0x00017bd8        0x4 C:\Users\uersu\AppData\Local\Temp\ccvrJdNh.ltrans0.ltrans.o
 .bss.launchResult
                0x00017bdc        0x4 C:\Users\uersu\AppData\Local\Temp\ccvrJdNh.ltrans0.ltrans.o
 .bss.saverFunc
                0x00017be0        0x4 C:\Users\uersu\AppData\Local\Temp\ccvrJdNh.ltrans0.ltrans.o
 .bss.speechMode
                0x00017be4        0x4 C:\Users\uersu\AppData\Local\Temp\ccvrJdNh.ltrans0.ltrans.o
 .bss.reallyWantToQuit
                0x00017be8        0x2 C:\Users\uersu\AppData\Local\Temp\ccvrJdNh.ltrans0.ltrans.o
 .bss.languageTable
                0x00017bea        0x4 C:\Users\uersu\AppData\Local\Temp\ccvrJdNh.ltrans0.ltrans.o
 .bss.languageName
                0x00017bee        0x4 C:\Users\uersu\AppData\Local\Temp\ccvrJdNh.ltrans0.ltrans.o
 .bss.gameSettings
                0x00017bf2       0x18 C:\Users\uersu\AppData\Local\Temp\ccvrJdNh.ltrans0.ltrans.o
 .bss.fontHeight
                0x00017c0a        0x4 C:\Users\uersu\AppData\Local\Temp\ccvrJdNh.ltrans0.ltrans.o
 .bss.loadedFontNum
                0x00017c0e        0x4 C:\Users\uersu\AppData\Local\Temp\ccvrJdNh.ltrans0.ltrans.o
 .bss.fontOrderString
                0x00017c12        0x4 C:\Users\uersu\AppData\Local\Temp\ccvrJdNh.ltrans0.ltrans.o
 .bss.fontTableSize
                0x00017c16        0x4 C:\Users\uersu\AppData\Local\Temp\ccvrJdNh.ltrans0.ltrans.o
 .bss.allScreenRegions
                0x00017c1a        0x4 C:\Users\uersu\AppData\Local\Temp\ccvrJdNh.ltrans0.ltrans.o
 .bss.overRegion
                0x00017c1e        0x4 C:\Users\uersu\AppData\Local\Temp\ccvrJdNh.ltrans0.ltrans.o
 .bss.currentFloor
                0x00017c22        0x4 C:\Users\uersu\AppData\Local\Temp\ccvrJdNh.ltrans0.ltrans.o
 *(COMMON)
                0x00017c28                        . = ALIGN ((. != 0x0)?0x4:0x1)
 *fill*         0x00017c26        0x2 
                0x00017c28                        . = ALIGN (0x4)
                0x00017c28                        . = SEGMENT_START ("ldata-segment", .)
                0x00017c28                        . = ALIGN (0x4)
                0x00017c28                        _end = .
                [!provide]                        PROVIDE (end = .)
                0x00017c28                        . = DATA_SEGMENT_END (.)

.stab
 *(.stab)

.stabstr
 *(.stabstr)

.stab.excl
 *(.stab.excl)

.stab.exclstr
 *(.stab.exclstr)

.stab.index
 *(.stab.index)

.stab.indexstr
 *(.stab.indexstr)

.comment        0x00000000       0x12
 *(.comment)
 .comment       0x00000000       0x12 C:\Users\uersu\AppData\Local\Temp\ccvrJdNh.ltrans0.ltrans.o
                                 0x13 (size before relaxing)

.gnu.build.attributes
 *(.gnu.build.attributes .gnu.build.attributes.*)

.debug
 *(.debug)

.line
 *(.line)

.debug_srcinfo
 *(.debug_srcinfo)

.debug_sfnames
 *(.debug_sfnames)

.debug_aranges  0x00000000      0xec8
 *(.debug_aranges)
 .debug_aranges
                0x00000000      0xe78 C:\Users\uersu\AppData\Local\Temp\ccvrJdNh.ltrans0.ltrans.o
 .debug_aranges
                0x00000e78       0x50 obj/gcc8_a_support.o

.debug_pubnames
 *(.debug_pubnames)

.debug_info     0x00000000    0x3e379
 *(.debug_info .gnu.linkonce.wi.*)
 .debug_info    0x00000000    0x10ae4 C:\Users\uersu\AppData\Local\Temp\ccvrJdNh.ltrans0.ltrans.o
 .debug_info    0x00010ae4     0x1779 C:\Users\uersu\AppData\Local\Temp\ccFbW9PH.debug.temp.o
                0x00010ae4                moreio.c.e114fdad
 .debug_info    0x0001225d      0xb6a C:\Users\uersu\AppData\Local\Temp\ccERDwb0.debug.temp.o
                0x0001225d                utils.c.0b43a66d
 .debug_info    0x00012dc7      0x31d C:\Users\uersu\AppData\Local\Temp\cc1bg1Fi.debug.temp.o
                0x00012dc7                cursors.c.46c58bd4
 .debug_info    0x000130e4      0x134 C:\Users\uersu\AppData\Local\Temp\ccoulLiB.debug.temp.o
                0x000130e4                thumbnail.c.7eb31449
 .debug_info    0x00013218      0x25c C:\Users\uersu\AppData\Local\Temp\ccDGRDYS.debug.temp.o
                0x00013218                line.c.ed97c08b
 .debug_info    0x00013474      0x400 C:\Users\uersu\AppData\Local\Temp\cc6b00za.debug.temp.o
                0x00013474                graphics.c.b78fecba
 .debug_info    0x00013874      0x1fe C:\Users\uersu\AppData\Local\Temp\ccbdvGks.debug.temp.o
                0x00013874                newfatal.c.307beca7
 .debug_info    0x00013a72     0x1ad4 C:\Users\uersu\AppData\Local\Temp\ccWdvXhK.debug.temp.o
                0x00013a72                main_sludge.c.e1fc8854
 .debug_info    0x00015546      0xf4f C:\Users\uersu\AppData\Local\Temp\ccZ9bSa2.debug.temp.o
                0x00015546                zbuffer.c.d110ca03
 .debug_info    0x00016495     0x3a6f C:\Users\uersu\AppData\Local\Temp\ccg1W1ck.debug.temp.o
                0x00016495                sludger.c.8d7981fd
 .debug_info    0x00019f04     0x16c6 C:\Users\uersu\AppData\Local\Temp\cc9nWhiB.debug.temp.o
                0x00019f04                fileset.c.3fc63109
 .debug_info    0x0001b5ca     0x447e C:\Users\uersu\AppData\Local\Temp\ccqNaIvS.debug.temp.o
                0x0001b5ca                main.c.ede70d44
 .debug_info    0x0001fa48     0x15ce C:\Users\uersu\AppData\Local\Temp\ccjILqS9.debug.temp.o
                0x0001fa48                statusba.c.212ff09c
 .debug_info    0x00021016     0x190a C:\Users\uersu\AppData\Local\Temp\ccO8Iror.debug.temp.o
                0x00021016                talk.c.9a59fb6e
 .debug_info    0x00022920      0x121 C:\Users\uersu\AppData\Local\Temp\ccLHlrWH.debug.temp.o
                0x00022920                timing.c.5f68b502
 .debug_info    0x00022a41      0x2cc C:\Users\uersu\AppData\Local\Temp\cckaTYpY.debug.temp.o
                0x00022a41                sprites.c.322dfaf4
 .debug_info    0x00022d0d     0x3847 C:\Users\uersu\AppData\Local\Temp\cczelP2e.debug.temp.o
                0x00022d0d                people.c.ca093cbd
 .debug_info    0x00026554      0x4bf C:\Users\uersu\AppData\Local\Temp\cc8euPNv.debug.temp.o
                0x00026554                sprbanks.c.bdefc344
 .debug_info    0x00026a13     0x3ba4 C:\Users\uersu\AppData\Local\Temp\cc1lPCMM.debug.temp.o
                0x00026a13                loadsave.c.8c1683a8
 .debug_info    0x0002a5b7      0xd0d C:\Users\uersu\AppData\Local\Temp\ccokUdm7.debug.temp.o
                0x0002a5b7                sound_nosound.c.4d9ccb34
 .debug_info    0x0002b2c4     0x1012 C:\Users\uersu\AppData\Local\Temp\cc5eGY3r.debug.temp.o
                0x0002b2c4                backdrop.c.1b6ff45d
 .debug_info    0x0002c2d6     0x11d8 C:\Users\uersu\AppData\Local\Temp\cccptxZM.debug.temp.o
                0x0002c2d6                objtypes.c.2347ce98
 .debug_info    0x0002d4ae     0x1d34 C:\Users\uersu\AppData\Local\Temp\cctoMk47.debug.temp.o
                0x0002d4ae                savedata.c.1bf2739d
 .debug_info    0x0002f1e2     0x6962 C:\Users\uersu\AppData\Local\Temp\ccA4JC6r.debug.temp.o
                0x0002f1e2                builtin.c.46137e56
 .debug_info    0x00035b44     0x1035 C:\Users\uersu\AppData\Local\Temp\ccXcgLdM.debug.temp.o
                0x00035b44                language.c.f654c971
 .debug_info    0x00036b79      0xa14 C:\Users\uersu\AppData\Local\Temp\ccKsBBx6.debug.temp.o
                0x00036b79                helpers.c.65626a47
 .debug_info    0x0003758d      0x496 C:\Users\uersu\AppData\Local\Temp\cc9djK0q.debug.temp.o
                0x0003758d                stringy.c.daea3e16
 .debug_info    0x00037a23      0x12d C:\Users\uersu\AppData\Local\Temp\ccMO9vpL.debug.temp.o
                0x00037a23                transition.c.cd6588d2
 .debug_info    0x00037b50     0x2735 C:\Users\uersu\AppData\Local\Temp\cch9VML4.debug.temp.o
                0x00037b50                variable.c.6b8b62f6
 .debug_info    0x0003a285      0x310 C:\Users\uersu\AppData\Local\Temp\cckvY5uo.debug.temp.o
                0x0003a285                fonttext.c.a863c2a2
 .debug_info    0x0003a595      0x822 C:\Users\uersu\AppData\Local\Temp\cc3QtX9H.debug.temp.o
                0x0003a595                region.c.a94c0f48
 .debug_info    0x0003adb7     0x14da C:\Users\uersu\AppData\Local\Temp\ccypx3Z0.debug.temp.o
                0x0003adb7                floor.c.7cbafa64
 .debug_info    0x0003c291     0x2063 C:\Users\uersu\AppData\Local\Temp\cc3xJmZj.debug.temp.o
                0x0003c291                gcc8_c_support.c.114adc9d
 .debug_info    0x0003e2f4       0x85 obj/gcc8_a_support.o

.debug_abbrev   0x00000000     0x32c5
 *(.debug_abbrev)
 .debug_abbrev  0x00000000       0xdb C:\Users\uersu\AppData\Local\Temp\ccvrJdNh.ltrans0.ltrans.o
 .debug_abbrev  0x000000db      0x19e C:\Users\uersu\AppData\Local\Temp\ccFbW9PH.debug.temp.o
 .debug_abbrev  0x00000279      0x109 C:\Users\uersu\AppData\Local\Temp\ccERDwb0.debug.temp.o
 .debug_abbrev  0x00000382       0xc3 C:\Users\uersu\AppData\Local\Temp\cc1bg1Fi.debug.temp.o
 .debug_abbrev  0x00000445       0x2e C:\Users\uersu\AppData\Local\Temp\ccoulLiB.debug.temp.o
 .debug_abbrev  0x00000473       0xa2 C:\Users\uersu\AppData\Local\Temp\ccDGRDYS.debug.temp.o
 .debug_abbrev  0x00000515      0x11f C:\Users\uersu\AppData\Local\Temp\cc6b00za.debug.temp.o
 .debug_abbrev  0x00000634       0x64 C:\Users\uersu\AppData\Local\Temp\ccbdvGks.debug.temp.o
 .debug_abbrev  0x00000698      0x20a C:\Users\uersu\AppData\Local\Temp\ccWdvXhK.debug.temp.o
 .debug_abbrev  0x000008a2      0x1ac C:\Users\uersu\AppData\Local\Temp\ccZ9bSa2.debug.temp.o
 .debug_abbrev  0x00000a4e      0x2b2 C:\Users\uersu\AppData\Local\Temp\ccg1W1ck.debug.temp.o
 .debug_abbrev  0x00000d00      0x1a0 C:\Users\uersu\AppData\Local\Temp\cc9nWhiB.debug.temp.o
 .debug_abbrev  0x00000ea0      0x2d1 C:\Users\uersu\AppData\Local\Temp\ccqNaIvS.debug.temp.o
 .debug_abbrev  0x00001171      0x1bd C:\Users\uersu\AppData\Local\Temp\ccjILqS9.debug.temp.o
 .debug_abbrev  0x0000132e      0x1d6 C:\Users\uersu\AppData\Local\Temp\ccO8Iror.debug.temp.o
 .debug_abbrev  0x00001504       0x2c C:\Users\uersu\AppData\Local\Temp\ccLHlrWH.debug.temp.o
 .debug_abbrev  0x00001530       0xa7 C:\Users\uersu\AppData\Local\Temp\cckaTYpY.debug.temp.o
 .debug_abbrev  0x000015d7      0x299 C:\Users\uersu\AppData\Local\Temp\cczelP2e.debug.temp.o
 .debug_abbrev  0x00001870      0x117 C:\Users\uersu\AppData\Local\Temp\cc8euPNv.debug.temp.o
 .debug_abbrev  0x00001987      0x23e C:\Users\uersu\AppData\Local\Temp\cc1lPCMM.debug.temp.o
 .debug_abbrev  0x00001bc5      0x185 C:\Users\uersu\AppData\Local\Temp\ccokUdm7.debug.temp.o
 .debug_abbrev  0x00001d4a      0x204 C:\Users\uersu\AppData\Local\Temp\cc5eGY3r.debug.temp.o
 .debug_abbrev  0x00001f4e      0x1c7 C:\Users\uersu\AppData\Local\Temp\cccptxZM.debug.temp.o
 .debug_abbrev  0x00002115      0x1fc C:\Users\uersu\AppData\Local\Temp\cctoMk47.debug.temp.o
 .debug_abbrev  0x00002311      0x2a6 C:\Users\uersu\AppData\Local\Temp\ccA4JC6r.debug.temp.o
 .debug_abbrev  0x000025b7      0x1bb C:\Users\uersu\AppData\Local\Temp\ccXcgLdM.debug.temp.o
 .debug_abbrev  0x00002772      0x10a C:\Users\uersu\AppData\Local\Temp\ccKsBBx6.debug.temp.o
 .debug_abbrev  0x0000287c       0xcf C:\Users\uersu\AppData\Local\Temp\cc9djK0q.debug.temp.o
 .debug_abbrev  0x0000294b       0x2c C:\Users\uersu\AppData\Local\Temp\ccMO9vpL.debug.temp.o
 .debug_abbrev  0x00002977      0x295 C:\Users\uersu\AppData\Local\Temp\cch9VML4.debug.temp.o
 .debug_abbrev  0x00002c0c       0xb9 C:\Users\uersu\AppData\Local\Temp\cckvY5uo.debug.temp.o
 .debug_abbrev  0x00002cc5      0x17a C:\Users\uersu\AppData\Local\Temp\cc3QtX9H.debug.temp.o
 .debug_abbrev  0x00002e3f      0x1f0 C:\Users\uersu\AppData\Local\Temp\ccypx3Z0.debug.temp.o
 .debug_abbrev  0x0000302f      0x277 C:\Users\uersu\AppData\Local\Temp\cc3xJmZj.debug.temp.o
 .debug_abbrev  0x000032a6       0x1f obj/gcc8_a_support.o

.debug_line     0x00000000    0x1ce20
 *(.debug_line .debug_line.* .debug_line_end)
 .debug_line    0x00000000    0x17476 C:\Users\uersu\AppData\Local\Temp\ccvrJdNh.ltrans0.ltrans.o
 .debug_line    0x00017476      0x332 C:\Users\uersu\AppData\Local\Temp\ccFbW9PH.debug.temp.o
 .debug_line    0x000177a8      0x29c C:\Users\uersu\AppData\Local\Temp\ccERDwb0.debug.temp.o
 .debug_line    0x00017a44      0x106 C:\Users\uersu\AppData\Local\Temp\cc1bg1Fi.debug.temp.o
 .debug_line    0x00017b4a       0xbd C:\Users\uersu\AppData\Local\Temp\ccoulLiB.debug.temp.o
 .debug_line    0x00017c07      0x16e C:\Users\uersu\AppData\Local\Temp\ccDGRDYS.debug.temp.o
 .debug_line    0x00017d75      0x1fa C:\Users\uersu\AppData\Local\Temp\cc6b00za.debug.temp.o
 .debug_line    0x00017f6f       0xbb C:\Users\uersu\AppData\Local\Temp\ccbdvGks.debug.temp.o
 .debug_line    0x0001802a      0x3b3 C:\Users\uersu\AppData\Local\Temp\ccWdvXhK.debug.temp.o
 .debug_line    0x000183dd      0x36c C:\Users\uersu\AppData\Local\Temp\ccZ9bSa2.debug.temp.o
 .debug_line    0x00018749      0x3c3 C:\Users\uersu\AppData\Local\Temp\ccg1W1ck.debug.temp.o
 .debug_line    0x00018b0c      0x336 C:\Users\uersu\AppData\Local\Temp\cc9nWhiB.debug.temp.o
 .debug_line    0x00018e42      0x56c C:\Users\uersu\AppData\Local\Temp\ccqNaIvS.debug.temp.o
 .debug_line    0x000193ae      0x358 C:\Users\uersu\AppData\Local\Temp\ccjILqS9.debug.temp.o
 .debug_line    0x00019706      0x389 C:\Users\uersu\AppData\Local\Temp\ccO8Iror.debug.temp.o
 .debug_line    0x00019a8f       0xb7 C:\Users\uersu\AppData\Local\Temp\ccLHlrWH.debug.temp.o
 .debug_line    0x00019b46      0x17f C:\Users\uersu\AppData\Local\Temp\cckaTYpY.debug.temp.o
 .debug_line    0x00019cc5      0x3a7 C:\Users\uersu\AppData\Local\Temp\cczelP2e.debug.temp.o
 .debug_line    0x0001a06c      0x205 C:\Users\uersu\AppData\Local\Temp\cc8euPNv.debug.temp.o
 .debug_line    0x0001a271      0x3bc C:\Users\uersu\AppData\Local\Temp\cc1lPCMM.debug.temp.o
 .debug_line    0x0001a62d      0x2fa C:\Users\uersu\AppData\Local\Temp\ccokUdm7.debug.temp.o
 .debug_line    0x0001a927      0x360 C:\Users\uersu\AppData\Local\Temp\cc5eGY3r.debug.temp.o
 .debug_line    0x0001ac87      0x34c C:\Users\uersu\AppData\Local\Temp\cccptxZM.debug.temp.o
 .debug_line    0x0001afd3      0x3c5 C:\Users\uersu\AppData\Local\Temp\cctoMk47.debug.temp.o
 .debug_line    0x0001b398      0x414 C:\Users\uersu\AppData\Local\Temp\ccA4JC6r.debug.temp.o
 .debug_line    0x0001b7ac      0x357 C:\Users\uersu\AppData\Local\Temp\ccXcgLdM.debug.temp.o
 .debug_line    0x0001bb03      0x2d3 C:\Users\uersu\AppData\Local\Temp\ccKsBBx6.debug.temp.o
 .debug_line    0x0001bdd6      0x1a9 C:\Users\uersu\AppData\Local\Temp\cc9djK0q.debug.temp.o
 .debug_line    0x0001bf7f       0xbf C:\Users\uersu\AppData\Local\Temp\ccMO9vpL.debug.temp.o
 .debug_line    0x0001c03e      0x385 C:\Users\uersu\AppData\Local\Temp\cch9VML4.debug.temp.o
 .debug_line    0x0001c3c3      0x176 C:\Users\uersu\AppData\Local\Temp\cckvY5uo.debug.temp.o
 .debug_line    0x0001c539      0x248 C:\Users\uersu\AppData\Local\Temp\cc3QtX9H.debug.temp.o
 .debug_line    0x0001c781      0x34b C:\Users\uersu\AppData\Local\Temp\ccypx3Z0.debug.temp.o
 .debug_line    0x0001cacc      0x229 C:\Users\uersu\AppData\Local\Temp\cc3xJmZj.debug.temp.o
 .debug_line    0x0001ccf5      0x12b obj/gcc8_a_support.o

.debug_frame    0x00000000     0xbdec
 *(.debug_frame)
 .debug_frame   0x00000000     0xbd20 C:\Users\uersu\AppData\Local\Temp\ccvrJdNh.ltrans0.ltrans.o
 .debug_frame   0x0000bd20       0xcc obj/gcc8_a_support.o

.debug_str      0x00000000     0x1131
 *(.debug_str)
 .debug_str     0x00000000        0x0 C:\Users\uersu\AppData\Local\Temp\ccvrJdNh.ltrans0.ltrans.o
 .debug_str     0x00000000       0xdb C:\Users\uersu\AppData\Local\Temp\ccFbW9PH.debug.temp.o
 .debug_str     0x000000db       0x18 C:\Users\uersu\AppData\Local\Temp\cc6b00za.debug.temp.o
 .debug_str     0x000000f3       0x8d C:\Users\uersu\AppData\Local\Temp\ccWdvXhK.debug.temp.o
 .debug_str     0x00000180       0x29 C:\Users\uersu\AppData\Local\Temp\ccZ9bSa2.debug.temp.o
 .debug_str     0x000001a9      0x1af C:\Users\uersu\AppData\Local\Temp\ccg1W1ck.debug.temp.o
 .debug_str     0x00000358       0x37 C:\Users\uersu\AppData\Local\Temp\cc9nWhiB.debug.temp.o
 .debug_str     0x0000038f      0x111 C:\Users\uersu\AppData\Local\Temp\ccqNaIvS.debug.temp.o
 .debug_str     0x000004a0       0xbf C:\Users\uersu\AppData\Local\Temp\ccjILqS9.debug.temp.o
 .debug_str     0x0000055f      0x10e C:\Users\uersu\AppData\Local\Temp\ccO8Iror.debug.temp.o
 .debug_str     0x0000066d      0x11b C:\Users\uersu\AppData\Local\Temp\cczelP2e.debug.temp.o
 .debug_str     0x00000788      0x173 C:\Users\uersu\AppData\Local\Temp\cc1lPCMM.debug.temp.o
 .debug_str     0x000008fb       0x33 C:\Users\uersu\AppData\Local\Temp\cc5eGY3r.debug.temp.o
 .debug_str     0x0000092e       0x83 C:\Users\uersu\AppData\Local\Temp\cccptxZM.debug.temp.o
 .debug_str     0x000009b1      0x1a6 C:\Users\uersu\AppData\Local\Temp\cctoMk47.debug.temp.o
 .debug_str     0x00000b57      0x14a C:\Users\uersu\AppData\Local\Temp\ccA4JC6r.debug.temp.o
 .debug_str     0x00000ca1       0x63 C:\Users\uersu\AppData\Local\Temp\ccXcgLdM.debug.temp.o
 .debug_str     0x00000d04       0xb0 C:\Users\uersu\AppData\Local\Temp\cch9VML4.debug.temp.o
 .debug_str     0x00000db4       0x8f C:\Users\uersu\AppData\Local\Temp\cc3QtX9H.debug.temp.o
 .debug_str     0x00000e43       0x92 C:\Users\uersu\AppData\Local\Temp\ccypx3Z0.debug.temp.o
 .debug_str     0x00000ed5      0x1a1 C:\Users\uersu\AppData\Local\Temp\cc3xJmZj.debug.temp.o
 .debug_str     0x00001076       0xbb obj/gcc8_a_support.o

.debug_loc
 *(.debug_loc)

.debug_macinfo
 *(.debug_macinfo)

.debug_weaknames
 *(.debug_weaknames)

.debug_funcnames
 *(.debug_funcnames)

.debug_typenames
 *(.debug_typenames)

.debug_varnames
 *(.debug_varnames)

.debug_pubtypes
 *(.debug_pubtypes)

.debug_ranges   0x00000000       0x48
 *(.debug_ranges)
 .debug_ranges  0x00000000       0x48 obj/gcc8_a_support.o

.debug_addr
 *(.debug_addr)

.debug_line_str
 *(.debug_line_str)

.debug_loclists
                0x00000000       0xfc
 *(.debug_loclists)
 .debug_loclists
                0x00000000       0xfc C:\Users\uersu\AppData\Local\Temp\ccvrJdNh.ltrans0.ltrans.o

.debug_macro
 *(.debug_macro)

.debug_names
 *(.debug_names)

.debug_rnglists
                0x00000000     0x10d1
 *(.debug_rnglists)
 .debug_rnglists
                0x00000000     0x10d1 C:\Users\uersu\AppData\Local\Temp\ccvrJdNh.ltrans0.ltrans.o

.debug_str_offsets
 *(.debug_str_offsets)

.debug_sup
 *(.debug_sup)

.gnu.attributes
 *(.gnu.attributes)

/DISCARD/
 *(.note.GNU-stack)
 *(.gnu_debuglink)
 *(.gnu.lto_*)
OUTPUT(out/a.elf elf32-m68k)
